Archive member included because of file (symbol)

c:/apps/freescale/kds_3.0.0/toolchain/bin/../lib/gcc/arm-none-eabi/4.8.4/../../../../arm-none-eabi/lib/armv6-m\libg_s.a(lib_a-exit.o)
                              c:/apps/freescale/kds_3.0.0/toolchain/bin/../lib/gcc/arm-none-eabi/4.8.4/../../../../arm-none-eabi/lib/armv6-m/crt0.o (exit)
c:/apps/freescale/kds_3.0.0/toolchain/bin/../lib/gcc/arm-none-eabi/4.8.4/../../../../arm-none-eabi/lib/armv6-m\libg_s.a(lib_a-impure.o)
                              c:/apps/freescale/kds_3.0.0/toolchain/bin/../lib/gcc/arm-none-eabi/4.8.4/../../../../arm-none-eabi/lib/armv6-m\libg_s.a(lib_a-exit.o) (_global_impure_ptr)
c:/apps/freescale/kds_3.0.0/toolchain/bin/../lib/gcc/arm-none-eabi/4.8.4/../../../../arm-none-eabi/lib/armv6-m\libg_s.a(lib_a-init.o)
                              c:/apps/freescale/kds_3.0.0/toolchain/bin/../lib/gcc/arm-none-eabi/4.8.4/../../../../arm-none-eabi/lib/armv6-m/crt0.o (__libc_init_array)
c:/apps/freescale/kds_3.0.0/toolchain/bin/../lib/gcc/arm-none-eabi/4.8.4/../../../../arm-none-eabi/lib/armv6-m\libg_s.a(lib_a-memset.o)
                              c:/apps/freescale/kds_3.0.0/toolchain/bin/../lib/gcc/arm-none-eabi/4.8.4/../../../../arm-none-eabi/lib/armv6-m/crt0.o (memset)
c:/apps/freescale/kds_3.0.0/toolchain/bin/../lib/gcc/arm-none-eabi/4.8.4/../../../../arm-none-eabi/lib/armv6-m\libg_s.a(lib_a-reent.o)
                              ./Startup_Code/newlib_stubs.o (errno)
c:/apps/freescale/kds_3.0.0/toolchain/bin/../lib/gcc/arm-none-eabi/4.8.4/../../../../arm-none-eabi/lib/armv6-m\libg_s.a(lib_a-nano-freer.o)
                              c:/apps/freescale/kds_3.0.0/toolchain/bin/../lib/gcc/arm-none-eabi/4.8.4/../../../../arm-none-eabi/lib/armv6-m\libg_s.a(lib_a-reent.o) (_free_r)
c:/apps/freescale/kds_3.0.0/toolchain/bin/../lib/gcc/arm-none-eabi/4.8.4/../../../../arm-none-eabi/lib/armv6-m\libg_s.a(lib_a-nano-mallocr.o)
                              c:/apps/freescale/kds_3.0.0/toolchain/bin/../lib/gcc/arm-none-eabi/4.8.4/../../../../arm-none-eabi/lib/armv6-m\libg_s.a(lib_a-nano-freer.o) (__malloc_free_list)
c:/apps/freescale/kds_3.0.0/toolchain/bin/../lib/gcc/arm-none-eabi/4.8.4/../../../../arm-none-eabi/lib/armv6-m\libg_s.a(lib_a-sbrkr.o)
                              c:/apps/freescale/kds_3.0.0/toolchain/bin/../lib/gcc/arm-none-eabi/4.8.4/../../../../arm-none-eabi/lib/armv6-m\libg_s.a(lib_a-nano-mallocr.o) (_sbrk_r)

Allocating common symbols
Common symbol       size              file

errno               0x4               c:/apps/freescale/kds_3.0.0/toolchain/bin/../lib/gcc/arm-none-eabi/4.8.4/../../../../arm-none-eabi/lib/armv6-m\libg_s.a(lib_a-reent.o)

Discarded input sections

 .text          0x00000000        0x0 c:/apps/freescale/kds_3.0.0/toolchain/bin/../lib/gcc/arm-none-eabi/4.8.4/armv6-m/crti.o
 .data          0x00000000        0x0 c:/apps/freescale/kds_3.0.0/toolchain/bin/../lib/gcc/arm-none-eabi/4.8.4/armv6-m/crti.o
 .bss           0x00000000        0x0 c:/apps/freescale/kds_3.0.0/toolchain/bin/../lib/gcc/arm-none-eabi/4.8.4/armv6-m/crti.o
 .data          0x00000000        0x4 c:/apps/freescale/kds_3.0.0/toolchain/bin/../lib/gcc/arm-none-eabi/4.8.4/armv6-m/crtbegin.o
 .data          0x00000000        0x0 c:/apps/freescale/kds_3.0.0/toolchain/bin/../lib/gcc/arm-none-eabi/4.8.4/../../../../arm-none-eabi/lib/armv6-m/crt0.o
 .bss           0x00000000        0x0 c:/apps/freescale/kds_3.0.0/toolchain/bin/../lib/gcc/arm-none-eabi/4.8.4/../../../../arm-none-eabi/lib/armv6-m/crt0.o
 .ARM.extab     0x00000000        0x0 c:/apps/freescale/kds_3.0.0/toolchain/bin/../lib/gcc/arm-none-eabi/4.8.4/../../../../arm-none-eabi/lib/armv6-m/crt0.o
 .group         0x00000000        0x8 ./Startup_Code/newlib_stubs.o
 .group         0x00000000        0x8 ./Startup_Code/newlib_stubs.o
 .group         0x00000000        0x8 ./Startup_Code/newlib_stubs.o
 .group         0x00000000        0x8 ./Startup_Code/newlib_stubs.o
 .group         0x00000000        0x8 ./Startup_Code/newlib_stubs.o
 .group         0x00000000        0x8 ./Startup_Code/newlib_stubs.o
 .group         0x00000000        0x8 ./Startup_Code/newlib_stubs.o
 .group         0x00000000        0x8 ./Startup_Code/newlib_stubs.o
 .group         0x00000000        0x8 ./Startup_Code/newlib_stubs.o
 .group         0x00000000        0x8 ./Startup_Code/newlib_stubs.o
 .group         0x00000000        0x8 ./Startup_Code/newlib_stubs.o
 .group         0x00000000        0x8 ./Startup_Code/newlib_stubs.o
 .group         0x00000000        0x8 ./Startup_Code/newlib_stubs.o
 .group         0x00000000        0x8 ./Startup_Code/newlib_stubs.o
 .group         0x00000000        0x8 ./Startup_Code/newlib_stubs.o
 .group         0x00000000        0x8 ./Startup_Code/newlib_stubs.o
 .group         0x00000000        0x8 ./Startup_Code/newlib_stubs.o
 .group         0x00000000        0x8 ./Startup_Code/newlib_stubs.o
 .group         0x00000000        0x8 ./Startup_Code/newlib_stubs.o
 .group         0x00000000        0x8 ./Startup_Code/newlib_stubs.o
 .group         0x00000000        0x8 ./Startup_Code/newlib_stubs.o
 .group         0x00000000        0x8 ./Startup_Code/newlib_stubs.o
 .group         0x00000000        0x8 ./Startup_Code/newlib_stubs.o
 .group         0x00000000        0x8 ./Startup_Code/newlib_stubs.o
 .group         0x00000000        0x8 ./Startup_Code/newlib_stubs.o
 .group         0x00000000        0x8 ./Startup_Code/newlib_stubs.o
 .group         0x00000000        0x8 ./Startup_Code/newlib_stubs.o
 .group         0x00000000        0x8 ./Startup_Code/newlib_stubs.o
 .group         0x00000000        0x8 ./Startup_Code/newlib_stubs.o
 .group         0x00000000        0x8 ./Startup_Code/newlib_stubs.o
 .text          0x00000000        0x0 ./Startup_Code/newlib_stubs.o
 .data          0x00000000        0x0 ./Startup_Code/newlib_stubs.o
 .bss           0x00000000        0x0 ./Startup_Code/newlib_stubs.o
 .text.uart_txChar
                0x00000000       0x10 ./Startup_Code/newlib_stubs.o
 .text.uart_rxChar
                0x00000000        0xc ./Startup_Code/newlib_stubs.o
 .bss.__env     0x00000000        0x4 ./Startup_Code/newlib_stubs.o
 .data.environ  0x00000000        0x4 ./Startup_Code/newlib_stubs.o
 .text._close   0x00000000       0x14 ./Startup_Code/newlib_stubs.o
 .text._execve  0x00000000       0x24 ./Startup_Code/newlib_stubs.o
 .text._fork    0x00000000       0x18 ./Startup_Code/newlib_stubs.o
 .text._fstat   0x00000000       0x1c ./Startup_Code/newlib_stubs.o
 .text._getpid  0x00000000        0xc ./Startup_Code/newlib_stubs.o
 .text._isatty  0x00000000       0x28 ./Startup_Code/newlib_stubs.o
 .text._kill    0x00000000       0x20 ./Startup_Code/newlib_stubs.o
 .text._link    0x00000000       0x20 ./Startup_Code/newlib_stubs.o
 .text._lseek   0x00000000       0x18 ./Startup_Code/newlib_stubs.o
 .bss.heap_end  0x00000000        0x4 ./Startup_Code/newlib_stubs.o
 .text._sbrk    0x00000000       0x54 ./Startup_Code/newlib_stubs.o
 .text._read    0x00000000       0x58 ./Startup_Code/newlib_stubs.o
 .text._stat    0x00000000       0x1c ./Startup_Code/newlib_stubs.o
 .text._times   0x00000000       0x14 ./Startup_Code/newlib_stubs.o
 .text._unlink  0x00000000       0x20 ./Startup_Code/newlib_stubs.o
 .text._wait    0x00000000       0x20 ./Startup_Code/newlib_stubs.o
 .text._write   0x00000000       0x60 ./Startup_Code/newlib_stubs.o
 .text.os_tmr_call
                0x00000000       0x14 ./Startup_Code/newlib_stubs.o
 .data          0x00000000        0x0 ./Startup_Code/startup_ARMLtdGCC.o
 .bss           0x00000000        0x0 ./Startup_Code/startup_ARMLtdGCC.o
 .group         0x00000000        0x8 ./Startup_Code/system.o
 .group         0x00000000        0x8 ./Startup_Code/system.o
 .group         0x00000000        0x8 ./Startup_Code/system.o
 .group         0x00000000        0x8 ./Startup_Code/system.o
 .group         0x00000000        0x8 ./Startup_Code/system.o
 .group         0x00000000        0x8 ./Startup_Code/system.o
 .group         0x00000000        0x8 ./Startup_Code/system.o
 .group         0x00000000        0x8 ./Startup_Code/system.o
 .group         0x00000000        0x8 ./Startup_Code/system.o
 .text          0x00000000        0x0 ./Startup_Code/system.o
 .data          0x00000000        0x0 ./Startup_Code/system.o
 .bss           0x00000000        0x0 ./Startup_Code/system.o
 .text.SystemCoreClockUpdate
                0x00000000        0x8 ./Startup_Code/system.o
 .debug_macro   0x00000000      0x808 ./Startup_Code/system.o
 .debug_macro   0x00000000       0x16 ./Startup_Code/system.o
 .debug_macro   0x00000000       0x28 ./Startup_Code/system.o
 .debug_macro   0x00000000       0x3a ./Startup_Code/system.o
 .debug_macro   0x00000000       0x1f ./Startup_Code/system.o
 .debug_macro   0x00000000      0x242 ./Startup_Code/system.o
 .debug_macro   0x00000000     0x5133 ./Startup_Code/system.o
 .group         0x00000000        0x8 ./Startup_Code/vectors.o
 .group         0x00000000        0x8 ./Startup_Code/vectors.o
 .group         0x00000000        0x8 ./Startup_Code/vectors.o
 .group         0x00000000        0x8 ./Startup_Code/vectors.o
 .group         0x00000000        0x8 ./Startup_Code/vectors.o
 .group         0x00000000        0x8 ./Startup_Code/vectors.o
 .group         0x00000000        0x8 ./Startup_Code/vectors.o
 .group         0x00000000        0x8 ./Startup_Code/vectors.o
 .group         0x00000000        0x8 ./Startup_Code/vectors.o
 .group         0x00000000        0x8 ./Startup_Code/vectors.o
 .group         0x00000000        0x8 ./Startup_Code/vectors.o
 .group         0x00000000        0x8 ./Startup_Code/vectors.o
 .group         0x00000000        0x8 ./Startup_Code/vectors.o
 .group         0x00000000        0x8 ./Startup_Code/vectors.o
 .group         0x00000000        0x8 ./Startup_Code/vectors.o
 .group         0x00000000        0x8 ./Startup_Code/vectors.o
 .group         0x00000000        0x8 ./Startup_Code/vectors.o
 .group         0x00000000        0x8 ./Startup_Code/vectors.o
 .group         0x00000000        0x8 ./Startup_Code/vectors.o
 .group         0x00000000        0x8 ./Startup_Code/vectors.o
 .text          0x00000000        0x0 ./Startup_Code/vectors.o
 .data          0x00000000        0x0 ./Startup_Code/vectors.o
 .bss           0x00000000        0x0 ./Startup_Code/vectors.o
 .debug_macro   0x00000000      0x808 ./Startup_Code/vectors.o
 .debug_macro   0x00000000       0x16 ./Startup_Code/vectors.o
 .debug_macro   0x00000000       0x44 ./Startup_Code/vectors.o
 .debug_macro   0x00000000      0x209 ./Startup_Code/vectors.o
 .debug_macro   0x00000000       0x58 ./Startup_Code/vectors.o
 .debug_macro   0x00000000       0x35 ./Startup_Code/vectors.o
 .debug_macro   0x00000000       0xa3 ./Startup_Code/vectors.o
 .debug_macro   0x00000000      0x166 ./Startup_Code/vectors.o
 .debug_macro   0x00000000       0x52 ./Startup_Code/vectors.o
 .debug_macro   0x00000000       0x16 ./Startup_Code/vectors.o
 .debug_macro   0x00000000       0x43 ./Startup_Code/vectors.o
 .debug_macro   0x00000000      0x180 ./Startup_Code/vectors.o
 .debug_macro   0x00000000       0x35 ./Startup_Code/vectors.o
 .debug_macro   0x00000000       0x28 ./Startup_Code/vectors.o
 .debug_macro   0x00000000       0x3a ./Startup_Code/vectors.o
 .debug_macro   0x00000000       0x1f ./Startup_Code/vectors.o
 .debug_macro   0x00000000      0x242 ./Startup_Code/vectors.o
 .debug_macro   0x00000000     0x5133 ./Startup_Code/vectors.o
 .group         0x00000000        0x8 ./Sources/main.o
 .group         0x00000000        0x8 ./Sources/main.o
 .group         0x00000000        0x8 ./Sources/main.o
 .group         0x00000000        0x8 ./Sources/main.o
 .group         0x00000000        0x8 ./Sources/main.o
 .group         0x00000000        0x8 ./Sources/main.o
 .group         0x00000000        0x8 ./Sources/main.o
 .group         0x00000000        0x8 ./Sources/main.o
 .group         0x00000000        0x8 ./Sources/main.o
 .group         0x00000000        0x8 ./Sources/main.o
 .group         0x00000000        0x8 ./Sources/main.o
 .group         0x00000000        0x8 ./Sources/main.o
 .group         0x00000000        0x8 ./Sources/main.o
 .group         0x00000000        0x8 ./Sources/main.o
 .group         0x00000000        0x8 ./Sources/main.o
 .group         0x00000000        0x8 ./Sources/main.o
 .group         0x00000000        0x8 ./Sources/main.o
 .group         0x00000000        0x8 ./Sources/main.o
 .group         0x00000000        0x8 ./Sources/main.o
 .group         0x00000000        0x8 ./Sources/main.o
 .group         0x00000000        0x8 ./Sources/main.o
 .group         0x00000000        0x8 ./Sources/main.o
 .group         0x00000000        0x8 ./Sources/main.o
 .group         0x00000000        0x8 ./Sources/main.o
 .group         0x00000000        0x8 ./Sources/main.o
 .group         0x00000000        0x8 ./Sources/main.o
 .text          0x00000000        0x0 ./Sources/main.o
 .data          0x00000000        0x0 ./Sources/main.o
 .bss           0x00000000        0x0 ./Sources/main.o
 .debug_macro   0x00000000      0x808 ./Sources/main.o
 .debug_macro   0x00000000       0x58 ./Sources/main.o
 .debug_macro   0x00000000       0x16 ./Sources/main.o
 .debug_macro   0x00000000       0x35 ./Sources/main.o
 .debug_macro   0x00000000       0xa3 ./Sources/main.o
 .debug_macro   0x00000000       0x4a ./Sources/main.o
 .debug_macro   0x00000000       0x52 ./Sources/main.o
 .debug_macro   0x00000000       0x16 ./Sources/main.o
 .debug_macro   0x00000000       0x43 ./Sources/main.o
 .debug_macro   0x00000000      0x180 ./Sources/main.o
 .debug_macro   0x00000000       0x10 ./Sources/main.o
 .debug_macro   0x00000000       0x22 ./Sources/main.o
 .debug_macro   0x00000000       0xbd ./Sources/main.o
 .debug_macro   0x00000000      0x20f ./Sources/main.o
 .debug_macro   0x00000000       0x28 ./Sources/main.o
 .debug_macro   0x00000000       0x3a ./Sources/main.o
 .debug_macro   0x00000000       0x1f ./Sources/main.o
 .debug_macro   0x00000000      0x242 ./Sources/main.o
 .debug_macro   0x00000000     0x5133 ./Sources/main.o
 .text          0x00000000        0x0 c:/apps/freescale/kds_3.0.0/toolchain/bin/../lib/gcc/arm-none-eabi/4.8.4/../../../../arm-none-eabi/lib/armv6-m\libg_s.a(lib_a-exit.o)
 .data          0x00000000        0x0 c:/apps/freescale/kds_3.0.0/toolchain/bin/../lib/gcc/arm-none-eabi/4.8.4/../../../../arm-none-eabi/lib/armv6-m\libg_s.a(lib_a-exit.o)
 .bss           0x00000000        0x0 c:/apps/freescale/kds_3.0.0/toolchain/bin/../lib/gcc/arm-none-eabi/4.8.4/../../../../arm-none-eabi/lib/armv6-m\libg_s.a(lib_a-exit.o)
 .text          0x00000000        0x0 c:/apps/freescale/kds_3.0.0/toolchain/bin/../lib/gcc/arm-none-eabi/4.8.4/../../../../arm-none-eabi/lib/armv6-m\libg_s.a(lib_a-impure.o)
 .data          0x00000000        0x0 c:/apps/freescale/kds_3.0.0/toolchain/bin/../lib/gcc/arm-none-eabi/4.8.4/../../../../arm-none-eabi/lib/armv6-m\libg_s.a(lib_a-impure.o)
 .bss           0x00000000        0x0 c:/apps/freescale/kds_3.0.0/toolchain/bin/../lib/gcc/arm-none-eabi/4.8.4/../../../../arm-none-eabi/lib/armv6-m\libg_s.a(lib_a-impure.o)
 .data._impure_ptr
                0x00000000        0x4 c:/apps/freescale/kds_3.0.0/toolchain/bin/../lib/gcc/arm-none-eabi/4.8.4/../../../../arm-none-eabi/lib/armv6-m\libg_s.a(lib_a-impure.o)
 .text          0x00000000        0x0 c:/apps/freescale/kds_3.0.0/toolchain/bin/../lib/gcc/arm-none-eabi/4.8.4/../../../../arm-none-eabi/lib/armv6-m\libg_s.a(lib_a-init.o)
 .data          0x00000000        0x0 c:/apps/freescale/kds_3.0.0/toolchain/bin/../lib/gcc/arm-none-eabi/4.8.4/../../../../arm-none-eabi/lib/armv6-m\libg_s.a(lib_a-init.o)
 .bss           0x00000000        0x0 c:/apps/freescale/kds_3.0.0/toolchain/bin/../lib/gcc/arm-none-eabi/4.8.4/../../../../arm-none-eabi/lib/armv6-m\libg_s.a(lib_a-init.o)
 .text          0x00000000        0x0 c:/apps/freescale/kds_3.0.0/toolchain/bin/../lib/gcc/arm-none-eabi/4.8.4/../../../../arm-none-eabi/lib/armv6-m\libg_s.a(lib_a-memset.o)
 .data          0x00000000        0x0 c:/apps/freescale/kds_3.0.0/toolchain/bin/../lib/gcc/arm-none-eabi/4.8.4/../../../../arm-none-eabi/lib/armv6-m\libg_s.a(lib_a-memset.o)
 .bss           0x00000000        0x0 c:/apps/freescale/kds_3.0.0/toolchain/bin/../lib/gcc/arm-none-eabi/4.8.4/../../../../arm-none-eabi/lib/armv6-m\libg_s.a(lib_a-memset.o)
 .text          0x00000000        0x0 c:/apps/freescale/kds_3.0.0/toolchain/bin/../lib/gcc/arm-none-eabi/4.8.4/../../../../arm-none-eabi/lib/armv6-m\libg_s.a(lib_a-reent.o)
 .data          0x00000000        0x0 c:/apps/freescale/kds_3.0.0/toolchain/bin/../lib/gcc/arm-none-eabi/4.8.4/../../../../arm-none-eabi/lib/armv6-m\libg_s.a(lib_a-reent.o)
 .bss           0x00000000        0x0 c:/apps/freescale/kds_3.0.0/toolchain/bin/../lib/gcc/arm-none-eabi/4.8.4/../../../../arm-none-eabi/lib/armv6-m\libg_s.a(lib_a-reent.o)
 .text.cleanup_glue
                0x00000000       0x1a c:/apps/freescale/kds_3.0.0/toolchain/bin/../lib/gcc/arm-none-eabi/4.8.4/../../../../arm-none-eabi/lib/armv6-m\libg_s.a(lib_a-reent.o)
 .text._reclaim_reent
                0x00000000       0xcc c:/apps/freescale/kds_3.0.0/toolchain/bin/../lib/gcc/arm-none-eabi/4.8.4/../../../../arm-none-eabi/lib/armv6-m\libg_s.a(lib_a-reent.o)
 .ARM.attributes
                0x00000000       0x2c c:/apps/freescale/kds_3.0.0/toolchain/bin/../lib/gcc/arm-none-eabi/4.8.4/../../../../arm-none-eabi/lib/armv6-m\libg_s.a(lib_a-reent.o)
 .debug_frame   0x00000000       0x48 c:/apps/freescale/kds_3.0.0/toolchain/bin/../lib/gcc/arm-none-eabi/4.8.4/../../../../arm-none-eabi/lib/armv6-m\libg_s.a(lib_a-reent.o)
 COMMON         0x00000000        0x4 c:/apps/freescale/kds_3.0.0/toolchain/bin/../lib/gcc/arm-none-eabi/4.8.4/../../../../arm-none-eabi/lib/armv6-m\libg_s.a(lib_a-reent.o)
 .text          0x00000000        0x0 c:/apps/freescale/kds_3.0.0/toolchain/bin/../lib/gcc/arm-none-eabi/4.8.4/../../../../arm-none-eabi/lib/armv6-m\libg_s.a(lib_a-nano-freer.o)
 .data          0x00000000        0x0 c:/apps/freescale/kds_3.0.0/toolchain/bin/../lib/gcc/arm-none-eabi/4.8.4/../../../../arm-none-eabi/lib/armv6-m\libg_s.a(lib_a-nano-freer.o)
 .bss           0x00000000        0x0 c:/apps/freescale/kds_3.0.0/toolchain/bin/../lib/gcc/arm-none-eabi/4.8.4/../../../../arm-none-eabi/lib/armv6-m\libg_s.a(lib_a-nano-freer.o)
 .text._free_r  0x00000000       0x90 c:/apps/freescale/kds_3.0.0/toolchain/bin/../lib/gcc/arm-none-eabi/4.8.4/../../../../arm-none-eabi/lib/armv6-m\libg_s.a(lib_a-nano-freer.o)
 .ARM.attributes
                0x00000000       0x2c c:/apps/freescale/kds_3.0.0/toolchain/bin/../lib/gcc/arm-none-eabi/4.8.4/../../../../arm-none-eabi/lib/armv6-m\libg_s.a(lib_a-nano-freer.o)
 .debug_frame   0x00000000       0x2c c:/apps/freescale/kds_3.0.0/toolchain/bin/../lib/gcc/arm-none-eabi/4.8.4/../../../../arm-none-eabi/lib/armv6-m\libg_s.a(lib_a-nano-freer.o)
 .text          0x00000000        0x0 c:/apps/freescale/kds_3.0.0/toolchain/bin/../lib/gcc/arm-none-eabi/4.8.4/../../../../arm-none-eabi/lib/armv6-m\libg_s.a(lib_a-nano-mallocr.o)
 .data          0x00000000        0x0 c:/apps/freescale/kds_3.0.0/toolchain/bin/../lib/gcc/arm-none-eabi/4.8.4/../../../../arm-none-eabi/lib/armv6-m\libg_s.a(lib_a-nano-mallocr.o)
 .bss           0x00000000        0x0 c:/apps/freescale/kds_3.0.0/toolchain/bin/../lib/gcc/arm-none-eabi/4.8.4/../../../../arm-none-eabi/lib/armv6-m\libg_s.a(lib_a-nano-mallocr.o)
 .text._malloc_r
                0x00000000       0xa8 c:/apps/freescale/kds_3.0.0/toolchain/bin/../lib/gcc/arm-none-eabi/4.8.4/../../../../arm-none-eabi/lib/armv6-m\libg_s.a(lib_a-nano-mallocr.o)
 .bss.__malloc_sbrk_start
                0x00000000        0x4 c:/apps/freescale/kds_3.0.0/toolchain/bin/../lib/gcc/arm-none-eabi/4.8.4/../../../../arm-none-eabi/lib/armv6-m\libg_s.a(lib_a-nano-mallocr.o)
 .bss.__malloc_free_list
                0x00000000        0x4 c:/apps/freescale/kds_3.0.0/toolchain/bin/../lib/gcc/arm-none-eabi/4.8.4/../../../../arm-none-eabi/lib/armv6-m\libg_s.a(lib_a-nano-mallocr.o)
 .ARM.attributes
                0x00000000       0x2c c:/apps/freescale/kds_3.0.0/toolchain/bin/../lib/gcc/arm-none-eabi/4.8.4/../../../../arm-none-eabi/lib/armv6-m\libg_s.a(lib_a-nano-mallocr.o)
 .debug_frame   0x00000000       0x2c c:/apps/freescale/kds_3.0.0/toolchain/bin/../lib/gcc/arm-none-eabi/4.8.4/../../../../arm-none-eabi/lib/armv6-m\libg_s.a(lib_a-nano-mallocr.o)
 .text          0x00000000        0x0 c:/apps/freescale/kds_3.0.0/toolchain/bin/../lib/gcc/arm-none-eabi/4.8.4/../../../../arm-none-eabi/lib/armv6-m\libg_s.a(lib_a-sbrkr.o)
 .data          0x00000000        0x0 c:/apps/freescale/kds_3.0.0/toolchain/bin/../lib/gcc/arm-none-eabi/4.8.4/../../../../arm-none-eabi/lib/armv6-m\libg_s.a(lib_a-sbrkr.o)
 .bss           0x00000000        0x0 c:/apps/freescale/kds_3.0.0/toolchain/bin/../lib/gcc/arm-none-eabi/4.8.4/../../../../arm-none-eabi/lib/armv6-m\libg_s.a(lib_a-sbrkr.o)
 .text._sbrk_r  0x00000000       0x24 c:/apps/freescale/kds_3.0.0/toolchain/bin/../lib/gcc/arm-none-eabi/4.8.4/../../../../arm-none-eabi/lib/armv6-m\libg_s.a(lib_a-sbrkr.o)
 .ARM.attributes
                0x00000000       0x2c c:/apps/freescale/kds_3.0.0/toolchain/bin/../lib/gcc/arm-none-eabi/4.8.4/../../../../arm-none-eabi/lib/armv6-m\libg_s.a(lib_a-sbrkr.o)
 .debug_frame   0x00000000       0x2c c:/apps/freescale/kds_3.0.0/toolchain/bin/../lib/gcc/arm-none-eabi/4.8.4/../../../../arm-none-eabi/lib/armv6-m\libg_s.a(lib_a-sbrkr.o)
 .text          0x00000000        0x0 c:/apps/freescale/kds_3.0.0/toolchain/bin/../lib/gcc/arm-none-eabi/4.8.4/armv6-m/crtend.o
 .data          0x00000000        0x0 c:/apps/freescale/kds_3.0.0/toolchain/bin/../lib/gcc/arm-none-eabi/4.8.4/armv6-m/crtend.o
 .bss           0x00000000        0x0 c:/apps/freescale/kds_3.0.0/toolchain/bin/../lib/gcc/arm-none-eabi/4.8.4/armv6-m/crtend.o
 .text          0x00000000        0x0 c:/apps/freescale/kds_3.0.0/toolchain/bin/../lib/gcc/arm-none-eabi/4.8.4/armv6-m/crtn.o
 .data          0x00000000        0x0 c:/apps/freescale/kds_3.0.0/toolchain/bin/../lib/gcc/arm-none-eabi/4.8.4/armv6-m/crtn.o
 .bss           0x00000000        0x0 c:/apps/freescale/kds_3.0.0/toolchain/bin/../lib/gcc/arm-none-eabi/4.8.4/armv6-m/crtn.o

Memory Configuration

Name             Origin             Length             Attributes
ram              0x1ffff000         0x00004000         xrw
rom              0x00000000         0x00020000         xr
io               0x40000000         0x00080000         xrw
io_1             0x400ff000         0x00001000         xrw
io_2             0x44000000         0x1c000000         xrw
io_3             0xe0000000         0x00100000         xrw
io_4             0xf0000000         0x00001000         xrw
io_5             0xf0001000         0x00001000         xrw
io_6             0xf0002000         0x00001000         xrw
io_7             0xf0003000         0x00001000         xrw
io_8             0xf8000000         0x08000000         xrw
*default*        0x00000000         0xffffffff

Linker script and memory map

LOAD c:/apps/freescale/kds_3.0.0/toolchain/bin/../lib/gcc/arm-none-eabi/4.8.4/armv6-m/crti.o
LOAD c:/apps/freescale/kds_3.0.0/toolchain/bin/../lib/gcc/arm-none-eabi/4.8.4/armv6-m/crtbegin.o
LOAD c:/apps/freescale/kds_3.0.0/toolchain/bin/../lib/gcc/arm-none-eabi/4.8.4/../../../../arm-none-eabi/lib/armv6-m/crt0.o
LOAD ./Startup_Code/newlib_stubs.o
LOAD ./Startup_Code/startup_ARMLtdGCC.o
LOAD ./Startup_Code/system.o
LOAD ./Startup_Code/vectors.o
LOAD ./Sources/main.o
START GROUP
LOAD c:/apps/freescale/kds_3.0.0/toolchain/bin/../lib/gcc/arm-none-eabi/4.8.4/armv6-m\libgcc.a
LOAD c:/apps/freescale/kds_3.0.0/toolchain/bin/../lib/gcc/arm-none-eabi/4.8.4/../../../../arm-none-eabi/lib/armv6-m\libg_s.a
LOAD c:/apps/freescale/kds_3.0.0/toolchain/bin/../lib/gcc/arm-none-eabi/4.8.4/../../../../arm-none-eabi/lib/armv6-m\libc_s.a
END GROUP
START GROUP
LOAD c:/apps/freescale/kds_3.0.0/toolchain/bin/../lib/gcc/arm-none-eabi/4.8.4/armv6-m\libgcc.a
LOAD c:/apps/freescale/kds_3.0.0/toolchain/bin/../lib/gcc/arm-none-eabi/4.8.4/../../../../arm-none-eabi/lib/armv6-m\libc_s.a
END GROUP
LOAD c:/apps/freescale/kds_3.0.0/toolchain/bin/../lib/gcc/arm-none-eabi/4.8.4/armv6-m/crtend.o
LOAD c:/apps/freescale/kds_3.0.0/toolchain/bin/../lib/gcc/arm-none-eabi/4.8.4/armv6-m/crtn.o
                0x00001000                __stack_size = 0x1000
                0x00000008                __gdbstack_fix = 0x8
                0x00001000                __heap_size = 0x1000
                0x000004f4                PROVIDE (__HardReset, Reset_Handler)
                0x00000000                PROVIDE (__gdbstack_fix, 0x0)

.text           0x00000000      0x808
                0x00000000                __flash_start = .
 *(.interrupt_vectors)
 .interrupt_vectors
                0x00000000       0xc0 ./Startup_Code/vectors.o
                0x00000000                __vector_table
                0x00000001                ASSERT ((. != __flash_start), No interrupt vector)
                0x000003c0                . = (__flash_start + 0x3c0)
 *fill*         0x000000c0      0x300 
 *(.bootloader_configuration)
                0x00000400                . = (__flash_start + 0x400)
 *fill*         0x000003c0       0x40 
 *(.security_information)
 .security_information
                0x00000400       0x10 ./Startup_Code/vectors.o
                0x00000400                securityInfo
                0x00000001                ASSERT ((. == (__flash_start + 0x410)), No security information)
 *(.text*)
 .text          0x00000410       0x60 c:/apps/freescale/kds_3.0.0/toolchain/bin/../lib/gcc/arm-none-eabi/4.8.4/armv6-m/crtbegin.o
 .text          0x00000470       0x78 c:/apps/freescale/kds_3.0.0/toolchain/bin/../lib/gcc/arm-none-eabi/4.8.4/../../../../arm-none-eabi/lib/armv6-m/crt0.o
                0x00000470                _start
                0x00000470                _mainCRTStartup
 .text._exit    0x000004e8        0xc ./Startup_Code/newlib_stubs.o
                0x000004e8                _exit
 .text          0x000004f4       0x48 ./Startup_Code/startup_ARMLtdGCC.o
                0x000004f4                Reset_Handler
 .text.clock_initialise
                0x0000053c        0x8 ./Startup_Code/system.o
                0x0000053c                clock_initialise
 .text.uart_initialise
                0x00000544       0x10 ./Startup_Code/system.o
                0x00000544                uart_initialise
 .text.rtc_initialise
                0x00000554        0x8 ./Startup_Code/system.o
                0x00000554                rtc_initialise
 .text.software_init_hook
                0x0000055c        0x8 ./Startup_Code/system.o
                0x0000055c                software_init_hook
 .text.SystemInitLowLevel
                0x00000564       0x24 ./Startup_Code/system.o
                0x00000564                SystemInitLowLevel
 .text.SystemInit
                0x00000588       0x1c ./Startup_Code/system.o
                0x00000588                SystemInit
 .text.Default_Handler
                0x000005a4       0x18 ./Startup_Code/vectors.o
                0x000005a4                RTC_Alarm_IRQHandler
                0x000005a4                DebugMon_Handler
                0x000005a4                I2C0_IRQHandler
                0x000005a4                PendSV_Handler
                0x000005a4                NMI_Handler
                0x000005a4                I2C1_IRQHandler
                0x000005a4                UART1_IRQHandler
                0x000005a4                DMA2_IRQHandler
                0x000005a4                TPM0_IRQHandler
                0x000005a4                LLWU_IRQHandler
                0x000005a4                TSI0_IRQHandler
                0x000005a4                UART0_IRQHandler
                0x000005a4                ADC0_IRQHandler
                0x000005a4                UsageFault_Handler
                0x000005a4                SPI1_IRQHandler
                0x000005a4                PORTD_IRQHandler
                0x000005a4                TPM2_IRQHandler
                0x000005a4                RTC_Seconds_IRQHandler
                0x000005a4                MCG_IRQHandler
                0x000005a4                UART2_IRQHandler
                0x000005a4                Default_Handler
                0x000005a4                ACMP0_IRQHandler
                0x000005a4                MemManage_Handler
                0x000005a4                PIT_IRQHandler
                0x000005a4                SVC_Handler
                0x000005a4                USBOTG_IRQHandler
                0x000005a4                DMA3_IRQHandler
                0x000005a4                DMA0_IRQHandler
                0x000005a4                DAC0_IRQHandler
                0x000005a4                PMC_IRQHandler
                0x000005a4                TPM1_IRQHandler
                0x000005a4                SPI0_IRQHandler
                0x000005a4                PORTA_IRQHandler
                0x000005a4                FTFA_IRQHandler
                0x000005a4                LPTMR0_IRQHandler
                0x000005a4                BusFault_Handler
                0x000005a4                DMA1_IRQHandler
 .text.HardFault_Handler
                0x000005bc       0x1c ./Startup_Code/vectors.o
                0x000005bc                HardFault_Handler
 .text._HardFault_Handler
                0x000005d8        0x4 ./Startup_Code/vectors.o
                0x000005d8                _HardFault_Handler
 .text.NVIC_SetPriority
                0x000005dc       0xe0 ./Sources/main.o
 .text.SysTick_Config
                0x000006bc       0x48 ./Sources/main.o
 .text.delay    0x00000704       0x24 ./Sources/main.o
                0x00000704                delay
 .text.SysTick_Handler
                0x00000728        0xc ./Sources/main.o
                0x00000728                SysTick_Handler
 .text.main     0x00000734       0x1c ./Sources/main.o
                0x00000734                main
 .text.exit     0x00000750       0x2c c:/apps/freescale/kds_3.0.0/toolchain/bin/../lib/gcc/arm-none-eabi/4.8.4/../../../../arm-none-eabi/lib/armv6-m\libg_s.a(lib_a-exit.o)
                0x00000750                exit
 .text.__libc_init_array
                0x0000077c       0x4c c:/apps/freescale/kds_3.0.0/toolchain/bin/../lib/gcc/arm-none-eabi/4.8.4/../../../../arm-none-eabi/lib/armv6-m\libg_s.a(lib_a-init.o)
                0x0000077c                __libc_init_array
 .text.memset   0x000007c8       0x10 c:/apps/freescale/kds_3.0.0/toolchain/bin/../lib/gcc/arm-none-eabi/4.8.4/../../../../arm-none-eabi/lib/armv6-m\libg_s.a(lib_a-memset.o)
                0x000007c8                memset
 *(.init)
 .init          0x000007d8        0x4 c:/apps/freescale/kds_3.0.0/toolchain/bin/../lib/gcc/arm-none-eabi/4.8.4/armv6-m/crti.o
                0x000007d8                _init
 .init          0x000007dc        0x8 c:/apps/freescale/kds_3.0.0/toolchain/bin/../lib/gcc/arm-none-eabi/4.8.4/armv6-m/crtn.o
 *(.fini)
 .fini          0x000007e4        0x4 c:/apps/freescale/kds_3.0.0/toolchain/bin/../lib/gcc/arm-none-eabi/4.8.4/armv6-m/crti.o
                0x000007e4                _fini
 .fini          0x000007e8        0x8 c:/apps/freescale/kds_3.0.0/toolchain/bin/../lib/gcc/arm-none-eabi/4.8.4/armv6-m/crtn.o
 *crtbegin.o(.ctors)
 *crtbegin?.o(.ctors)
 *(EXCLUDE_FILE(*crtend.o *crtend?.o) .ctors)
 *(SORT(.ctors.*))
 *(.ctors)
 *crtbegin.o(.dtors)
 *crtbegin?.o(.dtors)
 *(EXCLUDE_FILE(*crtend.o *crtend?.o) .dtors)
 *(SORT(.dtors.*))
 *(.dtors)
                0x000007f0                . = ALIGN (0x4)
                0x000007f0                PROVIDE (__preinit_array_start, .)
 *(.preinit_array)
                0x000007f0                PROVIDE (__preinit_array_end, .)
                0x000007f0                . = ALIGN (0x4)
                0x000007f0                PROVIDE (__init_array_start, .)
 *(SORT(.init_array.*))
 *(.init_array)
 .init_array    0x000007f0        0x4 c:/apps/freescale/kds_3.0.0/toolchain/bin/../lib/gcc/arm-none-eabi/4.8.4/armv6-m/crtbegin.o
                0x000007f4                PROVIDE (__init_array_end, .)
                0x000007f4                . = ALIGN (0x4)
                0x000007f4                PROVIDE (__fini_array_start, .)
 *(SORT(.fini_array.*))
 *(.fini_array)
 .fini_array    0x000007f4        0x4 c:/apps/freescale/kds_3.0.0/toolchain/bin/../lib/gcc/arm-none-eabi/4.8.4/armv6-m/crtbegin.o
                0x000007f8                PROVIDE (__fini_array_end, .)
 *(.jcr*)
 .jcr           0x000007f8        0x0 c:/apps/freescale/kds_3.0.0/toolchain/bin/../lib/gcc/arm-none-eabi/4.8.4/armv6-m/crtbegin.o
 .jcr           0x000007f8        0x4 c:/apps/freescale/kds_3.0.0/toolchain/bin/../lib/gcc/arm-none-eabi/4.8.4/armv6-m/crtend.o
 *(.rodata*)
 .rodata.str1.1
                0x000007fc        0x2 c:/apps/freescale/kds_3.0.0/toolchain/bin/../lib/gcc/arm-none-eabi/4.8.4/../../../../arm-none-eabi/lib/armv6-m\libg_s.a(lib_a-impure.o)
 *fill*         0x000007fe        0x2 
 .rodata._global_impure_ptr
                0x00000800        0x4 c:/apps/freescale/kds_3.0.0/toolchain/bin/../lib/gcc/arm-none-eabi/4.8.4/../../../../arm-none-eabi/lib/armv6-m\libg_s.a(lib_a-impure.o)
                0x00000800                _global_impure_ptr
 *(.eh_frame*)
 .eh_frame      0x00000804        0x0 c:/apps/freescale/kds_3.0.0/toolchain/bin/../lib/gcc/arm-none-eabi/4.8.4/armv6-m/crtbegin.o
 .eh_frame      0x00000804        0x4 c:/apps/freescale/kds_3.0.0/toolchain/bin/../lib/gcc/arm-none-eabi/4.8.4/armv6-m/crtend.o

.glue_7         0x00000808        0x0
 .glue_7        0x00000000        0x0 linker stubs

.glue_7t        0x00000808        0x0
 .glue_7t       0x00000000        0x0 linker stubs

.vfp11_veneer   0x00000808        0x0
 .vfp11_veneer  0x00000000        0x0 linker stubs

.v4_bx          0x00000808        0x0
 .v4_bx         0x00000000        0x0 linker stubs

.iplt           0x00000808        0x0
 .iplt          0x00000000        0x0 c:/apps/freescale/kds_3.0.0/toolchain/bin/../lib/gcc/arm-none-eabi/4.8.4/armv6-m/crtbegin.o

.ARM.extab
 *(.ARM.extab* .gnu.linkonce.armextab.*)
                0x00000808                __exidx_start = .

.ARM.exidx      0x00000808        0x8
 *(.ARM.exidx* .gnu.linkonce.armexidx.*)
 .ARM.exidx     0x00000808        0x8 c:/apps/freescale/kds_3.0.0/toolchain/bin/../lib/gcc/arm-none-eabi/4.8.4/../../../../arm-none-eabi/lib/armv6-m/crt0.o
                0x00000810                __exidx_end = .
                0x00000810                __etext = .

.rel.dyn        0x00000810        0x0
 .rel.iplt      0x00000000        0x0 c:/apps/freescale/kds_3.0.0/toolchain/bin/../lib/gcc/arm-none-eabi/4.8.4/armv6-m/crtbegin.o

.data           0x1ffff000       0x60 load address 0x00000810
                0x1ffff000                __data_start__ = .
 *(vtable)
 *(.data*)
 .data.impure_data
                0x1ffff000       0x60 c:/apps/freescale/kds_3.0.0/toolchain/bin/../lib/gcc/arm-none-eabi/4.8.4/../../../../arm-none-eabi/lib/armv6-m\libg_s.a(lib_a-impure.o)
                0x1ffff060                . = ALIGN (0x4)
                0x1ffff060                __data_end__ = .

.igot.plt       0x1ffff060        0x0 load address 0x00000870
 .igot.plt      0x00000000        0x0 c:/apps/freescale/kds_3.0.0/toolchain/bin/../lib/gcc/arm-none-eabi/4.8.4/armv6-m/crtbegin.o

.bss            0x1ffff060       0x1c load address 0x00000870
                0x1ffff060                . = ALIGN (0x4)
                0x1ffff060                __bss_start__ = .
 *(.bss*)
 .bss           0x1ffff060       0x1c c:/apps/freescale/kds_3.0.0/toolchain/bin/../lib/gcc/arm-none-eabi/4.8.4/armv6-m/crtbegin.o
 *(COMMON)
                0x1ffff07c                . = ALIGN (0x4)
                0x1ffff07c                __bss_end__ = .

.heap_dummy     0x1ffff07c     0x1000 load address 0x0000088c
                0x1ffff07c                . = ALIGN (0x4)
                0x1ffff07c                PROVIDE (end, .)
                0x1ffff07c                PROVIDE (__end__, .)
                0x1ffff07c                PROVIDE (_end, .)
                0x1ffff07c                __HeapBottom = .
                0x1ffff07c                __heap_addr = .
                0x2000007c                . = (. + __heap_size)
 *fill*         0x1ffff07c     0x1000 

.stack_dummy    0x2000007c     0x1000 load address 0x0000188c
                0x2000007c                . = ALIGN (0x4)
                0x2000107c                . = (. + __stack_size)
 *fill*         0x2000007c     0x1000 
                0x20002ff8                __StackTop = ((ORIGIN (ram) + 0x4000) - __gdbstack_fix)
                0x20002000                __HeapLimit = ((ORIGIN (ram) + 0x4000) - __stack_size)
                0x20002000                __StackLimit = ((ORIGIN (ram) + 0x4000) - __stack_size)
                0x20002ff8                PROVIDE (__stack, __StackTop)
                0x20002ff8                PROVIDE (__cs3_stack, __StackTop)
OUTPUT(BootloopMKL.elf elf32-littlearm)

.ARM.attributes
                0x00000000       0x28
 .ARM.attributes
                0x00000000       0x1e c:/apps/freescale/kds_3.0.0/toolchain/bin/../lib/gcc/arm-none-eabi/4.8.4/armv6-m/crti.o
 .ARM.attributes
                0x0000001e       0x2c c:/apps/freescale/kds_3.0.0/toolchain/bin/../lib/gcc/arm-none-eabi/4.8.4/armv6-m/crtbegin.o
 .ARM.attributes
                0x0000004a       0x1b c:/apps/freescale/kds_3.0.0/toolchain/bin/../lib/gcc/arm-none-eabi/4.8.4/../../../../arm-none-eabi/lib/armv6-m/crt0.o
 .ARM.attributes
                0x00000065       0x31 ./Startup_Code/newlib_stubs.o
 .ARM.attributes
                0x00000096       0x1b ./Startup_Code/startup_ARMLtdGCC.o
 .ARM.attributes
                0x000000b1       0x31 ./Startup_Code/system.o
 .ARM.attributes
                0x000000e2       0x31 ./Startup_Code/vectors.o
 .ARM.attributes
                0x00000113       0x31 ./Sources/main.o
 .ARM.attributes
                0x00000144       0x2c c:/apps/freescale/kds_3.0.0/toolchain/bin/../lib/gcc/arm-none-eabi/4.8.4/../../../../arm-none-eabi/lib/armv6-m\libg_s.a(lib_a-exit.o)
 .ARM.attributes
                0x00000170       0x2c c:/apps/freescale/kds_3.0.0/toolchain/bin/../lib/gcc/arm-none-eabi/4.8.4/../../../../arm-none-eabi/lib/armv6-m\libg_s.a(lib_a-impure.o)
 .ARM.attributes
                0x0000019c       0x2c c:/apps/freescale/kds_3.0.0/toolchain/bin/../lib/gcc/arm-none-eabi/4.8.4/../../../../arm-none-eabi/lib/armv6-m\libg_s.a(lib_a-init.o)
 .ARM.attributes
                0x000001c8       0x2c c:/apps/freescale/kds_3.0.0/toolchain/bin/../lib/gcc/arm-none-eabi/4.8.4/../../../../arm-none-eabi/lib/armv6-m\libg_s.a(lib_a-memset.o)
 .ARM.attributes
                0x000001f4       0x2c c:/apps/freescale/kds_3.0.0/toolchain/bin/../lib/gcc/arm-none-eabi/4.8.4/armv6-m/crtend.o
 .ARM.attributes
                0x00000220       0x1e c:/apps/freescale/kds_3.0.0/toolchain/bin/../lib/gcc/arm-none-eabi/4.8.4/armv6-m/crtn.o

.comment        0x00000000       0x70
 .comment       0x00000000       0x70 ./Startup_Code/newlib_stubs.o
                                 0x71 (size before relaxing)
 .comment       0x00000000       0x71 ./Startup_Code/system.o
 .comment       0x00000000       0x71 ./Startup_Code/vectors.o
 .comment       0x00000000       0x71 ./Sources/main.o

.debug_info     0x00000000     0x1153
 .debug_info    0x00000000      0x6bc ./Startup_Code/newlib_stubs.o
 .debug_info    0x000006bc       0x96 ./Startup_Code/startup_ARMLtdGCC.o
 .debug_info    0x00000752      0x333 ./Startup_Code/system.o
 .debug_info    0x00000a85      0x28d ./Startup_Code/vectors.o
 .debug_info    0x00000d12      0x441 ./Sources/main.o

.debug_abbrev   0x00000000      0x571
 .debug_abbrev  0x00000000      0x1a3 ./Startup_Code/newlib_stubs.o
 .debug_abbrev  0x000001a3       0x14 ./Startup_Code/startup_ARMLtdGCC.o
 .debug_abbrev  0x000001b7      0x120 ./Startup_Code/system.o
 .debug_abbrev  0x000002d7      0x11a ./Startup_Code/vectors.o
 .debug_abbrev  0x000003f1      0x180 ./Sources/main.o

.debug_aranges  0x00000000      0x198
 .debug_aranges
                0x00000000       0xb8 ./Startup_Code/newlib_stubs.o
 .debug_aranges
                0x000000b8       0x20 ./Startup_Code/startup_ARMLtdGCC.o
 .debug_aranges
                0x000000d8       0x50 ./Startup_Code/system.o
 .debug_aranges
                0x00000128       0x30 ./Startup_Code/vectors.o
 .debug_aranges
                0x00000158       0x40 ./Sources/main.o

.debug_ranges   0x00000000      0x138
 .debug_ranges  0x00000000       0xa8 ./Startup_Code/newlib_stubs.o
 .debug_ranges  0x000000a8       0x40 ./Startup_Code/system.o
 .debug_ranges  0x000000e8       0x20 ./Startup_Code/vectors.o
 .debug_ranges  0x00000108       0x30 ./Sources/main.o

.debug_macro    0x00000000     0x799d
 .debug_macro   0x00000000      0x177 ./Startup_Code/newlib_stubs.o
 .debug_macro   0x00000177      0x808 ./Startup_Code/newlib_stubs.o
 .debug_macro   0x0000097f       0x10 ./Startup_Code/newlib_stubs.o
 .debug_macro   0x0000098f       0x58 ./Startup_Code/newlib_stubs.o
 .debug_macro   0x000009e7       0x16 ./Startup_Code/newlib_stubs.o
 .debug_macro   0x000009fd       0x35 ./Startup_Code/newlib_stubs.o
 .debug_macro   0x00000a32       0xa3 ./Startup_Code/newlib_stubs.o
 .debug_macro   0x00000ad5      0x166 ./Startup_Code/newlib_stubs.o
 .debug_macro   0x00000c3b       0x4a ./Startup_Code/newlib_stubs.o
 .debug_macro   0x00000c85       0x52 ./Startup_Code/newlib_stubs.o
 .debug_macro   0x00000cd7       0x16 ./Startup_Code/newlib_stubs.o
 .debug_macro   0x00000ced       0x43 ./Startup_Code/newlib_stubs.o
 .debug_macro   0x00000d30      0x180 ./Startup_Code/newlib_stubs.o
 .debug_macro   0x00000eb0      0x23b ./Startup_Code/newlib_stubs.o
 .debug_macro   0x000010eb      0x20f ./Startup_Code/newlib_stubs.o
 .debug_macro   0x000012fa       0x10 ./Startup_Code/newlib_stubs.o
 .debug_macro   0x0000130a       0x35 ./Startup_Code/newlib_stubs.o
 .debug_macro   0x0000133f       0x10 ./Startup_Code/newlib_stubs.o
 .debug_macro   0x0000134f       0x10 ./Startup_Code/newlib_stubs.o
 .debug_macro   0x0000135f       0x10 ./Startup_Code/newlib_stubs.o
 .debug_macro   0x0000136f       0x22 ./Startup_Code/newlib_stubs.o
 .debug_macro   0x00001391       0xbd ./Startup_Code/newlib_stubs.o
 .debug_macro   0x0000144e       0x2e ./Startup_Code/newlib_stubs.o
 .debug_macro   0x0000147c      0x120 ./Startup_Code/newlib_stubs.o
 .debug_macro   0x0000159c       0x16 ./Startup_Code/newlib_stubs.o
 .debug_macro   0x000015b2      0x48e ./Startup_Code/newlib_stubs.o
 .debug_macro   0x00001a40       0x28 ./Startup_Code/newlib_stubs.o
 .debug_macro   0x00001a68       0x3a ./Startup_Code/newlib_stubs.o
 .debug_macro   0x00001aa2       0x1f ./Startup_Code/newlib_stubs.o
 .debug_macro   0x00001ac1      0x242 ./Startup_Code/newlib_stubs.o
 .debug_macro   0x00001d03     0x5133 ./Startup_Code/newlib_stubs.o
 .debug_macro   0x00006e36       0x83 ./Startup_Code/system.o
 .debug_macro   0x00006eb9       0x44 ./Startup_Code/system.o
 .debug_macro   0x00006efd      0x209 ./Startup_Code/system.o
 .debug_macro   0x00007106      0x13d ./Startup_Code/vectors.o
 .debug_macro   0x00007243      0x2a6 ./Startup_Code/vectors.o
 .debug_macro   0x000074e9       0x10 ./Startup_Code/vectors.o
 .debug_macro   0x000074f9      0x146 ./Sources/main.o
 .debug_macro   0x0000763f       0x16 ./Sources/main.o
 .debug_macro   0x00007655       0x97 ./Sources/main.o
 .debug_macro   0x000076ec       0x10 ./Sources/main.o
 .debug_macro   0x000076fc       0xef ./Sources/main.o
 .debug_macro   0x000077eb       0x16 ./Sources/main.o
 .debug_macro   0x00007801      0x14a ./Sources/main.o
 .debug_macro   0x0000794b       0x52 ./Sources/main.o

.debug_line     0x00000000      0xe5f
 .debug_line    0x00000000      0x496 ./Startup_Code/newlib_stubs.o
 .debug_line    0x00000496       0x75 ./Startup_Code/startup_ARMLtdGCC.o
 .debug_line    0x0000050b      0x29d ./Startup_Code/system.o
 .debug_line    0x000007a8      0x350 ./Startup_Code/vectors.o
 .debug_line    0x00000af8      0x367 ./Sources/main.o

.debug_str      0x00000000    0x24f6f
 .debug_str     0x00000000    0x23293 ./Startup_Code/newlib_stubs.o
                              0x2348c (size before relaxing)
 .debug_str     0x00023293      0x1bf ./Startup_Code/system.o
                              0x20326 (size before relaxing)
 .debug_str     0x00023452     0x1093 ./Startup_Code/vectors.o
                              0x22807 (size before relaxing)
 .debug_str     0x000244e5      0xa8a ./Sources/main.o
                              0x225c4 (size before relaxing)

.debug_frame    0x00000000      0x4d0
 .debug_frame   0x00000000      0x284 ./Startup_Code/newlib_stubs.o
 .debug_frame   0x00000284       0xd8 ./Startup_Code/system.o
 .debug_frame   0x0000035c       0x50 ./Startup_Code/vectors.o
 .debug_frame   0x000003ac       0xb0 ./Sources/main.o
 .debug_frame   0x0000045c       0x28 c:/apps/freescale/kds_3.0.0/toolchain/bin/../lib/gcc/arm-none-eabi/4.8.4/../../../../arm-none-eabi/lib/armv6-m\libg_s.a(lib_a-exit.o)
 .debug_frame   0x00000484       0x2c c:/apps/freescale/kds_3.0.0/toolchain/bin/../lib/gcc/arm-none-eabi/4.8.4/../../../../arm-none-eabi/lib/armv6-m\libg_s.a(lib_a-init.o)
 .debug_frame   0x000004b0       0x20 c:/apps/freescale/kds_3.0.0/toolchain/bin/../lib/gcc/arm-none-eabi/4.8.4/../../../../arm-none-eabi/lib/armv6-m\libg_s.a(lib_a-memset.o)
