Archive member included because of file (symbol)

c:/apps/freescale/kds_3.0.0/toolchain/bin/../lib/gcc/arm-none-eabi/4.8.4/armv6-m\libgcc.a(_udivsi3.o)
                              ./Startup_Code/clock.o (__aeabi_uidiv)
c:/apps/freescale/kds_3.0.0/toolchain/bin/../lib/gcc/arm-none-eabi/4.8.4/armv6-m\libgcc.a(_dvmd_tls.o)
                              c:/apps/freescale/kds_3.0.0/toolchain/bin/../lib/gcc/arm-none-eabi/4.8.4/armv6-m\libgcc.a(_udivsi3.o) (__aeabi_idiv0)
c:/apps/freescale/kds_3.0.0/toolchain/bin/../lib/gcc/arm-none-eabi/4.8.4/../../../../arm-none-eabi/lib/armv6-m\libg_s.a(lib_a-exit.o)
                              c:/apps/freescale/kds_3.0.0/toolchain/bin/../lib/gcc/arm-none-eabi/4.8.4/../../../../arm-none-eabi/lib/armv6-m/crt0.o (exit)
c:/apps/freescale/kds_3.0.0/toolchain/bin/../lib/gcc/arm-none-eabi/4.8.4/../../../../arm-none-eabi/lib/armv6-m\libg_s.a(lib_a-impure.o)
                              c:/apps/freescale/kds_3.0.0/toolchain/bin/../lib/gcc/arm-none-eabi/4.8.4/../../../../arm-none-eabi/lib/armv6-m\libg_s.a(lib_a-exit.o) (_global_impure_ptr)
c:/apps/freescale/kds_3.0.0/toolchain/bin/../lib/gcc/arm-none-eabi/4.8.4/../../../../arm-none-eabi/lib/armv6-m\libg_s.a(lib_a-init.o)
                              c:/apps/freescale/kds_3.0.0/toolchain/bin/../lib/gcc/arm-none-eabi/4.8.4/../../../../arm-none-eabi/lib/armv6-m/crt0.o (__libc_init_array)
c:/apps/freescale/kds_3.0.0/toolchain/bin/../lib/gcc/arm-none-eabi/4.8.4/../../../../arm-none-eabi/lib/armv6-m\libg_s.a(lib_a-memset.o)
                              c:/apps/freescale/kds_3.0.0/toolchain/bin/../lib/gcc/arm-none-eabi/4.8.4/../../../../arm-none-eabi/lib/armv6-m/crt0.o (memset)
c:/apps/freescale/kds_3.0.0/toolchain/bin/../lib/gcc/arm-none-eabi/4.8.4/../../../../arm-none-eabi/lib/armv6-m\libg_s.a(lib_a-reent.o)
                              ./Startup_Code/newlib_stubs.o (errno)
c:/apps/freescale/kds_3.0.0/toolchain/bin/../lib/gcc/arm-none-eabi/4.8.4/../../../../arm-none-eabi/lib/armv6-m\libg_s.a(lib_a-nano-freer.o)
                              c:/apps/freescale/kds_3.0.0/toolchain/bin/../lib/gcc/arm-none-eabi/4.8.4/../../../../arm-none-eabi/lib/armv6-m\libg_s.a(lib_a-reent.o) (_free_r)
c:/apps/freescale/kds_3.0.0/toolchain/bin/../lib/gcc/arm-none-eabi/4.8.4/../../../../arm-none-eabi/lib/armv6-m\libg_s.a(lib_a-nano-mallocr.o)
                              c:/apps/freescale/kds_3.0.0/toolchain/bin/../lib/gcc/arm-none-eabi/4.8.4/../../../../arm-none-eabi/lib/armv6-m\libg_s.a(lib_a-nano-freer.o) (__malloc_free_list)
c:/apps/freescale/kds_3.0.0/toolchain/bin/../lib/gcc/arm-none-eabi/4.8.4/../../../../arm-none-eabi/lib/armv6-m\libg_s.a(lib_a-sbrkr.o)
                              c:/apps/freescale/kds_3.0.0/toolchain/bin/../lib/gcc/arm-none-eabi/4.8.4/../../../../arm-none-eabi/lib/armv6-m\libg_s.a(lib_a-nano-mallocr.o) (_sbrk_r)

Allocating common symbols
Common symbol       size              file

errno               0x4               c:/apps/freescale/kds_3.0.0/toolchain/bin/../lib/gcc/arm-none-eabi/4.8.4/../../../../arm-none-eabi/lib/armv6-m\libg_s.a(lib_a-reent.o)

Discarded input sections

 .text          0x00000000        0x0 c:/apps/freescale/kds_3.0.0/toolchain/bin/../lib/gcc/arm-none-eabi/4.8.4/armv6-m/crti.o
 .data          0x00000000        0x0 c:/apps/freescale/kds_3.0.0/toolchain/bin/../lib/gcc/arm-none-eabi/4.8.4/armv6-m/crti.o
 .bss           0x00000000        0x0 c:/apps/freescale/kds_3.0.0/toolchain/bin/../lib/gcc/arm-none-eabi/4.8.4/armv6-m/crti.o
 .data          0x00000000        0x4 c:/apps/freescale/kds_3.0.0/toolchain/bin/../lib/gcc/arm-none-eabi/4.8.4/armv6-m/crtbegin.o
 .data          0x00000000        0x0 c:/apps/freescale/kds_3.0.0/toolchain/bin/../lib/gcc/arm-none-eabi/4.8.4/../../../../arm-none-eabi/lib/armv6-m/crt0.o
 .bss           0x00000000        0x0 c:/apps/freescale/kds_3.0.0/toolchain/bin/../lib/gcc/arm-none-eabi/4.8.4/../../../../arm-none-eabi/lib/armv6-m/crt0.o
 .ARM.extab     0x00000000        0x0 c:/apps/freescale/kds_3.0.0/toolchain/bin/../lib/gcc/arm-none-eabi/4.8.4/../../../../arm-none-eabi/lib/armv6-m/crt0.o
 .group         0x00000000        0x8 ./Startup_Code/clock.o
 .group         0x00000000        0x8 ./Startup_Code/clock.o
 .group         0x00000000        0x8 ./Startup_Code/clock.o
 .group         0x00000000        0x8 ./Startup_Code/clock.o
 .group         0x00000000        0x8 ./Startup_Code/clock.o
 .group         0x00000000        0x8 ./Startup_Code/clock.o
 .group         0x00000000        0x8 ./Startup_Code/clock.o
 .group         0x00000000        0x8 ./Startup_Code/clock.o
 .group         0x00000000        0x8 ./Startup_Code/clock.o
 .group         0x00000000        0x8 ./Startup_Code/clock.o
 .group         0x00000000        0x8 ./Startup_Code/clock.o
 .group         0x00000000        0x8 ./Startup_Code/clock.o
 .group         0x00000000        0x8 ./Startup_Code/clock.o
 .group         0x00000000        0x8 ./Startup_Code/clock.o
 .group         0x00000000        0x8 ./Startup_Code/clock.o
 .group         0x00000000        0x8 ./Startup_Code/clock.o
 .group         0x00000000        0x8 ./Startup_Code/clock.o
 .group         0x00000000        0x8 ./Startup_Code/clock.o
 .group         0x00000000        0x8 ./Startup_Code/clock.o
 .group         0x00000000        0x8 ./Startup_Code/clock.o
 .group         0x00000000        0x8 ./Startup_Code/clock.o
 .group         0x00000000        0x8 ./Startup_Code/clock.o
 .group         0x00000000        0x8 ./Startup_Code/clock.o
 .group         0x00000000        0x8 ./Startup_Code/clock.o
 .text          0x00000000        0x0 ./Startup_Code/clock.o
 .data          0x00000000        0x0 ./Startup_Code/clock.o
 .bss           0x00000000        0x0 ./Startup_Code/clock.o
 .group         0x00000000        0x8 ./Startup_Code/newlib_stubs.o
 .group         0x00000000        0x8 ./Startup_Code/newlib_stubs.o
 .group         0x00000000        0x8 ./Startup_Code/newlib_stubs.o
 .group         0x00000000        0x8 ./Startup_Code/newlib_stubs.o
 .group         0x00000000        0x8 ./Startup_Code/newlib_stubs.o
 .group         0x00000000        0x8 ./Startup_Code/newlib_stubs.o
 .group         0x00000000        0x8 ./Startup_Code/newlib_stubs.o
 .group         0x00000000        0x8 ./Startup_Code/newlib_stubs.o
 .group         0x00000000        0x8 ./Startup_Code/newlib_stubs.o
 .group         0x00000000        0x8 ./Startup_Code/newlib_stubs.o
 .group         0x00000000        0x8 ./Startup_Code/newlib_stubs.o
 .group         0x00000000        0x8 ./Startup_Code/newlib_stubs.o
 .group         0x00000000        0x8 ./Startup_Code/newlib_stubs.o
 .group         0x00000000        0x8 ./Startup_Code/newlib_stubs.o
 .group         0x00000000        0x8 ./Startup_Code/newlib_stubs.o
 .group         0x00000000        0x8 ./Startup_Code/newlib_stubs.o
 .group         0x00000000        0x8 ./Startup_Code/newlib_stubs.o
 .group         0x00000000        0x8 ./Startup_Code/newlib_stubs.o
 .group         0x00000000        0x8 ./Startup_Code/newlib_stubs.o
 .group         0x00000000        0x8 ./Startup_Code/newlib_stubs.o
 .group         0x00000000        0x8 ./Startup_Code/newlib_stubs.o
 .group         0x00000000        0x8 ./Startup_Code/newlib_stubs.o
 .group         0x00000000        0x8 ./Startup_Code/newlib_stubs.o
 .group         0x00000000        0x8 ./Startup_Code/newlib_stubs.o
 .group         0x00000000        0x8 ./Startup_Code/newlib_stubs.o
 .text          0x00000000        0x0 ./Startup_Code/newlib_stubs.o
 .data          0x00000000        0x0 ./Startup_Code/newlib_stubs.o
 .bss           0x00000000        0x0 ./Startup_Code/newlib_stubs.o
 .text.uart_txChar
                0x00000000       0x10 ./Startup_Code/newlib_stubs.o
 .text.uart_rxChar
                0x00000000        0xc ./Startup_Code/newlib_stubs.o
 .bss.__env     0x00000000        0x4 ./Startup_Code/newlib_stubs.o
 .data.environ  0x00000000        0x4 ./Startup_Code/newlib_stubs.o
 .text._close   0x00000000       0x14 ./Startup_Code/newlib_stubs.o
 .text._execve  0x00000000       0x24 ./Startup_Code/newlib_stubs.o
 .text._fork    0x00000000       0x18 ./Startup_Code/newlib_stubs.o
 .text._fstat   0x00000000       0x1c ./Startup_Code/newlib_stubs.o
 .text._getpid  0x00000000        0xc ./Startup_Code/newlib_stubs.o
 .text._isatty  0x00000000       0x28 ./Startup_Code/newlib_stubs.o
 .text._kill    0x00000000       0x20 ./Startup_Code/newlib_stubs.o
 .text._link    0x00000000       0x20 ./Startup_Code/newlib_stubs.o
 .text._lseek   0x00000000       0x18 ./Startup_Code/newlib_stubs.o
 .bss.heap_end  0x00000000        0x4 ./Startup_Code/newlib_stubs.o
 .text._sbrk    0x00000000       0x60 ./Startup_Code/newlib_stubs.o
 .text._stat    0x00000000       0x1c ./Startup_Code/newlib_stubs.o
 .text._times   0x00000000       0x14 ./Startup_Code/newlib_stubs.o
 .text._unlink  0x00000000       0x20 ./Startup_Code/newlib_stubs.o
 .text._wait    0x00000000       0x20 ./Startup_Code/newlib_stubs.o
 .text.os_tmr_call
                0x00000000       0x14 ./Startup_Code/newlib_stubs.o
 .text._usbdm_read
                0x00000000       0x58 ./Startup_Code/newlib_stubs.o
 .text._usbdm_write
                0x00000000       0x60 ./Startup_Code/newlib_stubs.o
 .debug_macro   0x00000000      0x808 ./Startup_Code/newlib_stubs.o
 .debug_macro   0x00000000       0x58 ./Startup_Code/newlib_stubs.o
 .debug_macro   0x00000000       0x16 ./Startup_Code/newlib_stubs.o
 .debug_macro   0x00000000       0x35 ./Startup_Code/newlib_stubs.o
 .debug_macro   0x00000000       0xa3 ./Startup_Code/newlib_stubs.o
 .debug_macro   0x00000000      0x166 ./Startup_Code/newlib_stubs.o
 .debug_macro   0x00000000       0x4a ./Startup_Code/newlib_stubs.o
 .debug_macro   0x00000000       0x52 ./Startup_Code/newlib_stubs.o
 .debug_macro   0x00000000       0x16 ./Startup_Code/newlib_stubs.o
 .debug_macro   0x00000000       0x43 ./Startup_Code/newlib_stubs.o
 .debug_macro   0x00000000      0x180 ./Startup_Code/newlib_stubs.o
 .debug_macro   0x00000000      0x20f ./Startup_Code/newlib_stubs.o
 .debug_macro   0x00000000       0x35 ./Startup_Code/newlib_stubs.o
 .data          0x00000000        0x0 ./Startup_Code/startup_ARMLtdGCC.o
 .bss           0x00000000        0x0 ./Startup_Code/startup_ARMLtdGCC.o
 .group         0x00000000        0x8 ./Startup_Code/system.o
 .group         0x00000000        0x8 ./Startup_Code/system.o
 .group         0x00000000        0x8 ./Startup_Code/system.o
 .group         0x00000000        0x8 ./Startup_Code/system.o
 .group         0x00000000        0x8 ./Startup_Code/system.o
 .group         0x00000000        0x8 ./Startup_Code/system.o
 .group         0x00000000        0x8 ./Startup_Code/system.o
 .group         0x00000000        0x8 ./Startup_Code/system.o
 .group         0x00000000        0x8 ./Startup_Code/system.o
 .group         0x00000000        0x8 ./Startup_Code/system.o
 .text          0x00000000        0x0 ./Startup_Code/system.o
 .data          0x00000000        0x0 ./Startup_Code/system.o
 .bss           0x00000000        0x0 ./Startup_Code/system.o
 .text.SystemCoreClockUpdate
                0x00000000        0x8 ./Startup_Code/system.o
 .data.SystemBusClock
                0x00000000        0x4 ./Startup_Code/system.o
 .text.clock_initialise
                0x00000000        0x8 ./Startup_Code/system.o
 .debug_macro   0x00000000      0x808 ./Startup_Code/system.o
 .debug_macro   0x00000000       0x16 ./Startup_Code/system.o
 .debug_macro   0x00000000       0x3a ./Startup_Code/system.o
 .debug_macro   0x00000000       0x1f ./Startup_Code/system.o
 .debug_macro   0x00000000      0x250 ./Startup_Code/system.o
 .debug_macro   0x00000000       0x10 ./Startup_Code/system.o
 .debug_macro   0x00000000     0x35db ./Startup_Code/system.o
 .group         0x00000000        0x8 ./Startup_Code/vectors.o
 .group         0x00000000        0x8 ./Startup_Code/vectors.o
 .group         0x00000000        0x8 ./Startup_Code/vectors.o
 .group         0x00000000        0x8 ./Startup_Code/vectors.o
 .group         0x00000000        0x8 ./Startup_Code/vectors.o
 .group         0x00000000        0x8 ./Startup_Code/vectors.o
 .group         0x00000000        0x8 ./Startup_Code/vectors.o
 .group         0x00000000        0x8 ./Startup_Code/vectors.o
 .group         0x00000000        0x8 ./Startup_Code/vectors.o
 .group         0x00000000        0x8 ./Startup_Code/vectors.o
 .group         0x00000000        0x8 ./Startup_Code/vectors.o
 .group         0x00000000        0x8 ./Startup_Code/vectors.o
 .group         0x00000000        0x8 ./Startup_Code/vectors.o
 .group         0x00000000        0x8 ./Startup_Code/vectors.o
 .group         0x00000000        0x8 ./Startup_Code/vectors.o
 .group         0x00000000        0x8 ./Startup_Code/vectors.o
 .group         0x00000000        0x8 ./Startup_Code/vectors.o
 .group         0x00000000        0x8 ./Startup_Code/vectors.o
 .group         0x00000000        0x8 ./Startup_Code/vectors.o
 .group         0x00000000        0x8 ./Startup_Code/vectors.o
 .group         0x00000000        0x8 ./Startup_Code/vectors.o
 .text          0x00000000        0x0 ./Startup_Code/vectors.o
 .data          0x00000000        0x0 ./Startup_Code/vectors.o
 .bss           0x00000000        0x0 ./Startup_Code/vectors.o
 .debug_macro   0x00000000      0x808 ./Startup_Code/vectors.o
 .debug_macro   0x00000000       0x16 ./Startup_Code/vectors.o
 .debug_macro   0x00000000       0x44 ./Startup_Code/vectors.o
 .debug_macro   0x00000000      0x209 ./Startup_Code/vectors.o
 .debug_macro   0x00000000       0x58 ./Startup_Code/vectors.o
 .debug_macro   0x00000000       0x35 ./Startup_Code/vectors.o
 .debug_macro   0x00000000       0xa3 ./Startup_Code/vectors.o
 .debug_macro   0x00000000      0x166 ./Startup_Code/vectors.o
 .debug_macro   0x00000000       0x52 ./Startup_Code/vectors.o
 .debug_macro   0x00000000       0x16 ./Startup_Code/vectors.o
 .debug_macro   0x00000000       0x43 ./Startup_Code/vectors.o
 .debug_macro   0x00000000      0x180 ./Startup_Code/vectors.o
 .debug_macro   0x00000000      0x2a6 ./Startup_Code/vectors.o
 .debug_macro   0x00000000       0x10 ./Startup_Code/vectors.o
 .debug_macro   0x00000000       0x35 ./Startup_Code/vectors.o
 .debug_macro   0x00000000       0x32 ./Startup_Code/vectors.o
 .debug_macro   0x00000000       0x3a ./Startup_Code/vectors.o
 .debug_macro   0x00000000       0x1f ./Startup_Code/vectors.o
 .debug_macro   0x00000000      0x250 ./Startup_Code/vectors.o
 .debug_macro   0x00000000       0x10 ./Startup_Code/vectors.o
 .debug_macro   0x00000000     0x35db ./Startup_Code/vectors.o
 .group         0x00000000        0x8 ./Sources/main.o
 .group         0x00000000        0x8 ./Sources/main.o
 .group         0x00000000        0x8 ./Sources/main.o
 .group         0x00000000        0x8 ./Sources/main.o
 .group         0x00000000        0x8 ./Sources/main.o
 .group         0x00000000        0x8 ./Sources/main.o
 .group         0x00000000        0x8 ./Sources/main.o
 .group         0x00000000        0x8 ./Sources/main.o
 .group         0x00000000        0x8 ./Sources/main.o
 .group         0x00000000        0x8 ./Sources/main.o
 .group         0x00000000        0x8 ./Sources/main.o
 .group         0x00000000        0x8 ./Sources/main.o
 .group         0x00000000        0x8 ./Sources/main.o
 .group         0x00000000        0x8 ./Sources/main.o
 .group         0x00000000        0x8 ./Sources/main.o
 .group         0x00000000        0x8 ./Sources/main.o
 .group         0x00000000        0x8 ./Sources/main.o
 .group         0x00000000        0x8 ./Sources/main.o
 .group         0x00000000        0x8 ./Sources/main.o
 .group         0x00000000        0x8 ./Sources/main.o
 .group         0x00000000        0x8 ./Sources/main.o
 .group         0x00000000        0x8 ./Sources/main.o
 .group         0x00000000        0x8 ./Sources/main.o
 .group         0x00000000        0x8 ./Sources/main.o
 .group         0x00000000        0x8 ./Sources/main.o
 .group         0x00000000        0x8 ./Sources/main.o
 .text          0x00000000        0x0 ./Sources/main.o
 .data          0x00000000        0x0 ./Sources/main.o
 .bss           0x00000000        0x0 ./Sources/main.o
 .debug_macro   0x00000000      0x808 ./Sources/main.o
 .debug_macro   0x00000000       0x58 ./Sources/main.o
 .debug_macro   0x00000000       0x16 ./Sources/main.o
 .debug_macro   0x00000000       0x35 ./Sources/main.o
 .debug_macro   0x00000000       0xa3 ./Sources/main.o
 .debug_macro   0x00000000       0x4a ./Sources/main.o
 .debug_macro   0x00000000       0x52 ./Sources/main.o
 .debug_macro   0x00000000       0x16 ./Sources/main.o
 .debug_macro   0x00000000       0x43 ./Sources/main.o
 .debug_macro   0x00000000      0x180 ./Sources/main.o
 .debug_macro   0x00000000       0x10 ./Sources/main.o
 .debug_macro   0x00000000       0x22 ./Sources/main.o
 .debug_macro   0x00000000       0xbd ./Sources/main.o
 .debug_macro   0x00000000      0x20f ./Sources/main.o
 .debug_macro   0x00000000       0x32 ./Sources/main.o
 .debug_macro   0x00000000       0x3a ./Sources/main.o
 .debug_macro   0x00000000       0x1f ./Sources/main.o
 .debug_macro   0x00000000      0x250 ./Sources/main.o
 .debug_macro   0x00000000     0x35db ./Sources/main.o
 .debug_macro   0x00000000       0x52 ./Sources/main.o
 .data          0x00000000        0x0 c:/apps/freescale/kds_3.0.0/toolchain/bin/../lib/gcc/arm-none-eabi/4.8.4/armv6-m\libgcc.a(_udivsi3.o)
 .bss           0x00000000        0x0 c:/apps/freescale/kds_3.0.0/toolchain/bin/../lib/gcc/arm-none-eabi/4.8.4/armv6-m\libgcc.a(_udivsi3.o)
 .data          0x00000000        0x0 c:/apps/freescale/kds_3.0.0/toolchain/bin/../lib/gcc/arm-none-eabi/4.8.4/armv6-m\libgcc.a(_dvmd_tls.o)
 .bss           0x00000000        0x0 c:/apps/freescale/kds_3.0.0/toolchain/bin/../lib/gcc/arm-none-eabi/4.8.4/armv6-m\libgcc.a(_dvmd_tls.o)
 .text          0x00000000        0x0 c:/apps/freescale/kds_3.0.0/toolchain/bin/../lib/gcc/arm-none-eabi/4.8.4/../../../../arm-none-eabi/lib/armv6-m\libg_s.a(lib_a-exit.o)
 .data          0x00000000        0x0 c:/apps/freescale/kds_3.0.0/toolchain/bin/../lib/gcc/arm-none-eabi/4.8.4/../../../../arm-none-eabi/lib/armv6-m\libg_s.a(lib_a-exit.o)
 .bss           0x00000000        0x0 c:/apps/freescale/kds_3.0.0/toolchain/bin/../lib/gcc/arm-none-eabi/4.8.4/../../../../arm-none-eabi/lib/armv6-m\libg_s.a(lib_a-exit.o)
 .text          0x00000000        0x0 c:/apps/freescale/kds_3.0.0/toolchain/bin/../lib/gcc/arm-none-eabi/4.8.4/../../../../arm-none-eabi/lib/armv6-m\libg_s.a(lib_a-impure.o)
 .data          0x00000000        0x0 c:/apps/freescale/kds_3.0.0/toolchain/bin/../lib/gcc/arm-none-eabi/4.8.4/../../../../arm-none-eabi/lib/armv6-m\libg_s.a(lib_a-impure.o)
 .bss           0x00000000        0x0 c:/apps/freescale/kds_3.0.0/toolchain/bin/../lib/gcc/arm-none-eabi/4.8.4/../../../../arm-none-eabi/lib/armv6-m\libg_s.a(lib_a-impure.o)
 .data._impure_ptr
                0x00000000        0x4 c:/apps/freescale/kds_3.0.0/toolchain/bin/../lib/gcc/arm-none-eabi/4.8.4/../../../../arm-none-eabi/lib/armv6-m\libg_s.a(lib_a-impure.o)
 .text          0x00000000        0x0 c:/apps/freescale/kds_3.0.0/toolchain/bin/../lib/gcc/arm-none-eabi/4.8.4/../../../../arm-none-eabi/lib/armv6-m\libg_s.a(lib_a-init.o)
 .data          0x00000000        0x0 c:/apps/freescale/kds_3.0.0/toolchain/bin/../lib/gcc/arm-none-eabi/4.8.4/../../../../arm-none-eabi/lib/armv6-m\libg_s.a(lib_a-init.o)
 .bss           0x00000000        0x0 c:/apps/freescale/kds_3.0.0/toolchain/bin/../lib/gcc/arm-none-eabi/4.8.4/../../../../arm-none-eabi/lib/armv6-m\libg_s.a(lib_a-init.o)
 .text          0x00000000        0x0 c:/apps/freescale/kds_3.0.0/toolchain/bin/../lib/gcc/arm-none-eabi/4.8.4/../../../../arm-none-eabi/lib/armv6-m\libg_s.a(lib_a-memset.o)
 .data          0x00000000        0x0 c:/apps/freescale/kds_3.0.0/toolchain/bin/../lib/gcc/arm-none-eabi/4.8.4/../../../../arm-none-eabi/lib/armv6-m\libg_s.a(lib_a-memset.o)
 .bss           0x00000000        0x0 c:/apps/freescale/kds_3.0.0/toolchain/bin/../lib/gcc/arm-none-eabi/4.8.4/../../../../arm-none-eabi/lib/armv6-m\libg_s.a(lib_a-memset.o)
 .text          0x00000000        0x0 c:/apps/freescale/kds_3.0.0/toolchain/bin/../lib/gcc/arm-none-eabi/4.8.4/../../../../arm-none-eabi/lib/armv6-m\libg_s.a(lib_a-reent.o)
 .data          0x00000000        0x0 c:/apps/freescale/kds_3.0.0/toolchain/bin/../lib/gcc/arm-none-eabi/4.8.4/../../../../arm-none-eabi/lib/armv6-m\libg_s.a(lib_a-reent.o)
 .bss           0x00000000        0x0 c:/apps/freescale/kds_3.0.0/toolchain/bin/../lib/gcc/arm-none-eabi/4.8.4/../../../../arm-none-eabi/lib/armv6-m\libg_s.a(lib_a-reent.o)
 .text.cleanup_glue
                0x00000000       0x1a c:/apps/freescale/kds_3.0.0/toolchain/bin/../lib/gcc/arm-none-eabi/4.8.4/../../../../arm-none-eabi/lib/armv6-m\libg_s.a(lib_a-reent.o)
 .text._reclaim_reent
                0x00000000       0xcc c:/apps/freescale/kds_3.0.0/toolchain/bin/../lib/gcc/arm-none-eabi/4.8.4/../../../../arm-none-eabi/lib/armv6-m\libg_s.a(lib_a-reent.o)
 .ARM.attributes
                0x00000000       0x2c c:/apps/freescale/kds_3.0.0/toolchain/bin/../lib/gcc/arm-none-eabi/4.8.4/../../../../arm-none-eabi/lib/armv6-m\libg_s.a(lib_a-reent.o)
 .debug_frame   0x00000000       0x48 c:/apps/freescale/kds_3.0.0/toolchain/bin/../lib/gcc/arm-none-eabi/4.8.4/../../../../arm-none-eabi/lib/armv6-m\libg_s.a(lib_a-reent.o)
 COMMON         0x00000000        0x4 c:/apps/freescale/kds_3.0.0/toolchain/bin/../lib/gcc/arm-none-eabi/4.8.4/../../../../arm-none-eabi/lib/armv6-m\libg_s.a(lib_a-reent.o)
 .text          0x00000000        0x0 c:/apps/freescale/kds_3.0.0/toolchain/bin/../lib/gcc/arm-none-eabi/4.8.4/../../../../arm-none-eabi/lib/armv6-m\libg_s.a(lib_a-nano-freer.o)
 .data          0x00000000        0x0 c:/apps/freescale/kds_3.0.0/toolchain/bin/../lib/gcc/arm-none-eabi/4.8.4/../../../../arm-none-eabi/lib/armv6-m\libg_s.a(lib_a-nano-freer.o)
 .bss           0x00000000        0x0 c:/apps/freescale/kds_3.0.0/toolchain/bin/../lib/gcc/arm-none-eabi/4.8.4/../../../../arm-none-eabi/lib/armv6-m\libg_s.a(lib_a-nano-freer.o)
 .text._free_r  0x00000000       0x90 c:/apps/freescale/kds_3.0.0/toolchain/bin/../lib/gcc/arm-none-eabi/4.8.4/../../../../arm-none-eabi/lib/armv6-m\libg_s.a(lib_a-nano-freer.o)
 .ARM.attributes
                0x00000000       0x2c c:/apps/freescale/kds_3.0.0/toolchain/bin/../lib/gcc/arm-none-eabi/4.8.4/../../../../arm-none-eabi/lib/armv6-m\libg_s.a(lib_a-nano-freer.o)
 .debug_frame   0x00000000       0x2c c:/apps/freescale/kds_3.0.0/toolchain/bin/../lib/gcc/arm-none-eabi/4.8.4/../../../../arm-none-eabi/lib/armv6-m\libg_s.a(lib_a-nano-freer.o)
 .text          0x00000000        0x0 c:/apps/freescale/kds_3.0.0/toolchain/bin/../lib/gcc/arm-none-eabi/4.8.4/../../../../arm-none-eabi/lib/armv6-m\libg_s.a(lib_a-nano-mallocr.o)
 .data          0x00000000        0x0 c:/apps/freescale/kds_3.0.0/toolchain/bin/../lib/gcc/arm-none-eabi/4.8.4/../../../../arm-none-eabi/lib/armv6-m\libg_s.a(lib_a-nano-mallocr.o)
 .bss           0x00000000        0x0 c:/apps/freescale/kds_3.0.0/toolchain/bin/../lib/gcc/arm-none-eabi/4.8.4/../../../../arm-none-eabi/lib/armv6-m\libg_s.a(lib_a-nano-mallocr.o)
 .text._malloc_r
                0x00000000       0xa8 c:/apps/freescale/kds_3.0.0/toolchain/bin/../lib/gcc/arm-none-eabi/4.8.4/../../../../arm-none-eabi/lib/armv6-m\libg_s.a(lib_a-nano-mallocr.o)
 .bss.__malloc_sbrk_start
                0x00000000        0x4 c:/apps/freescale/kds_3.0.0/toolchain/bin/../lib/gcc/arm-none-eabi/4.8.4/../../../../arm-none-eabi/lib/armv6-m\libg_s.a(lib_a-nano-mallocr.o)
 .bss.__malloc_free_list
                0x00000000        0x4 c:/apps/freescale/kds_3.0.0/toolchain/bin/../lib/gcc/arm-none-eabi/4.8.4/../../../../arm-none-eabi/lib/armv6-m\libg_s.a(lib_a-nano-mallocr.o)
 .ARM.attributes
                0x00000000       0x2c c:/apps/freescale/kds_3.0.0/toolchain/bin/../lib/gcc/arm-none-eabi/4.8.4/../../../../arm-none-eabi/lib/armv6-m\libg_s.a(lib_a-nano-mallocr.o)
 .debug_frame   0x00000000       0x2c c:/apps/freescale/kds_3.0.0/toolchain/bin/../lib/gcc/arm-none-eabi/4.8.4/../../../../arm-none-eabi/lib/armv6-m\libg_s.a(lib_a-nano-mallocr.o)
 .text          0x00000000        0x0 c:/apps/freescale/kds_3.0.0/toolchain/bin/../lib/gcc/arm-none-eabi/4.8.4/../../../../arm-none-eabi/lib/armv6-m\libg_s.a(lib_a-sbrkr.o)
 .data          0x00000000        0x0 c:/apps/freescale/kds_3.0.0/toolchain/bin/../lib/gcc/arm-none-eabi/4.8.4/../../../../arm-none-eabi/lib/armv6-m\libg_s.a(lib_a-sbrkr.o)
 .bss           0x00000000        0x0 c:/apps/freescale/kds_3.0.0/toolchain/bin/../lib/gcc/arm-none-eabi/4.8.4/../../../../arm-none-eabi/lib/armv6-m\libg_s.a(lib_a-sbrkr.o)
 .text._sbrk_r  0x00000000       0x24 c:/apps/freescale/kds_3.0.0/toolchain/bin/../lib/gcc/arm-none-eabi/4.8.4/../../../../arm-none-eabi/lib/armv6-m\libg_s.a(lib_a-sbrkr.o)
 .ARM.attributes
                0x00000000       0x2c c:/apps/freescale/kds_3.0.0/toolchain/bin/../lib/gcc/arm-none-eabi/4.8.4/../../../../arm-none-eabi/lib/armv6-m\libg_s.a(lib_a-sbrkr.o)
 .debug_frame   0x00000000       0x2c c:/apps/freescale/kds_3.0.0/toolchain/bin/../lib/gcc/arm-none-eabi/4.8.4/../../../../arm-none-eabi/lib/armv6-m\libg_s.a(lib_a-sbrkr.o)
 .text          0x00000000        0x0 c:/apps/freescale/kds_3.0.0/toolchain/bin/../lib/gcc/arm-none-eabi/4.8.4/armv6-m/crtend.o
 .data          0x00000000        0x0 c:/apps/freescale/kds_3.0.0/toolchain/bin/../lib/gcc/arm-none-eabi/4.8.4/armv6-m/crtend.o
 .bss           0x00000000        0x0 c:/apps/freescale/kds_3.0.0/toolchain/bin/../lib/gcc/arm-none-eabi/4.8.4/armv6-m/crtend.o
 .text          0x00000000        0x0 c:/apps/freescale/kds_3.0.0/toolchain/bin/../lib/gcc/arm-none-eabi/4.8.4/armv6-m/crtn.o
 .data          0x00000000        0x0 c:/apps/freescale/kds_3.0.0/toolchain/bin/../lib/gcc/arm-none-eabi/4.8.4/armv6-m/crtn.o
 .bss           0x00000000        0x0 c:/apps/freescale/kds_3.0.0/toolchain/bin/../lib/gcc/arm-none-eabi/4.8.4/armv6-m/crtn.o

Memory Configuration

Name             Origin             Length             Attributes
aips             0x40000000         0x00080000         rw
gpio             0x400ff000         0x00001000         rw
bme              0x44000000         0x1c000000         rw
peripheral       0xe0000000         0x00100000         rw
mtb              0xf0000000         0x00001000         rw
mtbdwt           0xf0001000         0x00001000         rw
romTable         0xf0002000         0x00001000         rw
mcm              0xf0003000         0x00001000         rw
fgpio            0xf8000000         0x08000000         rw
rom              0x00000000         0x00008000         xr
ram              0x1ffffc00         0x00001000         xrw
gdbGuard         0x20000c00         0x00000020         r
*default*        0x00000000         0xffffffff

Linker script and memory map

LOAD c:/apps/freescale/kds_3.0.0/toolchain/bin/../lib/gcc/arm-none-eabi/4.8.4/armv6-m/crti.o
LOAD c:/apps/freescale/kds_3.0.0/toolchain/bin/../lib/gcc/arm-none-eabi/4.8.4/armv6-m/crtbegin.o
LOAD c:/apps/freescale/kds_3.0.0/toolchain/bin/../lib/gcc/arm-none-eabi/4.8.4/../../../../arm-none-eabi/lib/armv6-m/crt0.o
LOAD ./Startup_Code/clock.o
LOAD ./Startup_Code/newlib_stubs.o
LOAD ./Startup_Code/startup_ARMLtdGCC.o
LOAD ./Startup_Code/system.o
LOAD ./Startup_Code/vectors.o
LOAD ./Sources/main.o
LOAD c:/apps/freescale/kds_3.0.0/toolchain/bin/../lib/gcc/arm-none-eabi/4.8.4/../../../../arm-none-eabi/lib/armv6-m\libstdc++_s.a
LOAD c:/apps/freescale/kds_3.0.0/toolchain/bin/../lib/gcc/arm-none-eabi/4.8.4/../../../../arm-none-eabi/lib/armv6-m\libm.a
START GROUP
LOAD c:/apps/freescale/kds_3.0.0/toolchain/bin/../lib/gcc/arm-none-eabi/4.8.4/armv6-m\libgcc.a
LOAD c:/apps/freescale/kds_3.0.0/toolchain/bin/../lib/gcc/arm-none-eabi/4.8.4/../../../../arm-none-eabi/lib/armv6-m\libg_s.a
LOAD c:/apps/freescale/kds_3.0.0/toolchain/bin/../lib/gcc/arm-none-eabi/4.8.4/../../../../arm-none-eabi/lib/armv6-m\libc_s.a
END GROUP
START GROUP
LOAD c:/apps/freescale/kds_3.0.0/toolchain/bin/../lib/gcc/arm-none-eabi/4.8.4/armv6-m\libgcc.a
LOAD c:/apps/freescale/kds_3.0.0/toolchain/bin/../lib/gcc/arm-none-eabi/4.8.4/../../../../arm-none-eabi/lib/armv6-m\libc_s.a
END GROUP
LOAD c:/apps/freescale/kds_3.0.0/toolchain/bin/../lib/gcc/arm-none-eabi/4.8.4/armv6-m/crtend.o
LOAD c:/apps/freescale/kds_3.0.0/toolchain/bin/../lib/gcc/arm-none-eabi/4.8.4/armv6-m/crtn.o
                0x00000400                __stack_size = 0x400
                0x00000400                __heap_size = 0x400
                0x00000400                PROVIDE (__stack_size__, __stack_size)
                0x00000400                PROVIDE (__heap_size__, __heap_size)
                0x000004e8                PROVIDE (__HardReset, Reset_Handler)
                0x00000a10                PROVIDE (_start, main)

.interrupts     0x00000000      0x410
                0x00000000                __flash_start = .
                0x00000000                __VECTOR_TABLE = .
 *(.interrupt_vectors)
 .interrupt_vectors
                0x00000000       0xc0 ./Startup_Code/vectors.o
                0x00000000                __vector_table
 *(.isr_vector)
                0x00000001                ASSERT ((. != __flash_start), No reset vector found)
                0x000000c0                __VECTOR_TABLE_END = .
                0x00000400                . = (__flash_start + 0x400)
 *fill*         0x000000c0      0x340 
 *(.security_information)
 .security_information
                0x00000400       0x10 ./Startup_Code/vectors.o
                0x00000400                securityInfo
 *(.FlashConfig)
                0x00000001                ASSERT ((. == (__flash_start + 0x410)), No Freescale security information)
                0x00000000                M_VECTOR_RAM_SIZE = DEFINED (__ram_vector_table__)?(__VECTOR_TABLE_END - __VECTOR_TABLE):0x0

.text           0x00000410      0x6c0
 *(.text)
 .text          0x00000410       0x60 c:/apps/freescale/kds_3.0.0/toolchain/bin/../lib/gcc/arm-none-eabi/4.8.4/armv6-m/crtbegin.o
 .text          0x00000470       0x78 c:/apps/freescale/kds_3.0.0/toolchain/bin/../lib/gcc/arm-none-eabi/4.8.4/../../../../arm-none-eabi/lib/armv6-m/crt0.o
                0x00000470                _start
                0x00000470                _mainCRTStartup
 .text          0x000004e8       0x48 ./Startup_Code/startup_ARMLtdGCC.o
                0x000004e8                Reset_Handler
 .text          0x00000530       0x9c c:/apps/freescale/kds_3.0.0/toolchain/bin/../lib/gcc/arm-none-eabi/4.8.4/armv6-m\libgcc.a(_udivsi3.o)
                0x00000530                __aeabi_uidiv
                0x00000530                __udivsi3
                0x000005b8                __aeabi_uidivmod
 .text          0x000005cc        0x4 c:/apps/freescale/kds_3.0.0/toolchain/bin/../lib/gcc/arm-none-eabi/4.8.4/armv6-m\libgcc.a(_dvmd_tls.o)
                0x000005cc                __aeabi_idiv0
                0x000005cc                __aeabi_ldiv0
 *(.text*)
 .text.clock_initialise
                0x000005d0      0x1a8 ./Startup_Code/clock.o
                0x000005d0                clock_initialise
 .text.SystemCoreClockUpdate
                0x00000778      0x1f4 ./Startup_Code/clock.o
                0x00000778                SystemCoreClockUpdate
 .text._exit    0x0000096c        0xc ./Startup_Code/newlib_stubs.o
                0x0000096c                _exit
 .text.uart_initialise
                0x00000978       0x10 ./Startup_Code/system.o
                0x00000978                uart_initialise
 .text.rtc_initialise
                0x00000988        0x8 ./Startup_Code/system.o
                0x00000988                rtc_initialise
 .text.software_init_hook
                0x00000990        0x8 ./Startup_Code/system.o
                0x00000990                software_init_hook
 .text.SystemInitLowLevel
                0x00000998       0x24 ./Startup_Code/system.o
                0x00000998                SystemInitLowLevel
 .text.SystemInit
                0x000009bc       0x1c ./Startup_Code/system.o
                0x000009bc                SystemInit
 .text.Default_Handler
                0x000009d8       0x18 ./Startup_Code/vectors.o
                0x000009d8                I2C0_IRQHandler
                0x000009d8                SysTick_Handler
                0x000009d8                PendSV_Handler
                0x000009d8                NMI_Handler
                0x000009d8                I2C1_IRQHandler
                0x000009d8                UART1_IRQHandler
                0x000009d8                DMA2_IRQHandler
                0x000009d8                TPM0_IRQHandler
                0x000009d8                LLWU_IRQHandler
                0x000009d8                TSI0_IRQHandler
                0x000009d8                UART0_IRQHandler
                0x000009d8                ADC0_IRQHandler
                0x000009d8                SPI1_IRQHandler
                0x000009d8                PORTD_IRQHandler
                0x000009d8                TPM2_IRQHandler
                0x000009d8                RTC_IRQHandler
                0x000009d8                RTC_Seconds_IRQHandler
                0x000009d8                MCG_IRQHandler
                0x000009d8                UART2_IRQHandler
                0x000009d8                Default_Handler
                0x000009d8                USB0_IRQHandler
                0x000009d8                PIT_IRQHandler
                0x000009d8                SVC_Handler
                0x000009d8                DMA3_IRQHandler
                0x000009d8                DMA0_IRQHandler
                0x000009d8                DAC0_IRQHandler
                0x000009d8                TPM1_IRQHandler
                0x000009d8                LVD_LVW_IRQHandler
                0x000009d8                SPI0_IRQHandler
                0x000009d8                PORTA_IRQHandler
                0x000009d8                FTFA_IRQHandler
                0x000009d8                LPTMR0_IRQHandler
                0x000009d8                CMP0_IRQHandler
                0x000009d8                DMA1_IRQHandler
 .text.HardFault_Handler
                0x000009f0       0x1c ./Startup_Code/vectors.o
                0x000009f0                HardFault_Handler
 .text._HardFault_Handler
                0x00000a0c        0x4 ./Startup_Code/vectors.o
                0x00000a0c                _HardFault_Handler
 .text.main     0x00000a10        0x8 ./Sources/main.o
                0x00000a10                main
 .text.exit     0x00000a18       0x2c c:/apps/freescale/kds_3.0.0/toolchain/bin/../lib/gcc/arm-none-eabi/4.8.4/../../../../arm-none-eabi/lib/armv6-m\libg_s.a(lib_a-exit.o)
                0x00000a18                exit
 .text.__libc_init_array
                0x00000a44       0x4c c:/apps/freescale/kds_3.0.0/toolchain/bin/../lib/gcc/arm-none-eabi/4.8.4/../../../../arm-none-eabi/lib/armv6-m\libg_s.a(lib_a-init.o)
                0x00000a44                __libc_init_array
 .text.memset   0x00000a90       0x10 c:/apps/freescale/kds_3.0.0/toolchain/bin/../lib/gcc/arm-none-eabi/4.8.4/../../../../arm-none-eabi/lib/armv6-m\libg_s.a(lib_a-memset.o)
                0x00000a90                memset
 *(.rodata)
 *(.rodata*)
 .rodata.str1.1
                0x00000aa0        0x2 c:/apps/freescale/kds_3.0.0/toolchain/bin/../lib/gcc/arm-none-eabi/4.8.4/../../../../arm-none-eabi/lib/armv6-m\libg_s.a(lib_a-impure.o)
 *fill*         0x00000aa2        0x2 
 .rodata._global_impure_ptr
                0x00000aa4        0x4 c:/apps/freescale/kds_3.0.0/toolchain/bin/../lib/gcc/arm-none-eabi/4.8.4/../../../../arm-none-eabi/lib/armv6-m\libg_s.a(lib_a-impure.o)
                0x00000aa4                _global_impure_ptr
 *(.init)
 .init          0x00000aa8        0x4 c:/apps/freescale/kds_3.0.0/toolchain/bin/../lib/gcc/arm-none-eabi/4.8.4/armv6-m/crti.o
                0x00000aa8                _init
 .init          0x00000aac        0x8 c:/apps/freescale/kds_3.0.0/toolchain/bin/../lib/gcc/arm-none-eabi/4.8.4/armv6-m/crtn.o
 *(.fini)
 .fini          0x00000ab4        0x4 c:/apps/freescale/kds_3.0.0/toolchain/bin/../lib/gcc/arm-none-eabi/4.8.4/armv6-m/crti.o
                0x00000ab4                _fini
 .fini          0x00000ab8        0x8 c:/apps/freescale/kds_3.0.0/toolchain/bin/../lib/gcc/arm-none-eabi/4.8.4/armv6-m/crtn.o
                0x00000ac0                __CTOR_LIST__ = .
 *crtbegin.o(.ctors)
 *crtbegin?.o(.ctors)
 *(EXCLUDE_FILE(*crtend.o *crtend?.o) .ctors)
 *(SORT(.ctors.*))
 *(.ctors)
                0x00000ac0                __CTOR_END__ = .
                0x00000ac0                __DTOR_LIST__ = .
 *crtbegin.o(.dtors)
 *crtbegin?.o(.dtors)
 *(EXCLUDE_FILE(*crtend.o *crtend?.o) .dtors)
 *(SORT(.dtors.*))
 *(.dtors)
                0x00000ac0                __DTOR_END__ = .
                0x00000ac0                . = ALIGN (0x4)
                0x00000ac0                PROVIDE (__preinit_array_start, .)
 *(.preinit_array*)
                0x00000ac0                PROVIDE (__preinit_array_end, .)
                0x00000ac0                . = ALIGN (0x4)
                0x00000ac0                PROVIDE (__init_array_start, .)
 *(SORT(.init_array.*))
 *(.init_array*)
 .init_array    0x00000ac0        0x4 c:/apps/freescale/kds_3.0.0/toolchain/bin/../lib/gcc/arm-none-eabi/4.8.4/armv6-m/crtbegin.o
                0x00000ac4                PROVIDE (__init_array_end, .)
                0x00000ac4                . = ALIGN (0x4)
                0x00000ac4                PROVIDE (__fini_array_start, .)
 *(SORT(.fini_array.*))
 *(.fini_array*)
 .fini_array    0x00000ac4        0x4 c:/apps/freescale/kds_3.0.0/toolchain/bin/../lib/gcc/arm-none-eabi/4.8.4/armv6-m/crtbegin.o
                0x00000ac8                PROVIDE (__fini_array_end, .)
 *(.jcr*)
 .jcr           0x00000ac8        0x0 c:/apps/freescale/kds_3.0.0/toolchain/bin/../lib/gcc/arm-none-eabi/4.8.4/armv6-m/crtbegin.o
 .jcr           0x00000ac8        0x4 c:/apps/freescale/kds_3.0.0/toolchain/bin/../lib/gcc/arm-none-eabi/4.8.4/armv6-m/crtend.o
 *(.eh_frame*)
 .eh_frame      0x00000acc        0x0 c:/apps/freescale/kds_3.0.0/toolchain/bin/../lib/gcc/arm-none-eabi/4.8.4/armv6-m/crtbegin.o
 .eh_frame      0x00000acc        0x4 c:/apps/freescale/kds_3.0.0/toolchain/bin/../lib/gcc/arm-none-eabi/4.8.4/armv6-m/crtend.o

.glue_7         0x00000ad0        0x0
 .glue_7        0x00000000        0x0 linker stubs

.glue_7t        0x00000ad0        0x0
 .glue_7t       0x00000000        0x0 linker stubs

.vfp11_veneer   0x00000ad0        0x0
 .vfp11_veneer  0x00000000        0x0 linker stubs

.v4_bx          0x00000ad0        0x0
 .v4_bx         0x00000000        0x0 linker stubs

.iplt           0x00000ad0        0x0
 .iplt          0x00000000        0x0 c:/apps/freescale/kds_3.0.0/toolchain/bin/../lib/gcc/arm-none-eabi/4.8.4/armv6-m/crtbegin.o

.ARM.extab
 *(.ARM.extab* .gnu.linkonce.armextab.*)
                0x00000ad0                __exidx_start = .

.ARM.exidx      0x00000ad0        0x8
 *(.ARM.exidx* .gnu.linkonce.armexidx.*)
 .ARM.exidx     0x00000ad0        0x8 c:/apps/freescale/kds_3.0.0/toolchain/bin/../lib/gcc/arm-none-eabi/4.8.4/../../../../arm-none-eabi/lib/armv6-m/crt0.o
                0x00000ad8                __exidx_end = .
                0x00000ad8                __etext = .
                0x00000ad8                __DATA_ROM = .

.rel.dyn        0x00000ad8        0x0
 .rel.iplt      0x00000000        0x0 c:/apps/freescale/kds_3.0.0/toolchain/bin/../lib/gcc/arm-none-eabi/4.8.4/armv6-m/crtbegin.o

.mtb            0x1ffffc00        0x0
                0x1ffffc00                . = ALIGN (0x8)
                0x1ffffc00                _mtb_start = .
 *(.mtb_buf)
                0x1ffffc00                . = ALIGN (0x8)
                0x1ffffc00                _mtb_end = .

.interrupts_ram
                0x1ffffc00        0x0
                0x1ffffc00                . = ALIGN (0x4)
                0x1ffffc00                __VECTOR_RAM__ = .
                0x1ffffc00                __interrupts_ram_start__ = .
 *(.m_interrupts_ram)
                0x1ffffc00                . = (. + M_VECTOR_RAM_SIZE)
                0x1ffffc00                . = ALIGN (0x4)
                0x1ffffc00                __interrupts_ram_end__ = .
                0x00000000                __VECTOR_RAM = DEFINED (__ram_vector_table__)?__VECTOR_RAM__:__VECTOR_TABLE
                0x00000000                __RAM_VECTOR_TABLE_SIZE_BYTES = (__interrupts_ram_end__ - __interrupts_ram_start__)

.data           0x1ffffc00       0x68 load address 0x00000ad8
                0x1ffffc00                __data_start__ = .
                0x1ffffc00                __DATA_RAM = .
 *(vtable)
 *(.data*)
 .data.SystemCoreClock
                0x1ffffc00        0x4 ./Startup_Code/clock.o
                0x1ffffc00                SystemCoreClock
 .data.SystemBusClock
                0x1ffffc04        0x4 ./Startup_Code/clock.o
                0x1ffffc04                SystemBusClock
 .data.impure_data
                0x1ffffc08       0x60 c:/apps/freescale/kds_3.0.0/toolchain/bin/../lib/gcc/arm-none-eabi/4.8.4/../../../../arm-none-eabi/lib/armv6-m\libg_s.a(lib_a-impure.o)
                0x1ffffc68                . = ALIGN (0x4)
                0x1ffffc68                __data_end__ = .
                0x00000b40                __DATA_END = (__DATA_ROM + SIZEOF (.data))

.igot.plt       0x1ffffc68        0x0 load address 0x00000b40
 .igot.plt      0x00000000        0x0 c:/apps/freescale/kds_3.0.0/toolchain/bin/../lib/gcc/arm-none-eabi/4.8.4/armv6-m/crtbegin.o

.bss            0x1ffffc68       0x1c load address 0x00000b40
                0x1ffffc68                . = ALIGN (0x4)
                0x1ffffc68                __START_BSS = .
                0x1ffffc68                __bss_start__ = .
 *(.bss)
 .bss           0x1ffffc68       0x1c c:/apps/freescale/kds_3.0.0/toolchain/bin/../lib/gcc/arm-none-eabi/4.8.4/armv6-m/crtbegin.o
 *(.bss*)
 *(COMMON)
                0x1ffffc84                . = ALIGN (0x4)
                0x1ffffc84                __bss_end__ = .
                0x1ffffc84                __END_BSS = .

.heap           0x1ffffc84      0x400 load address 0x00000b5c
                0x1ffffc84                . = ALIGN (0x4)
                0x1ffffc84                PROVIDE (__end__, .)
                0x1ffffc84                PROVIDE (end, .)
                0x1ffffc84                PROVIDE (_end, .)
                0x1ffffc84                __HeapBase = .
                0x1ffffc84                __heap_addr = .
                0x20000084                . = (. + __heap_size__)
 *fill*         0x1ffffc84      0x400 
                0x00000000                PROVIDE (__sram_u_size, 0x0)

.stack          0x20000084      0xb7c load address 0x00000f5c
                0x200007fd                . = MAX (., ABSOLUTE (((((ORIGIN (ram) + 0x1000) - __stack_size__) - __sram_u_size) - 0x3)))
 *fill*         0x20000084      0x779 
                0x20000800                . = ALIGN (0x4)
 *fill*         0x200007fd        0x3 
                0x20000800                __HeapLimit = .
                0x20000800                __StackLimit = .
                0x20000c00                . = (. + __stack_size__)
 *fill*         0x20000800      0x400 
                0x20000c00                __StackTop = .
                0x20000c00                PROVIDE (__stack, __StackTop)
                0x20000c00                PROVIDE (__cs3_stack, __StackTop)
                0x00000000                PROVIDE (_write, _usbdm_write)
                0x00000000                PROVIDE (_read, _usbdm_read)
OUTPUT(BootloopMKL.elf elf32-littlearm)

.ARM.attributes
                0x00000000       0x28
 .ARM.attributes
                0x00000000       0x1e c:/apps/freescale/kds_3.0.0/toolchain/bin/../lib/gcc/arm-none-eabi/4.8.4/armv6-m/crti.o
 .ARM.attributes
                0x0000001e       0x2c c:/apps/freescale/kds_3.0.0/toolchain/bin/../lib/gcc/arm-none-eabi/4.8.4/armv6-m/crtbegin.o
 .ARM.attributes
                0x0000004a       0x1b c:/apps/freescale/kds_3.0.0/toolchain/bin/../lib/gcc/arm-none-eabi/4.8.4/../../../../arm-none-eabi/lib/armv6-m/crt0.o
 .ARM.attributes
                0x00000065       0x32 ./Startup_Code/clock.o
 .ARM.attributes
                0x00000097       0x32 ./Startup_Code/newlib_stubs.o
 .ARM.attributes
                0x000000c9       0x1b ./Startup_Code/startup_ARMLtdGCC.o
 .ARM.attributes
                0x000000e4       0x32 ./Startup_Code/system.o
 .ARM.attributes
                0x00000116       0x32 ./Startup_Code/vectors.o
 .ARM.attributes
                0x00000148       0x32 ./Sources/main.o
 .ARM.attributes
                0x0000017a       0x1e c:/apps/freescale/kds_3.0.0/toolchain/bin/../lib/gcc/arm-none-eabi/4.8.4/armv6-m\libgcc.a(_udivsi3.o)
 .ARM.attributes
                0x00000198       0x1e c:/apps/freescale/kds_3.0.0/toolchain/bin/../lib/gcc/arm-none-eabi/4.8.4/armv6-m\libgcc.a(_dvmd_tls.o)
 .ARM.attributes
                0x000001b6       0x2c c:/apps/freescale/kds_3.0.0/toolchain/bin/../lib/gcc/arm-none-eabi/4.8.4/../../../../arm-none-eabi/lib/armv6-m\libg_s.a(lib_a-exit.o)
 .ARM.attributes
                0x000001e2       0x2c c:/apps/freescale/kds_3.0.0/toolchain/bin/../lib/gcc/arm-none-eabi/4.8.4/../../../../arm-none-eabi/lib/armv6-m\libg_s.a(lib_a-impure.o)
 .ARM.attributes
                0x0000020e       0x2c c:/apps/freescale/kds_3.0.0/toolchain/bin/../lib/gcc/arm-none-eabi/4.8.4/../../../../arm-none-eabi/lib/armv6-m\libg_s.a(lib_a-init.o)
 .ARM.attributes
                0x0000023a       0x2c c:/apps/freescale/kds_3.0.0/toolchain/bin/../lib/gcc/arm-none-eabi/4.8.4/../../../../arm-none-eabi/lib/armv6-m\libg_s.a(lib_a-memset.o)
 .ARM.attributes
                0x00000266       0x2c c:/apps/freescale/kds_3.0.0/toolchain/bin/../lib/gcc/arm-none-eabi/4.8.4/armv6-m/crtend.o
 .ARM.attributes
                0x00000292       0x1e c:/apps/freescale/kds_3.0.0/toolchain/bin/../lib/gcc/arm-none-eabi/4.8.4/armv6-m/crtn.o

.comment        0x00000000       0x70
 .comment       0x00000000       0x70 ./Startup_Code/clock.o
                                 0x71 (size before relaxing)
 .comment       0x00000000       0x71 ./Startup_Code/newlib_stubs.o
 .comment       0x00000000       0x71 ./Startup_Code/system.o
 .comment       0x00000000       0x71 ./Startup_Code/vectors.o
 .comment       0x00000000       0x71 ./Sources/main.o

.debug_info     0x00000000     0x12e4
 .debug_info    0x00000000      0x490 ./Startup_Code/clock.o
 .debug_info    0x00000490      0x6c4 ./Startup_Code/newlib_stubs.o
 .debug_info    0x00000b54       0x96 ./Startup_Code/startup_ARMLtdGCC.o
 .debug_info    0x00000bea      0x3d4 ./Startup_Code/system.o
 .debug_info    0x00000fbe      0x293 ./Startup_Code/vectors.o
 .debug_info    0x00001251       0x93 ./Sources/main.o

.debug_abbrev   0x00000000      0x59d
 .debug_abbrev  0x00000000      0x109 ./Startup_Code/clock.o
 .debug_abbrev  0x00000109      0x198 ./Startup_Code/newlib_stubs.o
 .debug_abbrev  0x000002a1       0x14 ./Startup_Code/startup_ARMLtdGCC.o
 .debug_abbrev  0x000002b5      0x14d ./Startup_Code/system.o
 .debug_abbrev  0x00000402      0x154 ./Startup_Code/vectors.o
 .debug_abbrev  0x00000556       0x47 ./Sources/main.o

.debug_aranges  0x00000000      0x1a0
 .debug_aranges
                0x00000000       0x28 ./Startup_Code/clock.o
 .debug_aranges
                0x00000028       0xb8 ./Startup_Code/newlib_stubs.o
 .debug_aranges
                0x000000e0       0x20 ./Startup_Code/startup_ARMLtdGCC.o
 .debug_aranges
                0x00000100       0x50 ./Startup_Code/system.o
 .debug_aranges
                0x00000150       0x30 ./Startup_Code/vectors.o
 .debug_aranges
                0x00000180       0x20 ./Sources/main.o

.debug_ranges   0x00000000      0x130
 .debug_ranges  0x00000000       0x18 ./Startup_Code/clock.o
 .debug_ranges  0x00000018       0xa8 ./Startup_Code/newlib_stubs.o
 .debug_ranges  0x000000c0       0x40 ./Startup_Code/system.o
 .debug_ranges  0x00000100       0x20 ./Startup_Code/vectors.o
 .debug_ranges  0x00000120       0x10 ./Sources/main.o

.debug_macro    0x00000000     0x634a
 .debug_macro   0x00000000      0x15a ./Startup_Code/clock.o
 .debug_macro   0x0000015a      0x808 ./Startup_Code/clock.o
 .debug_macro   0x00000962       0x58 ./Startup_Code/clock.o
 .debug_macro   0x000009ba       0x16 ./Startup_Code/clock.o
 .debug_macro   0x000009d0       0x35 ./Startup_Code/clock.o
 .debug_macro   0x00000a05       0xa3 ./Startup_Code/clock.o
 .debug_macro   0x00000aa8      0x166 ./Startup_Code/clock.o
 .debug_macro   0x00000c0e       0x4a ./Startup_Code/clock.o
 .debug_macro   0x00000c58       0x52 ./Startup_Code/clock.o
 .debug_macro   0x00000caa       0x16 ./Startup_Code/clock.o
 .debug_macro   0x00000cc0       0x43 ./Startup_Code/clock.o
 .debug_macro   0x00000d03      0x180 ./Startup_Code/clock.o
 .debug_macro   0x00000e83      0x2a6 ./Startup_Code/clock.o
 .debug_macro   0x00001129       0x10 ./Startup_Code/clock.o
 .debug_macro   0x00001139       0x35 ./Startup_Code/clock.o
 .debug_macro   0x0000116e      0x20f ./Startup_Code/clock.o
 .debug_macro   0x0000137d       0x2c ./Startup_Code/clock.o
 .debug_macro   0x000013a9       0x3a ./Startup_Code/clock.o
 .debug_macro   0x000013e3       0x1f ./Startup_Code/clock.o
 .debug_macro   0x00001402      0x250 ./Startup_Code/clock.o
 .debug_macro   0x00001652       0x10 ./Startup_Code/clock.o
 .debug_macro   0x00001662     0x35db ./Startup_Code/clock.o
 .debug_macro   0x00004c3d      0x322 ./Startup_Code/clock.o
 .debug_macro   0x00004f5f       0x52 ./Startup_Code/clock.o
 .debug_macro   0x00004fb1       0x22 ./Startup_Code/clock.o
 .debug_macro   0x00004fd3      0x142 ./Startup_Code/newlib_stubs.o
 .debug_macro   0x00005115       0x10 ./Startup_Code/newlib_stubs.o
 .debug_macro   0x00005125      0x23b ./Startup_Code/newlib_stubs.o
 .debug_macro   0x00005360       0x10 ./Startup_Code/newlib_stubs.o
 .debug_macro   0x00005370       0x10 ./Startup_Code/newlib_stubs.o
 .debug_macro   0x00005380       0x10 ./Startup_Code/newlib_stubs.o
 .debug_macro   0x00005390       0x10 ./Startup_Code/newlib_stubs.o
 .debug_macro   0x000053a0       0x22 ./Startup_Code/newlib_stubs.o
 .debug_macro   0x000053c2       0xbd ./Startup_Code/newlib_stubs.o
 .debug_macro   0x0000547f       0x2e ./Startup_Code/newlib_stubs.o
 .debug_macro   0x000054ad      0x120 ./Startup_Code/newlib_stubs.o
 .debug_macro   0x000055cd       0x16 ./Startup_Code/newlib_stubs.o
 .debug_macro   0x000055e3      0x48e ./Startup_Code/newlib_stubs.o
 .debug_macro   0x00005a71       0x9a ./Startup_Code/system.o
 .debug_macro   0x00005b0b       0x44 ./Startup_Code/system.o
 .debug_macro   0x00005b4f      0x209 ./Startup_Code/system.o
 .debug_macro   0x00005d58       0x32 ./Startup_Code/system.o
 .debug_macro   0x00005d8a      0x162 ./Startup_Code/vectors.o
 .debug_macro   0x00005eec      0x152 ./Sources/main.o
 .debug_macro   0x0000603e       0x16 ./Sources/main.o
 .debug_macro   0x00006054       0x97 ./Sources/main.o
 .debug_macro   0x000060eb       0x10 ./Sources/main.o
 .debug_macro   0x000060fb       0xef ./Sources/main.o
 .debug_macro   0x000061ea       0x16 ./Sources/main.o
 .debug_macro   0x00006200      0x14a ./Sources/main.o

.debug_line     0x00000000     0x114e
 .debug_line    0x00000000      0x3f6 ./Startup_Code/clock.o
 .debug_line    0x000003f6      0x3ec ./Startup_Code/newlib_stubs.o
 .debug_line    0x000007e2       0x75 ./Startup_Code/startup_ARMLtdGCC.o
 .debug_line    0x00000857      0x2a9 ./Startup_Code/system.o
 .debug_line    0x00000b00      0x35b ./Startup_Code/vectors.o
 .debug_line    0x00000e5b      0x2f3 ./Sources/main.o

.debug_str      0x00000000    0x1f4ca
 .debug_str     0x00000000    0x1ce3c ./Startup_Code/clock.o
                              0x1d021 (size before relaxing)
 .debug_str     0x0001ce3c     0x1d46 ./Startup_Code/newlib_stubs.o
                               0x60ea (size before relaxing)
 .debug_str     0x0001eb82       0xe3 ./Startup_Code/system.o
                              0x1993d (size before relaxing)
 .debug_str     0x0001ec65      0x231 ./Startup_Code/vectors.o
                              0x1be8b (size before relaxing)
 .debug_str     0x0001ee96      0x634 ./Sources/main.o
                              0x1b8c3 (size before relaxing)

.debug_frame    0x00000000      0x4b8
 .debug_frame   0x00000000       0x4c ./Startup_Code/clock.o
 .debug_frame   0x0000004c      0x284 ./Startup_Code/newlib_stubs.o
 .debug_frame   0x000002d0       0xd8 ./Startup_Code/system.o
 .debug_frame   0x000003a8       0x50 ./Startup_Code/vectors.o
 .debug_frame   0x000003f8       0x2c ./Sources/main.o
 .debug_frame   0x00000424       0x20 c:/apps/freescale/kds_3.0.0/toolchain/bin/../lib/gcc/arm-none-eabi/4.8.4/armv6-m\libgcc.a(_udivsi3.o)
 .debug_frame   0x00000444       0x28 c:/apps/freescale/kds_3.0.0/toolchain/bin/../lib/gcc/arm-none-eabi/4.8.4/../../../../arm-none-eabi/lib/armv6-m\libg_s.a(lib_a-exit.o)
 .debug_frame   0x0000046c       0x2c c:/apps/freescale/kds_3.0.0/toolchain/bin/../lib/gcc/arm-none-eabi/4.8.4/../../../../arm-none-eabi/lib/armv6-m\libg_s.a(lib_a-init.o)
 .debug_frame   0x00000498       0x20 c:/apps/freescale/kds_3.0.0/toolchain/bin/../lib/gcc/arm-none-eabi/4.8.4/../../../../arm-none-eabi/lib/armv6-m\libg_s.a(lib_a-memset.o)
