*** EVALUATION ***
PROGRAM "USBDM_CF_JS16CWJ_V4.abs"

*********************************************************************************************
TARGET SECTION
---------------------------------------------------------------------------------------------
Processor   : Freescale HC08
Memory Model: SMALL
File Format : ELF\DWARF 2.0
Linker      : SmartLinker V-5.0.48 Build 11346, Dec 13 2011

*********************************************************************************************
FILE SECTION
---------------------------------------------------------------------------------------------
BDMCommon_c.obj                         Model: SMALL,         Lang: ANSI-C
BDM_CF_c.obj                            Model: SMALL,         Lang: ANSI-C
CmdProcessing_c.obj                     Model: SMALL,         Lang: ANSI-C
CmdProcessingCFVx_c.obj                 Model: SMALL,         Lang: ANSI-C
ICP_c.obj                               Model: SMALL,         Lang: ANSI-C
ICP_USB_c.obj                           Model: SMALL,         Lang: ANSI-C
JTAG_c.obj                              Model: SMALL,         Lang: ANSI-C
JTAGSequence_c.obj                      Model: SMALL,         Lang: ANSI-C
USB_c.obj                               Model: SMALL,         Lang: ANSI-C
UserVectorTable_c.obj                   Model: SMALL,         Lang: ANSI-C
main_c.obj                              Model: SMALL,         Lang: ANSI-C
start08_c.obj                           Model: SMALL,         Lang: ANSI-C
mc9s08js16_c.obj                        Model: SMALL,         Lang: ANSI-C
rtshc08.o (ansiis.lib)                  Model: SMALL,         Lang: ANSI-C
string.o (ansiis.lib)                   Model: SMALL,         Lang: ANSI-C

*********************************************************************************************
STARTUP SECTION
---------------------------------------------------------------------------------------------
Entry point: 0xC07B (_Startup)
_startupData is allocated at 0xC084 and uses 6 Bytes
extern struct _tagStartup {
  unsigned nofZeroOut     4
  _Range   pZeroOut       0x80     66
                          0xC2     8
                          0x11D     287
                          0x1860     224
  _Copy    *toCopyDownBeg 0xF4B9
} _startupData;

*********************************************************************************************
SECTION-ALLOCATION SECTION
Section Name                    Size  Type     From       To       Segment
---------------------------------------------------------------------------------------------
Z_PAGE                            66   R/W       0x80       0xC1   Z_RAM
.data                              8   R/W       0xC2       0xC9   RAM
.stack                            83   R/W       0xCA      0x11C   RAM
.init                            132     R     0xC000     0xC083   ROM
.startData                        22     R     0xC084     0xC099   ROM
.rodata                          516     R     0xC09A     0xC29D   ROM
.text                          12827     R     0xC29E     0xF4B8   ROM
.copy                             31     R     0xF4B9     0xF4D7   ROM
USB_RAM                          224   R/W     0x1860     0x193F   USB_RAM_REGION
BOOT_ROM                         906     R     0xFC00     0xFF89   ICP_ROM1
BOOT_CONST                        36     R     0xFF8A     0xFFAD   ICP_ROM1
BOOT_RAM                          29     P       0x80       0x9C   ICP_RAM
BOOT_RAM2                         64     P      0x100      0x13F   ICP_RAM2
.abs_section_ffbd                  1     R     0xFFBD     0xFFBD   .absSeg0
.abs_section_ffbf                  1     R     0xFFBF     0xFFBF   .absSeg1
.abs_section_ffba                  1     R     0xFFBA     0xFFBA   .absSeg2
.abs_section_fffa                  2     R     0xFFFA     0xFFFB   .absSeg3
.abs_section_fffe                  2     R     0xFFFE     0xFFFF   .absSeg4
.abs_section_fffc                  1     R     0xFFFC     0xFFFC   .absSeg5
.abs_section_fffd                  1     R     0xFFFD     0xFFFD   .absSeg6
.abs_section_ffaf                  1     R     0xFFAF     0xFFAF   .absSeg7
.abs_section_1860                256   N/I     0x1860     0x195F   .absSeg11
.abs_section_1880                 64   N/I     0x1880     0x18BF   .absSeg9
.abs_section_18c0                 64   N/I     0x18C0     0x18FF   .absSeg10
.abs_section_6d                    1   N/I       0x6D       0x6D   .absSeg64
.abs_section_fb94                 46     R     0xFB94     0xFBC1   .absSeg13
.abs_section_fbc2                 60     R     0xFBC2     0xFBFD   .absSeg14
.abs_section_fbfe                  1     R     0xFBFE     0xFBFE   .absSeg15
.abs_section_0                     1   N/I        0x0        0x0   .absSeg16
.abs_section_1                     1   N/I        0x1        0x1   .absSeg17
.abs_section_2                     1   N/I        0x2        0x2   .absSeg18
.abs_section_3                     1   N/I        0x3        0x3   .absSeg19
.abs_section_8                     1   N/I        0x8        0x8   .absSeg20
.abs_section_9                     1   N/I        0x9        0x9   .absSeg21
.abs_section_a                     1   N/I        0xA        0xA   .absSeg22
.abs_section_b                     1   N/I        0xB        0xB   .absSeg23
.abs_section_c                     1   N/I        0xC        0xC   .absSeg24
.abs_section_d                     1   N/I        0xD        0xD   .absSeg25
.abs_section_10                    1   N/I       0x10       0x10   .absSeg26
.abs_section_15                    1   N/I       0x15       0x15   .absSeg27
.abs_section_18                    1   N/I       0x18       0x18   .absSeg28
.abs_section_1b                    1   N/I       0x1B       0x1B   .absSeg29
.abs_section_1c                    1   N/I       0x1C       0x1C   .absSeg30
.abs_section_1d                    1   N/I       0x1D       0x1D   .absSeg31
.abs_section_1e                    1   N/I       0x1E       0x1E   .absSeg32
.abs_section_22                    1   N/I       0x22       0x22   .absSeg33
.abs_section_23                    1   N/I       0x23       0x23   .absSeg34
.abs_section_24                    1   N/I       0x24       0x24   .absSeg35
.abs_section_25                    1   N/I       0x25       0x25   .absSeg36
.abs_section_26                    1   N/I       0x26       0x26   .absSeg37
.abs_section_27                    1   N/I       0x27       0x27   .absSeg38
.abs_section_30                    1   N/I       0x30       0x30   .absSeg39
.abs_section_31                    1   N/I       0x31       0x31   .absSeg40
.abs_section_32                    1   N/I       0x32       0x32   .absSeg41
.abs_section_33                    1   N/I       0x33       0x33   .absSeg42
.abs_section_40                    1   N/I       0x40       0x40   .absSeg43
.abs_section_41                    1   N/I       0x41       0x41   .absSeg44
.abs_section_42                    1   N/I       0x42       0x42   .absSeg45
.abs_section_43                    1   N/I       0x43       0x43   .absSeg46
.abs_section_44                    1   N/I       0x44       0x44   .absSeg47
.abs_section_48                    1   N/I       0x48       0x48   .absSeg48
.abs_section_49                    1   N/I       0x49       0x49   .absSeg49
.abs_section_4a                    1   N/I       0x4A       0x4A   .absSeg50
.abs_section_50                    1   N/I       0x50       0x50   .absSeg51
.abs_section_58                    1   N/I       0x58       0x58   .absSeg52
.abs_section_59                    1   N/I       0x59       0x59   .absSeg53
.abs_section_5a                    1   N/I       0x5A       0x5A   .absSeg54
.abs_section_60                    1   N/I       0x60       0x60   .absSeg55
.abs_section_61                    1   N/I       0x61       0x61   .absSeg56
.abs_section_62                    1   N/I       0x62       0x62   .absSeg57
.abs_section_63                    1   N/I       0x63       0x63   .absSeg58
.abs_section_64                    1   N/I       0x64       0x64   .absSeg59
.abs_section_65                    1   N/I       0x65       0x65   .absSeg60
.abs_section_66                    1   N/I       0x66       0x66   .absSeg61
.abs_section_67                    1   N/I       0x67       0x67   .absSeg62
.abs_section_68                    1   N/I       0x68       0x68   .absSeg63
.abs_section_6e                    1   N/I       0x6E       0x6E   .absSeg65
.abs_section_6f                    1   N/I       0x6F       0x6F   .absSeg66
.abs_section_70                    1   N/I       0x70       0x70   .absSeg67
.abs_section_71                    1   N/I       0x71       0x71   .absSeg68
.abs_section_72                    1   N/I       0x72       0x72   .absSeg69
.abs_section_73                    1   N/I       0x73       0x73   .absSeg70
.abs_section_1800                  1   N/I     0x1800     0x1800   .absSeg71
.abs_section_1801                  1   N/I     0x1801     0x1801   .absSeg72
.abs_section_1802                  1   N/I     0x1802     0x1802   .absSeg73
.abs_section_1803                  1   N/I     0x1803     0x1803   .absSeg74
.abs_section_1809                  1   N/I     0x1809     0x1809   .absSeg75
.abs_section_180a                  1   N/I     0x180A     0x180A   .absSeg76
.abs_section_180c                  1   N/I     0x180C     0x180C   .absSeg77
.abs_section_180d                  1   N/I     0x180D     0x180D   .absSeg78
.abs_section_180e                  1   N/I     0x180E     0x180E   .absSeg79
.abs_section_180f                  1   N/I     0x180F     0x180F   .absSeg80
.abs_section_1816                  1   N/I     0x1816     0x1816   .absSeg81
.abs_section_1817                  1   N/I     0x1817     0x1817   .absSeg82
.abs_section_1818                  1   N/I     0x1818     0x1818   .absSeg83
.abs_section_1820                  1   N/I     0x1820     0x1820   .absSeg84
.abs_section_1821                  1   N/I     0x1821     0x1821   .absSeg85
.abs_section_1823                  1   N/I     0x1823     0x1823   .absSeg86
.abs_section_1824                  1   N/I     0x1824     0x1824   .absSeg87
.abs_section_1825                  1   N/I     0x1825     0x1825   .absSeg88
.abs_section_1826                  1   N/I     0x1826     0x1826   .absSeg89
.abs_section_1840                  1   N/I     0x1840     0x1840   .absSeg90
.abs_section_1841                  1   N/I     0x1841     0x1841   .absSeg91
.abs_section_1842                  1   N/I     0x1842     0x1842   .absSeg92
.abs_section_1844                  1   N/I     0x1844     0x1844   .absSeg93
.abs_section_1845                  1   N/I     0x1845     0x1845   .absSeg94
.abs_section_1846                  1   N/I     0x1846     0x1846   .absSeg95
.abs_section_11                    2   N/I       0x11       0x12   .absSeg96
.abs_section_13                    2   N/I       0x13       0x14   .absSeg97
.abs_section_16                    2   N/I       0x16       0x17   .absSeg98
.abs_section_19                    2   N/I       0x19       0x1A   .absSeg99
.abs_section_20                    2   N/I       0x20       0x21   .absSeg100
.abs_section_34                    2   N/I       0x34       0x35   .absSeg101
.abs_section_36                    2   N/I       0x36       0x37   .absSeg102
.abs_section_1806                  2   N/I     0x1806     0x1807   .absSeg103
.abs_section_1810                  2   N/I     0x1810     0x1811   .absSeg104
.abs_section_1812                  2   N/I     0x1812     0x1813   .absSeg105
.abs_section_1814                  2   N/I     0x1814     0x1815   .absSeg106
.bss                             135   R/W      0x11D      0x1A3   RAM
.common                          152   R/W      0x1A4      0x23B   RAM
ICP_ROM2_107                      16     R     0xFFC0     0xFFCF   ICP_ROM2
ROM_110                         1724     R     0xF4D8     0xFB93   ROM

Summary of section sizes per section type:
READ_ONLY (R):        3FC7 (dec:    16327)
READ_WRITE (R/W):      29C (dec:      668)
NO_INIT (N/I):         1E6 (dec:      486)
PAGED (P):              5D (dec:       93)

*********************************************************************************************
VECTOR-ALLOCATION SECTION
    Address     InitValue   InitFunction
---------------------------------------------------------------------------------------------

*********************************************************************************************
OBJECT-ALLOCATION SECTION
     Name               Module                 Addr   hSize   dSize     Ref    Section   RLIB
---------------------------------------------------------------------------------------------
MODULE:                 -- BDMCommon_c.obj --
- PROCEDURES:
     fastTimerWait                             C29E      1B      27       2   .text       
     millisecondTimerWait                      C2B9      31      49       6   .text       
     initTimers                                C2EA      1E      30       2   .text       
     bdm_targetVddSense                        C308       1       1       1   .text       
     bdm_resetSense                            C309       A      10       2   .text       
     kbiHandler                                C313       5       5       1   .text       
     timerHandler                              C318       5       5       6   .text       
     acmpHandler                               C31D       5       5       1   .text       
     bdm_checkTargetVdd                        C322      11      17       4   .text       
     bdm_cycleTargetVddOn                      C333       4       4       1   .text       
     bdm_cycleTargetVddOff                     C337       2       2       1   .text       
     bdm_cycleTargetVdd                        C339      15      21       1   .text       
     bdm_init                                  C34E       8       8       1   .text       
     bdm_suspend                               C356       3       3       1   .text       
     bdm_interfaceOff                          C359       F      15       2   .text       
     bdm_off                                   C368       2       2       3   .text       
     bdm_setTarget                             C36A      74     116       2   .text       
- VARIABLES:
     cable_statusDefault                       C09A       D      13       1   .rodata     
MODULE:                 -- BDM_CF_c.obj --
- PROCEDURES:
     spi_setSpeed                              C3DE      57      87       2   .text       
     bdmcf_tx                                  C435      21      33       5   .text       
     bdmcf_complete_chk                        C456      47      71       5   .text       
     bdmcf_complete_chk_rx                     C49D       4       4       9   .text       
     bdmcf_rxtx                                C4A1      75     117       4   .text       
     bdmcf_rx                                  C516       A      10       8   .text       
     bdmcf_tx_msg                              C520      10      16      16   .text       
     bdmcf_tx_msg_half_rx                      C530      29      41       2   .text       
     bdmcf_rx_msg                              C559      19      25       1   .text       
     bdmcf_resync                              C572      33      51       1   .text       
     bdmcf_interfaceIdle                       C5A5      15      21       3   .text       
     bdmcf_init                                C5BA      30      48       1   .text       
     bdmcf_txRx16                              C5EA      17      23       5   .text       
     bdmcf_tx16                                C601       2       2       3   .text       
     bdmcf_txrx_start                          C603      18      24       7   .text       
     bdmCF_suspend                             C61B       3       3       1   .text       
- VARIABLES:
     SPISpeedValues                            C0A7      28      40       3   .rodata     
     SPIBaud                                     C2       1       1       2   .data       
     bitCount                                    80       1       1      29   Z_PAGE      
MODULE:                 -- CmdProcessing_c.obj --
- PROCEDURES:
     makeStatusWord                            C61E      2A      42       1   .text       
     optionalReconnect                         C648       2       2       1   .text       
     f_CMD_ILLEGAL                             C64A       3       3      34   .text       
     f_CMD_GET_COMMAND_STATUS                  C64D       3       3       1   .text       
     f_CMD_DEBUG                               C650      41      65       1   .text       
     f_CMD_SET_OPTIONS                         C691      14      20       1   .text       
     f_CMD_GET_CAPABILITIES                    C6A5      1F      31       1   .text       
     f_CMD_GET_BDM_STATUS                      C6C4      1C      28       1   .text       
     getPinStatus                              C6E0      1F      31       3   .text       
     f_CMD_CONTROL_PINS                        C6FF     163     355       6   .text       
     f_CMD_SET_VDD                             C862      15      21       1   .text       
     f_CMD_SET_TARGET                          C877      4B      75       1   .text       
     commandExec                               C8C2      98     152       1   .text       
     commandLoop                               C95A      2A      42       1   .text       
- VARIABLES:
     commonFunctionPtrs                        C0CF      1E      30       1   .rodata     
     CFVxfunctionPtrs                          C0ED      2E      46       1   .rodata     
     CFVxFunctionPointers                      C11B       4       4       1   .rodata     
     JTAGfunctionPtrs                          C11F      3C      60       1   .rodata     
     JTAGFunctionPointers                      C15B       4       4       1   .rodata     
     currentFunctions                           11D       2       2       5   .bss        
     commandToggle.1                            11F       1       1       2   .bss        
     cable_status                                81       D      13      24   Z_PAGE      
     bdm_option                                  8E       B      11       4   Z_PAGE      
     commandStatus                               99       1       1       5   Z_PAGE      
     returnSize                                  9A       1       1      21   Z_PAGE      
     commandBuffer                              1A4      91     145      84   .common     
- LABELS:
     __SEG_START_SSTACK                          CA       0       0       2               
     __SEG_END_SSTACK                           11D       0       0       3               
MODULE:                 -- CmdProcessingCFVx_c.obj --
- PROCEDURES:
     f_CMD_SPI_SET_SPEED                       C984       6       6       2   .text       
     f_CMD_SPI_GET_SPEED                       C98A       A      10       2   .text       
     f_CMD_CFVx_CONTROL_INTERFACE              C994      51      81       2   .text       
     f_CMD_CFVx_RESET                          C9E5      4C      76       1   .text       
     f_CMD_CFVx_RESYNC                         CA31       3       3       1   .text       
     cfvx_target_go                            CA34      40      64       2   .text       
     f_CMD_CFVx_STEP                           CA74       4       4       1   .text       
     f_CMD_CFVx_GO                             CA78       3       3       1   .text       
     f_CMD_CFVx_HALT                           CA7B      13      19       1   .text       
     f_CMD_CFVx_WRITE_MEM                      CA8E      E3     227       3   .text       
     f_CMD_CFVx_READ_MEM                       CB71      FC     252       4   .text       
     f_CMD_CFVx_WRITE_REG                      CC6D      24      36       1   .text       
     f_CMD_CFVx_READ_REG                       CC91      1C      28       1   .text       
     f_CMD_CFVx_WRITE_DREG                     CCAD      24      36       1   .text       
     f_CMD_CFVx_READ_DREG                      CCD1      1C      28       1   .text       
     f_CMD_CFVx_READ_STATUS_REG                CCED      11      17       1   .text       
     f_CMD_CFVx_WRITE_CREG                     CCFE      16      22       1   .text       
     f_CMD_CFVx_READ_CREG                      CD14      1C      28       1   .text       
     f_CMD_JTAG_RESET                          CD30      1B      27       1   .text       
     f_CMD_JTAG_GOTORESET                      CD4B       5       5       1   .text       
     f_CMD_JTAG_GOTOSHIFT                      CD50       8       8       1   .text       
     f_CMD_JTAG_WRITE                          CD58      15      21       1   .text       
     f_CMD_JTAG_READ                           CD6D      39      57       1   .text       
     f_CMD_JTAG_READ_WRITE                     CDA6      4F      79       1   .text       
     f_CMD_JTAG_EXECUTE_SEQUENCE               CDF5      69     105       1   .text       
- VARIABLES:
MODULE:                 -- ICP_c.obj --
- PROCEDURES:
     rebootToICP                               FC00       8       8       1   BOOT_ROM    
     detectICP                                 FC08      17      23       1   BOOT_ROM    
     flashInvalid                              FC1F      1D      29       1   BOOT_ROM    
     _userDetectICP                            FC3C       4       4       1   BOOT_ROM    
     myStartup                                 FC40      2C      44       1   BOOT_ROM    
- VARIABLES:
     icpKeyBytes                                 80       2       2       3   BOOT_RAM    
     NVPROT_INIT                               FFBD       1       1       0   .abs_section_ffbd
     NVOPT_INIT                                FFBF       1       1       0   .abs_section_ffbf
     CHECKSUM_BYPASS                           FFBA       1       1       0   .abs_section_ffba
     forceICPVector                            FFFA       2       2       0   .abs_section_fffa
     resetVector                               FFFE       2       2       0   .abs_section_fffe
     ICP_Version_SW                            FFFC       1       1       1   .abs_section_fffc
     ICP_Version_HW                            FFFD       1       1       1   .abs_section_fffd
- LABELS:
     __SEG_START_BOOT_ROM                      FC00       0       0       2               
MODULE:                 -- ICP_USB_c.obj --
- PROCEDURES:
     myMemcpy                                  FC6C      28      40       3   BOOT_ROM    
     initCrystalClock                          FC94      2D      45       1   BOOT_ROM    
     autoInitClock                             FCC1      37      55       1   BOOT_ROM    
     ep0StartOutTransaction                    FCF8      1C      28       3   BOOT_ROM    
     ep0StartSetupTransaction                  FD14       7       7       5   BOOT_ROM    
     ep0StartInTransaction                     FD1B      25      37       3   BOOT_ROM    
     ep0StartStatusInTransaction               FD40       9       9       2   BOOT_ROM    
     handleUSBReset                            FD49      1A      26       2   BOOT_ROM    
     initICP_USB                               FD63      1D      29       1   BOOT_ROM    
     handleGetDescriptor                       FD80      39      57       1   BOOT_ROM    
     setAddressCallback                        FDB9       8       8       1   BOOT_ROM    
     onStack                                   FDC1      2C      44       1   BOOT_ROM    
     doOnStack                                 FDED      28      40       3   BOOT_ROM    
     erasePageCommand                          FE15       8       8       1   BOOT_ROM    
     programRowCommand                         FE1D       5       5       1   BOOT_ROM    
     verifyRowCommand                          FE22      1B      27       1   BOOT_ROM    
     handleEp0InToken                          FE3D      1D      29       1   BOOT_ROM    
     handleEp0OutToken                         FE5A      1E      30       1   BOOT_ROM    
     icpReset                                  FE78       B      11       2   BOOT_ROM    
     handleSetupToken                          FE83      D2     210       1   BOOT_ROM    
     handleTokenComplete                       FF55      1C      28       1   BOOT_ROM    
     USBEventPollingLoop                       FF71      19      25       1   BOOT_ROM    
- VARIABLES:
     dataBuffer                                 100      40      64       3   BOOT_RAM2   
     deviceDescriptor                          FF8A      12      18       2   BOOT_CONST  
     otherDescriptors                          FF9C      12      18       3   BOOT_CONST  
     deviceStatus                              FFC0       2       2       1   ICP_ROM2_107
     initialEPState                            FFC2       3       3       2   ICP_ROM2_107
     clockFactors                              FFC5       6       6       3   ICP_ROM2_107
     versionConstant                           FFCB       5       5       1   ICP_ROM2_107
     ep0SetupBuffer                              82       8       8      13   BOOT_RAM    
     deviceState                                 8A       2       2       6   BOOT_RAM    
     ep0State                                    8C       3       3      16   BOOT_RAM    
     dataLength                                  8F       1       1       5   BOOT_RAM    
     startAddress                                90       2       2       6   BOOT_RAM    
     sourceAddress                               92       2       2       6   BOOT_RAM    
     flashCommand                                94       1       1       3   BOOT_RAM    
     flashData                                   95       1       1       2   BOOT_RAM    
     commandStatus                               96       1       1       3   BOOT_RAM    
     wlength.1                                   97       2       2       4   BOOT_RAM    
     dataSize.2                                  99       1       1       5   BOOT_RAM    
     dataPtr.3                                   9A       2       2       2   BOOT_RAM    
     intStatus.4                                 9C       1       1       5   BOOT_RAM    
     NV_MCGTRM_INIT                            FFAF       1       1       0   .abs_section_ffaf
     bdts                                      1860      1E      30       7   .abs_section_1860
     ep0InDataBuffer                           1880      40      64       1   .abs_section_1880
     ep0OutDataBuffer                          18C0      40      64       2   .abs_section_18c0
     usbRam                                    1860     100     256       1   .abs_section_1860
MODULE:                 -- JTAG_c.obj --
- PROCEDURES:
     jtag_set_hdr                              CE5E       4       4       1   .text       
     jtag_set_hir                              CE62       4       4       1   .text       
     jtag_set_tdr                              CE66       4       4       1   .text       
     jtag_set_tir                              CE6A       4       4       1   .text       
     jtag_interfaceIdle                        CE6E      29      41       2   .text       
     jtag_init                                 CE97      1D      29       1   .text       
     jtag_transition_reset                     CEB4      2B      43       2   .text       
     jtag_header_shift                         CEDF      55      85       1   .text       
     jtag_transition_shift                     CF34      61      97      11   .text       
     jtag_trailer_shift                        CF95      54      84       1   .text       
     jtag_exit_shift                           CFE9      82     130       3   .text       
     jtag_write                                D06B      80     128      35   .text       
     jtag_read                                 D0EB      AD     173       8   .text       
     jtag_read_write                           D198      D0     208      16   .text       
- VARIABLES:
     jtagFillByte                                C3       1       1      11   .data       
     dataRegisterHeader                         120       2       2       3   .bss        
     dataRegisterTrailer                        122       2       2       3   .bss        
     instructionRegisterHeader                  124       2       2       3   .bss        
     instructionRegisterTrailer                 126       2       2       3   .bss        
     tapState                                   128       2       2       7   .bss        
MODULE:                 -- JTAGSequence_c.obj --
- PROCEDURES:
     skipSequence                              D268     15E     350      10   .text       
     initJTAGSequence                          D3C6      12      18       1   .text       
     executeDSCTargetInstructionSequence       D3D8      DD     221       7   .text       
     DSC_readMemory                            D4B5      DF     223       2   .text       
     DSC_fastReadMemory                        D594     16D     365       4   .text       
     DSC_fastWriteMemory                       D701     158     344       4   .text       
     DSC_writeMemory                           D859      CC     204       2   .text       
     ARM_readAP                                D925     1A1     417       1   .text       
     ARM_writeAP                               DAC6     18A     394       1   .text       
     ARM_writeAPI                              DC50     104     260       1   .text       
     processJTAGSequence                       DD54     861    2145     138   .text       
- VARIABLES:
     enableONCECommand.1                       C15F       1       1       4   .rodata     
     writeOpcode.2                             C160       1       1       1   .rodata     
     writeOpcodeAndGo.3                        C161       1       1       1   .rodata     
     readOnceCommand.4                         C162       1       1       1   .rodata     
     loadAddressSequence.5                     C163       B      11       1   .rodata     
     readXMem8.6                               C16E       7       7       1   .rodata     
     readXMem16.7                              C175       7       7       1   .rodata     
     readXMem32.8                              C17C       7       7       1   .rodata     
     readPMem16.9                              C183       7       7       1   .rodata     
     readOnceCommand.10                        C18A       1       1       1   .rodata     
     loadAddressSequence.11                    C18B       B      11       1   .rodata     
     writeXMem8.12                             C196       A      10       1   .rodata     
     writeXMem16.13                            C1A0       7       7       1   .rodata     
     writeXMem32.14                            C1A7       7       7       1   .rodata     
     writePMem16.15                            C1AE       7       7       1   .rodata     
     writeOnceCommand.16                       C1B5       1       1       1   .rodata     
     writeOnceCommand.17                       C1B6       1       1       1   .rodata     
     inFill                                      C4       1       1       4   .data       
     exitAction                                  C5       1       1      10   .data       
     repeatTOS                                   C6       2       2       9   .data       
     subroutineTOS                               C8       2       2       4   .data       
     subPtrs                                    12A       8       8       5   .bss        
     complete                                   132       1       1       3   .bss        
     rc                                         133       1       1       6   .bss        
     variables                                  134      10      16      16   .bss        
     iterator                                   144       2       2      15   .bss        
     startOfIteration                           146       2       2      12   .bss        
     tempValue                                  148       4       4      26   .bss        
     repeatStack                                14C      18      24       1   .bss        
     subroutineStack                            164      10      16       1   .bss        
     subroutineCache                            174      2A      42       3   .bss        
     sequence                                    9B       2       2      72   Z_PAGE      
     dataOutPtr                                  9D       2       2      55   Z_PAGE      
     dataInPtr                                  235       2       2      34   .common     
     opcode                                     237       1       1       3   .common     
     numBits                                    238       1       1      13   .common     
     regNo                                      239       1       1       7   .common     
     adjustment                                 23A       2       2       9   .common     
MODULE:                 -- USB_c.obj --
- PROCEDURES:
     initEndpointBuffers                       E5B5      12      18       1   .text       
     ep0InitialiseBDTOut                       E5C7      14      20       2   .text       
     ep0SaveOutData                            E5DB      44      68       1   .text       
     ep0ConfigureSetupTransaction              E61F       C      12       4   .text       
     ep0EnsureReadyForSetupTransaction         E62B      2A      42       2   .text       
     ep0InitialiseBDTIn                        E655      59      89       2   .text       
     ep0StartInTransaction                     E6AE      6C     108      10   .text       
     ep1InitialiseBDTOut                       E71A      15      21       3   .text       
     ep1SaveOutData                            E72F      44      68       1   .text       
     ep1StartOutTransaction                    E773      11      17       2   .text       
     ep2InitialiseBDTIn                        E784      59      89       2   .text       
     ep2StartInTransaction                     E7DD      1F      31       3   .text       
     setBDMBusy                                E7FC      16      22       5   .text       
     receiveUSBCommand                         E812      BA     186       2   .text       
     sendUSBResponse                           E8CC      1E      30       1   .text       
     epStall                                   E8EA      35      53       9   .text       
     epClearStall                              E91F      1F      31       5   .text       
     setUSBdefaultState                        E93E       C      12       3   .text       
     setUSBaddressedState                      E94A      16      22       2   .text       
     setUSBconfiguredState                     E960      19      25       1   .text       
     initialiseEndpoints                       E979      37      55       1   .text       
     handleUSBReset                            E9B0      15      21       2   .text       
     initUSB                                   E9C5      2D      45       1   .text       
     handleGetStatus                           E9F2      5D      93       1   .text       
     handleClearFeature                        EA4F      4D      77       1   .text       
     handleSetFeature                          EA9C      4D      77       1   .text       
     utf8ToStringDescriptor                    EAE9      F9     249       3   .text       
     handleGetDescriptor                       EBE2      9F     159       1   .text       
     resetDeviceCallback                       EC81       4       4       1   .text       
     setAddressCallback                        EC85      20      32       1   .text       
     handleSetAddress                          ECA5      1A      26       1   .text       
     handleGetConfiguration                    ECBF       B      11       1   .text       
     handleSetConfiguration                    ECCA      24      36       1   .text       
     handleGetInterface                        ECEE      2F      47       1   .text       
     handleUnexpected                          ED1D       4       4       1   .text       
     handleSetupToken                          ED21      D5     213       1   .text       
     ep0HandleInToken                          EDF6      6E     110       1   .text       
     ep0HandleOutToken                         EE64      56      86       1   .text       
     ep0HandleStallComplete                    EEBA       7       7       1   .text       
     ep1HandleOutToken                         EEC1      36      54       1   .text       
     ep2HandleInToken                          EEF7      56      86       1   .text       
     handleTokenComplete                       EF4D      4E      78       1   .text       
     handleSOFToken                            EF9B      34      52       1   .text       
     handleUSBSuspend                          EFCF      1E      30       1   .text       
     handleUSBResume                           EFED       A      10       1   .text       
     USBInterruptHandler                       EFF7      60      96       1   .text       
- VARIABLES:
     deviceDescriptor                          C1B7      12      18       1   .rodata     
     otherDescriptors                          C1C9      20      32       4   .rodata     
     sd0                                       C1E9       4       4       1   .rodata     
     sd1                                       C1ED       4       4       1   .rodata     
     sd2                                       C1F1      1E      30       1   .rodata     
     sd4                                       C20F      14      20       1   .rodata     
     sd5                                       C223      14      20       1   .rodata     
     sd6                                       C237      14      20       1   .rodata     
     sd7                                       C24B      1A      26       1   .rodata     
     sd8                                       C265      17      23       1   .rodata     
     stringDescriptors                         C27C      12      18       2   .rodata     
     busyResponse                              C28E       4       4       2   .rodata     
     zeroReturn.9                              C292       2       2       1   .rodata     
     epStatusStalled.10                        C294       2       2       1   .rodata     
     epStatusOK.11                             C296       2       2       1   .rodata     
     epHardwareState                            19E       3       3      43   .bss        
     commandBusyFlag                            1A1       1       1       3   .bss        
     reInit                                     1A2       1       1       9   .bss        
     usbActivityFlag                            1A3       1       1       3   .bss        
     deviceState                                 9F       6       6      26   Z_PAGE      
     ep0State                                    A5       7       7      34   Z_PAGE      
     ep1State                                    AC       7       7      16   Z_PAGE      
     ep2State                                    B3       7       7      12   Z_PAGE      
     ep0SetupBuffer                              BA       8       8      45   Z_PAGE      
     usbRamArea                                1860      E0     224      22   USB_RAM     
     EPCTL                                       6D       7       7       6   .abs_section_6d
MODULE:                 -- UserVectorTable_c.obj --
- PROCEDURES:
     dummyISR                                  F057       4       4      20   .text       
- VARIABLES:
     ICP_data                                  FB94      2E      46       4   .abs_section_fb94
     userVectorTable                           FBC2      3C      60       2   .abs_section_fbc2
     versionOffset                             FBFE       1       1       0   .abs_section_fbfe
- LABELS:
     __SEG_START__PRESTART                     C000       0       0       1               
MODULE:                 -- main_c.obj --
- PROCEDURES:
     userDetectICP                             F05B       2       2       1   .text       
     initCrystalClock                          F05D      2D      45       1   .text       
     autoInitClock                             F08A      37      55       1   .text       
     clearStack                                F0C1      14      20       1   .text       
     init                                      F0D5      27      39       1   .text       
     main                                      F0FC       8       8       1   .text       
- VARIABLES:
     clockFactors                              C298       6       6       3   .rodata     
MODULE:                 -- start08_c.obj --
- PROCEDURES:
     loadByte                                  C000       E      14       5   .init       
     Init                                      C00E      6D     109       1   .init       
     _Startup                                  C07B       9       9       1   .init       
- VARIABLES:
     _startupData                              C084       6       6       4   .startData  
MODULE:                 -- mc9s08js16_c.obj --
- PROCEDURES:
- VARIABLES:
     _PTAD                                        0       1       1      97   .abs_section_0
     _PTADD                                       1       1       1      40   .abs_section_1
     _PTBD                                        2       1       1      15   .abs_section_2
     _PTBDD                                       3       1       1       7   .abs_section_3
     _MTIMSC                                      8       1       1       0   .abs_section_8
     _MTIMCLK                                     9       1       1       0   .abs_section_9
     _MTIMCNT                                     A       1       1       0   .abs_section_a
     _MTIMMOD                                     B       1       1       0   .abs_section_b
     _CRCH                                        C       1       1       0   .abs_section_c
     _CRCL                                        D       1       1       0   .abs_section_d
     _TPMSC                                      10       1       1       1   .abs_section_10
     _TPMC0SC                                    15       1       1       0   .abs_section_15
     _TPMC1SC                                    18       1       1       5   .abs_section_18
     _IRQSC                                      1B       1       1       0   .abs_section_1b
     _KBISC                                      1C       1       1       4   .abs_section_1c
     _KBIPE                                      1D       1       1       2   .abs_section_1d
     _KBIES                                      1E       1       1       1   .abs_section_1e
     _SCIC1                                      22       1       1       0   .abs_section_22
     _SCIC2                                      23       1       1       0   .abs_section_23
     _SCIS1                                      24       1       1       0   .abs_section_24
     _SCIS2                                      25       1       1       0   .abs_section_25
     _SCIC3                                      26       1       1       0   .abs_section_26
     _SCID                                       27       1       1       0   .abs_section_27
     _SPIC1                                      30       1       1       4   .abs_section_30
     _SPIC2                                      31       1       1       1   .abs_section_31
     _SPIBR                                      32       1       1       1   .abs_section_32
     _SPIS                                       33       1       1       2   .abs_section_33
     _MCGC1                                      40       1       1       6   .abs_section_40
     _MCGC2                                      41       1       1       4   .abs_section_41
     _MCGTRM                                     42       1       1       0   .abs_section_42
     _MCGSC                                      43       1       1      10   .abs_section_43
     _MCGC3                                      44       1       1       2   .abs_section_44
     _RTCSC                                      48       1       1       6   .abs_section_48
     _RTCCNT                                     49       1       1       0   .abs_section_49
     _RTCMOD                                     4A       1       1       2   .abs_section_4a
     _USBCTL0                                    50       1       1      11   .abs_section_50
     _PERID                                      58       1       1       0   .abs_section_58
     _IDCOMP                                     59       1       1       0   .abs_section_59
     _REV                                        5A       1       1       0   .abs_section_5a
     _INTSTAT                                    60       1       1      17   .abs_section_60
     _INTENB                                     61       1       1       5   .abs_section_61
     _ERRSTAT                                    62       1       1       2   .abs_section_62
     _ERRENB                                     63       1       1       2   .abs_section_63
     _STAT                                       64       1       1       3   .abs_section_64
     _CTL                                        65       1       1       5   .abs_section_65
     _ADDR                                       66       1       1       6   .abs_section_66
     _FRMNUML                                    67       1       1       1   .abs_section_67
     _FRMNUMH                                    68       1       1       1   .abs_section_68
     _EPCTL0                                     6D       1       1       2   .abs_section_6d
     _EPCTL1                                     6E       1       1       2   .abs_section_6e
     _EPCTL2                                     6F       1       1       2   .abs_section_6f
     _EPCTL3                                     70       1       1       0   .abs_section_70
     _EPCTL4                                     71       1       1       0   .abs_section_71
     _EPCTL5                                     72       1       1       0   .abs_section_72
     _EPCTL6                                     73       1       1       0   .abs_section_73
     _SRS                                      1800       1       1       1   .abs_section_1800
     _SBDFR                                    1801       1       1       0   .abs_section_1801
     _SOPT1                                    1802       1       1       2   .abs_section_1802
     _SOPT2                                    1803       1       1       0   .abs_section_1803
     _SPMSC1                                   1809       1       1       0   .abs_section_1809
     _SPMSC2                                   180A       1       1       0   .abs_section_180a
     _FTRIM                                    180C       1       1       0   .abs_section_180c
     _MCGTRIM                                  180D       1       1       0   .abs_section_180d
     _FPROTD                                   180E       1       1       0   .abs_section_180e
     _SIGNATURE                                180F       1       1       0   .abs_section_180f
     _DBGC                                     1816       1       1       0   .abs_section_1816
     _DBGT                                     1817       1       1       0   .abs_section_1817
     _DBGS                                     1818       1       1       0   .abs_section_1818
     _FCDIV                                    1820       1       1       1   .abs_section_1820
     _FOPT                                     1821       1       1       0   .abs_section_1821
     _FCNFG                                    1823       1       1       0   .abs_section_1823
     _FPROT                                    1824       1       1       0   .abs_section_1824
     _FSTAT                                    1825       1       1       4   .abs_section_1825
     _FCMD                                     1826       1       1       1   .abs_section_1826
     _PTAPE                                    1840       1       1       5   .abs_section_1840
     _PTASE                                    1841       1       1       0   .abs_section_1841
     _PTADS                                    1842       1       1       0   .abs_section_1842
     _PTBPE                                    1844       1       1       1   .abs_section_1844
     _PTBSE                                    1845       1       1       0   .abs_section_1845
     _PTBDS                                    1846       1       1       0   .abs_section_1846
     _TPMCNT                                     11       2       2       2   .abs_section_11
     _TPMMOD                                     13       2       2       0   .abs_section_13
     _TPMC0V                                     16       2       2       0   .abs_section_16
     _TPMC1V                                     19       2       2       3   .abs_section_19
     _SCIBD                                      20       2       2       0   .abs_section_20
     _SPID16                                     34       2       2       3   .abs_section_34
     _SPIM                                       36       2       2       0   .abs_section_36
     _SDID                                     1806       2       2       0   .abs_section_1806
     _DBGCA                                    1810       2       2       0   .abs_section_1810
     _DBGCB                                    1812       2       2       0   .abs_section_1812
     _DBGF                                     1814       2       2       0   .abs_section_1814
MODULE:                 -- rtshc08.o (ansiis.lib) --
- PROCEDURES:
     _PUSH_ARGS_L                              F104      20      32       1   .text       
     _ENTER_UNARY_L                            F124      29      41       1   .text       
     _ENTER_BINARY_L_RC                        F14D      19      25       3   .text       
     _LADD_k_is_k_plus_j                       F166      1F      31       1   .text       
     _k_is_k_plus_j_l                          F185      1E      30       2   .text       
     _k_is_k_plus_j_i                          F1A3      12      18       3   .text       
     _LMUL_k_is_k_mul_j                        F1B5      81     129       1   .text       
     _LDIVMOD                                  F236      A4     164       1   .text       
     _LDIVU_k_is_k_div_j                       F2DA      17      23       1   .text       
     _ILSL                                     F2F1       C      12       1   .text       
     _LADD_RC                                  F2FD       6       6       1   .text       
     _LMUL_RC                                  F303       6       6       1   .text       
     _LDIVU_RC                                 F309       6       6       1   .text       
     _LLSR                                     F30F      16      22       1   .text       
     _COPY                                     F325      30      48       4   .text       
     _POP32                                    F355      1A      26       1   .text       
     _SEXT16_32                                F36F       D      13       2   .text       
     _Jump_Table_Offset                        F37C      19      25       7   .text       
     _Jump_Table_Header_Addr                   F395      2F      47       1   .text       
     _Jump_Table_Header_Offset                 F3C4      24      36      12   .text       
     _Search_Table_8_Addr                      F3E8      21      33       1   .text       
     _Search_Table_8_Offset                    F409      25      37       3   .text       
     _PUSH_CC                                  F42E       F      15       1   .text       
     _POP_CC                                   F43D       F      15       1   .text       
- VARIABLES:
MODULE:                 -- string.o (ansiis.lib) --
- PROCEDURES:
     memcpy                                    F44C      3D      61      10   .text       
     memset                                    F489      30      48       4   .text       
- VARIABLES:

*********************************************************************************************
MODULE STATISTIC
  Name                                      Data   Code  Const
---------------------------------------------------------------------------------------------
  BDMCommon_c.obj                              0    320     13
  BDM_CF_c.obj                                 2    576     40
  CmdProcessing_c.obj                        174    870    144
  CmdProcessingCFVx_c.obj                      0   1242      0
  ICP_c.obj                                    2    108      9
  ICP_USB_c.obj                              505    798     53
  JTAG_c.obj                                  11   1034      0
  JTAGSequence_c.obj                         133   4941     88
  USB_c.obj                                  272   2722    225
  UserVectorTable_c.obj                        0      4    107
  main_c.obj                                   0    169      6
  start08_c.obj                                0    132      0
  mc9s08js16_c.obj                           102      0      0
  rtshc08.o (ansiis.lib)                       0    840      0
  string.o (ansiis.lib)                        0    109      0
  other                                       83   1747     31

*********************************************************************************************
SECTION USE IN OBJECT-ALLOCATION SECTION
---------------------------------------------------------------------------------------------
SECTION: ".text"
  fastTimerWait millisecondTimerWait initTimers bdm_targetVddSense 
  bdm_resetSense kbiHandler timerHandler acmpHandler bdm_checkTargetVdd 
  bdm_cycleTargetVddOn bdm_cycleTargetVddOff bdm_cycleTargetVdd bdm_init 
  bdm_suspend bdm_interfaceOff bdm_off bdm_setTarget spi_setSpeed bdmcf_tx 
  bdmcf_complete_chk bdmcf_complete_chk_rx bdmcf_rxtx bdmcf_rx bdmcf_tx_msg 
  bdmcf_tx_msg_half_rx bdmcf_rx_msg bdmcf_resync bdmcf_interfaceIdle bdmcf_init 
  bdmcf_txRx16 bdmcf_tx16 bdmcf_txrx_start bdmCF_suspend makeStatusWord 
  optionalReconnect f_CMD_ILLEGAL f_CMD_GET_COMMAND_STATUS f_CMD_DEBUG 
  f_CMD_SET_OPTIONS f_CMD_GET_CAPABILITIES f_CMD_GET_BDM_STATUS getPinStatus 
  f_CMD_CONTROL_PINS f_CMD_SET_VDD f_CMD_SET_TARGET commandExec commandLoop 
  f_CMD_SPI_SET_SPEED f_CMD_SPI_GET_SPEED f_CMD_CFVx_CONTROL_INTERFACE 
  f_CMD_CFVx_RESET f_CMD_CFVx_RESYNC cfvx_target_go f_CMD_CFVx_STEP 
  f_CMD_CFVx_GO f_CMD_CFVx_HALT f_CMD_CFVx_WRITE_MEM f_CMD_CFVx_READ_MEM 
  f_CMD_CFVx_WRITE_REG f_CMD_CFVx_READ_REG f_CMD_CFVx_WRITE_DREG 
  f_CMD_CFVx_READ_DREG f_CMD_CFVx_READ_STATUS_REG f_CMD_CFVx_WRITE_CREG 
  f_CMD_CFVx_READ_CREG f_CMD_JTAG_RESET f_CMD_JTAG_GOTORESET 
  f_CMD_JTAG_GOTOSHIFT f_CMD_JTAG_WRITE f_CMD_JTAG_READ f_CMD_JTAG_READ_WRITE 
  f_CMD_JTAG_EXECUTE_SEQUENCE jtag_set_hdr jtag_set_hir jtag_set_tdr 
  jtag_set_tir jtag_interfaceIdle jtag_init jtag_transition_reset 
  jtag_header_shift jtag_transition_shift jtag_trailer_shift jtag_exit_shift 
  jtag_write jtag_read jtag_read_write skipSequence initJTAGSequence 
  executeDSCTargetInstructionSequence DSC_readMemory DSC_fastReadMemory 
  DSC_fastWriteMemory DSC_writeMemory ARM_readAP ARM_writeAP ARM_writeAPI 
  processJTAGSequence initEndpointBuffers ep0InitialiseBDTOut ep0SaveOutData 
  ep0ConfigureSetupTransaction ep0EnsureReadyForSetupTransaction 
  ep0InitialiseBDTIn ep0StartInTransaction ep1InitialiseBDTOut ep1SaveOutData 
  ep1StartOutTransaction ep2InitialiseBDTIn ep2StartInTransaction setBDMBusy 
  receiveUSBCommand sendUSBResponse epStall epClearStall setUSBdefaultState 
  setUSBaddressedState setUSBconfiguredState initialiseEndpoints handleUSBReset 
  initUSB handleGetStatus handleClearFeature handleSetFeature 
  utf8ToStringDescriptor handleGetDescriptor resetDeviceCallback 
  setAddressCallback handleSetAddress handleGetConfiguration 
  handleSetConfiguration handleGetInterface handleUnexpected handleSetupToken 
  ep0HandleInToken ep0HandleOutToken ep0HandleStallComplete ep1HandleOutToken 
  ep2HandleInToken handleTokenComplete handleSOFToken handleUSBSuspend 
  handleUSBResume USBInterruptHandler dummyISR userDetectICP initCrystalClock 
  autoInitClock clearStack init main _PUSH_ARGS_L _ENTER_UNARY_L 
  _ENTER_BINARY_L_RC _LADD_k_is_k_plus_j _k_is_k_plus_j_l _k_is_k_plus_j_i 
  _LMUL_k_is_k_mul_j _LDIVMOD _LDIVU_k_is_k_div_j _ILSL _LADD_RC _LMUL_RC 
  _LDIVU_RC _LLSR _COPY _POP32 _SEXT16_32 _Jump_Table_Offset 
  _Jump_Table_Header_Addr _Jump_Table_Header_Offset _Search_Table_8_Addr 
  _Search_Table_8_Offset _PUSH_CC _POP_CC memcpy memset 
SECTION: ".data"
  SPIBaud jtagFillByte inFill exitAction repeatTOS subroutineTOS 
SECTION: ".bss"
  currentFunctions commandToggle.1 dataRegisterHeader dataRegisterTrailer 
  instructionRegisterHeader instructionRegisterTrailer tapState subPtrs 
  complete rc variables iterator startOfIteration tempValue repeatStack 
  subroutineStack subroutineCache epHardwareState commandBusyFlag reInit 
  usbActivityFlag 
SECTION: ".init"
  loadByte Init _Startup 
SECTION: ".rodata"
  cable_statusDefault SPISpeedValues commonFunctionPtrs CFVxfunctionPtrs 
  CFVxFunctionPointers JTAGfunctionPtrs JTAGFunctionPointers 
  enableONCECommand.1 writeOpcode.2 writeOpcodeAndGo.3 readOnceCommand.4 
  loadAddressSequence.5 readXMem8.6 readXMem16.7 readXMem32.8 readPMem16.9 
  readOnceCommand.10 loadAddressSequence.11 writeXMem8.12 writeXMem16.13 
  writeXMem32.14 writePMem16.15 writeOnceCommand.16 writeOnceCommand.17 
  deviceDescriptor otherDescriptors sd0 sd1 sd2 sd4 sd5 sd6 sd7 sd8 
  stringDescriptors busyResponse zeroReturn.9 epStatusStalled.10 epStatusOK.11 
  clockFactors 
SECTION: "Z_PAGE"
  bitCount cable_status bdm_option commandStatus returnSize sequence 
  dataOutPtr deviceState ep0State ep1State ep2State ep0SetupBuffer 
SECTION: "USB_RAM"
  usbRamArea 
SECTION: "BOOT_ROM"
  rebootToICP detectICP flashInvalid _userDetectICP myStartup myMemcpy 
  initCrystalClock autoInitClock ep0StartOutTransaction 
  ep0StartSetupTransaction ep0StartInTransaction ep0StartStatusInTransaction 
  handleUSBReset initICP_USB handleGetDescriptor setAddressCallback onStack 
  doOnStack erasePageCommand programRowCommand verifyRowCommand 
  handleEp0InToken handleEp0OutToken icpReset handleSetupToken 
  handleTokenComplete USBEventPollingLoop 
SECTION: "BOOT_CONST"
  deviceDescriptor otherDescriptors 
SECTION: "BOOT_RAM"
  icpKeyBytes ep0SetupBuffer deviceState ep0State dataLength startAddress 
  sourceAddress flashCommand flashData commandStatus wlength.1 dataSize.2 
  dataPtr.3 intStatus.4 
SECTION: "BOOT_RAM2"
  dataBuffer 
SECTION: ".common"
  commandBuffer dataInPtr opcode numBits regNo adjustment 
SECTION: ".abs_section_ffbd"
  NVPROT_INIT 
SECTION: ".abs_section_ffbf"
  NVOPT_INIT 
SECTION: ".abs_section_ffba"
  CHECKSUM_BYPASS 
SECTION: ".abs_section_fffa"
  forceICPVector 
SECTION: ".abs_section_fffe"
  resetVector 
SECTION: ".abs_section_fffc"
  ICP_Version_SW 
SECTION: ".abs_section_fffd"
  ICP_Version_HW 
SECTION: ".abs_section_ffaf"
  NV_MCGTRM_INIT 
SECTION: ".abs_section_1860"
  usbRam bdts 
SECTION: ".abs_section_1880"
  ep0InDataBuffer 
SECTION: ".abs_section_18c0"
  ep0OutDataBuffer 
SECTION: ".abs_section_6d"
  _EPCTL0 EPCTL 
SECTION: ".abs_section_fb94"
  ICP_data 
SECTION: ".abs_section_fbc2"
  userVectorTable 
SECTION: ".abs_section_fbfe"
  versionOffset 
SECTION: ".abs_section_0"
  _PTAD 
SECTION: ".abs_section_1"
  _PTADD 
SECTION: ".abs_section_2"
  _PTBD 
SECTION: ".abs_section_3"
  _PTBDD 
SECTION: ".abs_section_8"
  _MTIMSC 
SECTION: ".abs_section_9"
  _MTIMCLK 
SECTION: ".abs_section_a"
  _MTIMCNT 
SECTION: ".abs_section_b"
  _MTIMMOD 
SECTION: ".abs_section_c"
  _CRCH 
SECTION: ".abs_section_d"
  _CRCL 
SECTION: ".abs_section_10"
  _TPMSC 
SECTION: ".abs_section_15"
  _TPMC0SC 
SECTION: ".abs_section_18"
  _TPMC1SC 
SECTION: ".abs_section_1b"
  _IRQSC 
SECTION: ".abs_section_1c"
  _KBISC 
SECTION: ".abs_section_1d"
  _KBIPE 
SECTION: ".abs_section_1e"
  _KBIES 
SECTION: ".abs_section_22"
  _SCIC1 
SECTION: ".abs_section_23"
  _SCIC2 
SECTION: ".abs_section_24"
  _SCIS1 
SECTION: ".abs_section_25"
  _SCIS2 
SECTION: ".abs_section_26"
  _SCIC3 
SECTION: ".abs_section_27"
  _SCID 
SECTION: ".abs_section_30"
  _SPIC1 
SECTION: ".abs_section_31"
  _SPIC2 
SECTION: ".abs_section_32"
  _SPIBR 
SECTION: ".abs_section_33"
  _SPIS 
SECTION: ".abs_section_40"
  _MCGC1 
SECTION: ".abs_section_41"
  _MCGC2 
SECTION: ".abs_section_42"
  _MCGTRM 
SECTION: ".abs_section_43"
  _MCGSC 
SECTION: ".abs_section_44"
  _MCGC3 
SECTION: ".abs_section_48"
  _RTCSC 
SECTION: ".abs_section_49"
  _RTCCNT 
SECTION: ".abs_section_4a"
  _RTCMOD 
SECTION: ".abs_section_50"
  _USBCTL0 
SECTION: ".abs_section_58"
  _PERID 
SECTION: ".abs_section_59"
  _IDCOMP 
SECTION: ".abs_section_5a"
  _REV 
SECTION: ".abs_section_60"
  _INTSTAT 
SECTION: ".abs_section_61"
  _INTENB 
SECTION: ".abs_section_62"
  _ERRSTAT 
SECTION: ".abs_section_63"
  _ERRENB 
SECTION: ".abs_section_64"
  _STAT 
SECTION: ".abs_section_65"
  _CTL 
SECTION: ".abs_section_66"
  _ADDR 
SECTION: ".abs_section_67"
  _FRMNUML 
SECTION: ".abs_section_68"
  _FRMNUMH 
SECTION: ".abs_section_6e"
  _EPCTL1 
SECTION: ".abs_section_6f"
  _EPCTL2 
SECTION: ".abs_section_70"
  _EPCTL3 
SECTION: ".abs_section_71"
  _EPCTL4 
SECTION: ".abs_section_72"
  _EPCTL5 
SECTION: ".abs_section_73"
  _EPCTL6 
SECTION: ".abs_section_1800"
  _SRS 
SECTION: ".abs_section_1801"
  _SBDFR 
SECTION: ".abs_section_1802"
  _SOPT1 
SECTION: ".abs_section_1803"
  _SOPT2 
SECTION: ".abs_section_1809"
  _SPMSC1 
SECTION: ".abs_section_180a"
  _SPMSC2 
SECTION: ".abs_section_180c"
  _FTRIM 
SECTION: ".abs_section_180d"
  _MCGTRIM 
SECTION: ".abs_section_180e"
  _FPROTD 
SECTION: ".abs_section_180f"
  _SIGNATURE 
SECTION: ".abs_section_1816"
  _DBGC 
SECTION: ".abs_section_1817"
  _DBGT 
SECTION: ".abs_section_1818"
  _DBGS 
SECTION: ".abs_section_1820"
  _FCDIV 
SECTION: ".abs_section_1821"
  _FOPT 
SECTION: ".abs_section_1823"
  _FCNFG 
SECTION: ".abs_section_1824"
  _FPROT 
SECTION: ".abs_section_1825"
  _FSTAT 
SECTION: ".abs_section_1826"
  _FCMD 
SECTION: ".abs_section_1840"
  _PTAPE 
SECTION: ".abs_section_1841"
  _PTASE 
SECTION: ".abs_section_1842"
  _PTADS 
SECTION: ".abs_section_1844"
  _PTBPE 
SECTION: ".abs_section_1845"
  _PTBSE 
SECTION: ".abs_section_1846"
  _PTBDS 
SECTION: ".abs_section_11"
  _TPMCNT 
SECTION: ".abs_section_13"
  _TPMMOD 
SECTION: ".abs_section_16"
  _TPMC0V 
SECTION: ".abs_section_19"
  _TPMC1V 
SECTION: ".abs_section_20"
  _SCIBD 
SECTION: ".abs_section_34"
  _SPID16 
SECTION: ".abs_section_36"
  _SPIM 
SECTION: ".abs_section_1806"
  _SDID 
SECTION: ".abs_section_1810"
  _DBGCA 
SECTION: ".abs_section_1812"
  _DBGCB 
SECTION: ".abs_section_1814"
  _DBGF 
SECTION: "ICP_ROM2_107"
  deviceStatus initialEPState clockFactors versionConstant 

*********************************************************************************************
OBJECT LIST SORTED BY ADDRESS
     Name                                      Addr   hSize   dSize     Ref    Section   RLIB
---------------------------------------------------------------------------------------------
     _PTAD                                        0       1       1      97   .abs_section_0
     _PTADD                                       1       1       1      40   .abs_section_1
     _PTBD                                        2       1       1      15   .abs_section_2
     _PTBDD                                       3       1       1       7   .abs_section_3
     _MTIMSC                                      8       1       1       0   .abs_section_8
     _MTIMCLK                                     9       1       1       0   .abs_section_9
     _MTIMCNT                                     A       1       1       0   .abs_section_a
     _MTIMMOD                                     B       1       1       0   .abs_section_b
     _CRCH                                        C       1       1       0   .abs_section_c
     _CRCL                                        D       1       1       0   .abs_section_d
     _TPMSC                                      10       1       1       1   .abs_section_10
     _TPMCNT                                     11       2       2       2   .abs_section_11
     _TPMMOD                                     13       2       2       0   .abs_section_13
     _TPMC0SC                                    15       1       1       0   .abs_section_15
     _TPMC0V                                     16       2       2       0   .abs_section_16
     _TPMC1SC                                    18       1       1       5   .abs_section_18
     _TPMC1V                                     19       2       2       3   .abs_section_19
     _IRQSC                                      1B       1       1       0   .abs_section_1b
     _KBISC                                      1C       1       1       4   .abs_section_1c
     _KBIPE                                      1D       1       1       2   .abs_section_1d
     _KBIES                                      1E       1       1       1   .abs_section_1e
     _SCIBD                                      20       2       2       0   .abs_section_20
     _SCIC1                                      22       1       1       0   .abs_section_22
     _SCIC2                                      23       1       1       0   .abs_section_23
     _SCIS1                                      24       1       1       0   .abs_section_24
     _SCIS2                                      25       1       1       0   .abs_section_25
     _SCIC3                                      26       1       1       0   .abs_section_26
     _SCID                                       27       1       1       0   .abs_section_27
     _SPIC1                                      30       1       1       4   .abs_section_30
     _SPIC2                                      31       1       1       1   .abs_section_31
     _SPIBR                                      32       1       1       1   .abs_section_32
     _SPIS                                       33       1       1       2   .abs_section_33
     _SPID16                                     34       2       2       3   .abs_section_34
     _SPIM                                       36       2       2       0   .abs_section_36
     _MCGC1                                      40       1       1       6   .abs_section_40
     _MCGC2                                      41       1       1       4   .abs_section_41
     _MCGTRM                                     42       1       1       0   .abs_section_42
     _MCGSC                                      43       1       1      10   .abs_section_43
     _MCGC3                                      44       1       1       2   .abs_section_44
     _RTCSC                                      48       1       1       6   .abs_section_48
     _RTCCNT                                     49       1       1       0   .abs_section_49
     _RTCMOD                                     4A       1       1       2   .abs_section_4a
     _USBCTL0                                    50       1       1      11   .abs_section_50
     _PERID                                      58       1       1       0   .abs_section_58
     _IDCOMP                                     59       1       1       0   .abs_section_59
     _REV                                        5A       1       1       0   .abs_section_5a
     _INTSTAT                                    60       1       1      17   .abs_section_60
     _INTENB                                     61       1       1       5   .abs_section_61
     _ERRSTAT                                    62       1       1       2   .abs_section_62
     _ERRENB                                     63       1       1       2   .abs_section_63
     _STAT                                       64       1       1       3   .abs_section_64
     _CTL                                        65       1       1       5   .abs_section_65
     _ADDR                                       66       1       1       6   .abs_section_66
     _FRMNUML                                    67       1       1       1   .abs_section_67
     _FRMNUMH                                    68       1       1       1   .abs_section_68
     _EPCTL0                                     6D       1       1       2   .abs_section_6d
     EPCTL                                       6D       7       7       6   .abs_section_6d
     _EPCTL1                                     6E       1       1       2   .abs_section_6e
     _EPCTL2                                     6F       1       1       2   .abs_section_6f
     _EPCTL3                                     70       1       1       0   .abs_section_70
     _EPCTL4                                     71       1       1       0   .abs_section_71
     _EPCTL5                                     72       1       1       0   .abs_section_72
     _EPCTL6                                     73       1       1       0   .abs_section_73
     icpKeyBytes                                 80       2       2       3   BOOT_RAM    
     bitCount                                    80       1       1      29   Z_PAGE      
     cable_status                                81       D      13      24   Z_PAGE      
     ep0SetupBuffer                              82       8       8      13   BOOT_RAM    
     deviceState                                 8A       2       2       6   BOOT_RAM    
     ep0State                                    8C       3       3      16   BOOT_RAM    
     bdm_option                                  8E       B      11       4   Z_PAGE      
     dataLength                                  8F       1       1       5   BOOT_RAM    
     startAddress                                90       2       2       6   BOOT_RAM    
     sourceAddress                               92       2       2       6   BOOT_RAM    
     flashCommand                                94       1       1       3   BOOT_RAM    
     flashData                                   95       1       1       2   BOOT_RAM    
     commandStatus                               96       1       1       3   BOOT_RAM    
     wlength.1                                   97       2       2       4   BOOT_RAM    
     dataSize.2                                  99       1       1       5   BOOT_RAM    
     commandStatus                               99       1       1       5   Z_PAGE      
     dataPtr.3                                   9A       2       2       2   BOOT_RAM    
     returnSize                                  9A       1       1      21   Z_PAGE      
     sequence                                    9B       2       2      72   Z_PAGE      
     intStatus.4                                 9C       1       1       5   BOOT_RAM    
     dataOutPtr                                  9D       2       2      55   Z_PAGE      
     deviceState                                 9F       6       6      26   Z_PAGE      
     ep0State                                    A5       7       7      34   Z_PAGE      
     ep1State                                    AC       7       7      16   Z_PAGE      
     ep2State                                    B3       7       7      12   Z_PAGE      
     ep0SetupBuffer                              BA       8       8      45   Z_PAGE      
     SPIBaud                                     C2       1       1       2   .data       
     jtagFillByte                                C3       1       1      11   .data       
     inFill                                      C4       1       1       4   .data       
     exitAction                                  C5       1       1      10   .data       
     repeatTOS                                   C6       2       2       9   .data       
     subroutineTOS                               C8       2       2       4   .data       
     dataBuffer                                 100      40      64       3   BOOT_RAM2   
     currentFunctions                           11D       2       2       5   .bss        
     commandToggle.1                            11F       1       1       2   .bss        
     dataRegisterHeader                         120       2       2       3   .bss        
     dataRegisterTrailer                        122       2       2       3   .bss        
     instructionRegisterHeader                  124       2       2       3   .bss        
     instructionRegisterTrailer                 126       2       2       3   .bss        
     tapState                                   128       2       2       7   .bss        
     subPtrs                                    12A       8       8       5   .bss        
     complete                                   132       1       1       3   .bss        
     rc                                         133       1       1       6   .bss        
     variables                                  134      10      16      16   .bss        
     iterator                                   144       2       2      15   .bss        
     startOfIteration                           146       2       2      12   .bss        
     tempValue                                  148       4       4      26   .bss        
     repeatStack                                14C      18      24       1   .bss        
     subroutineStack                            164      10      16       1   .bss        
     subroutineCache                            174      2A      42       3   .bss        
     epHardwareState                            19E       3       3      43   .bss        
     commandBusyFlag                            1A1       1       1       3   .bss        
     reInit                                     1A2       1       1       9   .bss        
     usbActivityFlag                            1A3       1       1       3   .bss        
     commandBuffer                              1A4      91     145      84   .common     
     dataInPtr                                  235       2       2      34   .common     
     opcode                                     237       1       1       3   .common     
     numBits                                    238       1       1      13   .common     
     regNo                                      239       1       1       7   .common     
     adjustment                                 23A       2       2       9   .common     
     _SRS                                      1800       1       1       1   .abs_section_1800
     _SBDFR                                    1801       1       1       0   .abs_section_1801
     _SOPT1                                    1802       1       1       2   .abs_section_1802
     _SOPT2                                    1803       1       1       0   .abs_section_1803
     _SDID                                     1806       2       2       0   .abs_section_1806
     _SPMSC1                                   1809       1       1       0   .abs_section_1809
     _SPMSC2                                   180A       1       1       0   .abs_section_180a
     _FTRIM                                    180C       1       1       0   .abs_section_180c
     _MCGTRIM                                  180D       1       1       0   .abs_section_180d
     _FPROTD                                   180E       1       1       0   .abs_section_180e
     _SIGNATURE                                180F       1       1       0   .abs_section_180f
     _DBGCA                                    1810       2       2       0   .abs_section_1810
     _DBGCB                                    1812       2       2       0   .abs_section_1812
     _DBGF                                     1814       2       2       0   .abs_section_1814
     _DBGC                                     1816       1       1       0   .abs_section_1816
     _DBGT                                     1817       1       1       0   .abs_section_1817
     _DBGS                                     1818       1       1       0   .abs_section_1818
     _FCDIV                                    1820       1       1       1   .abs_section_1820
     _FOPT                                     1821       1       1       0   .abs_section_1821
     _FCNFG                                    1823       1       1       0   .abs_section_1823
     _FPROT                                    1824       1       1       0   .abs_section_1824
     _FSTAT                                    1825       1       1       4   .abs_section_1825
     _FCMD                                     1826       1       1       1   .abs_section_1826
     _PTAPE                                    1840       1       1       5   .abs_section_1840
     _PTASE                                    1841       1       1       0   .abs_section_1841
     _PTADS                                    1842       1       1       0   .abs_section_1842
     _PTBPE                                    1844       1       1       1   .abs_section_1844
     _PTBSE                                    1845       1       1       0   .abs_section_1845
     _PTBDS                                    1846       1       1       0   .abs_section_1846
     usbRam                                    1860     100     256       1   .abs_section_1860
     bdts                                      1860      1E      30       7   .abs_section_1860
     usbRamArea                                1860      E0     224      22   USB_RAM     
     ep0InDataBuffer                           1880      40      64       1   .abs_section_1880
     ep0OutDataBuffer                          18C0      40      64       2   .abs_section_18c0
     loadByte                                  C000       E      14       5   .init       
     Init                                      C00E      6D     109       1   .init       
[...]
 |     |  |  |        |  
 |     |  |  |        +- f_CMD_CFVx_CONTROL_INTERFACE (see above)
 |     |  |  |        |  
 |     |  |  |        +- f_CMD_JTAG_RESET    
 |     |  |  |        |  | 
 |     |  |  |        |  +- setBDMBusy           (see above)
 |     |  |  |        |  |  
 |     |  |  |        |  +- millisecondTimerWait (see above)
 |     |  |  |        |     
 |     |  |  |        +- f_CMD_JTAG_GOTORESET
 |     |  |  |        |  | 
 |     |  |  |        |  +- jtag_transition_reset
 |     |  |  |        |       
 |     |  |  |        +- f_CMD_JTAG_GOTOSHIFT
 |     |  |  |        |  | 
 |     |  |  |        |  +- jtag_transition_shift
 |     |  |  |        |     | 
 |     |  |  |        |     +- jtag_header_shift   
 |     |  |  |        |          
 |     |  |  |        +- f_CMD_JTAG_WRITE    
 |     |  |  |        |  | 
 |     |  |  |        |  +- jtag_write          
 |     |  |  |        |     | 
 |     |  |  |        |     +- jtag_exit_shift     
 |     |  |  |        |        | 
 |     |  |  |        |        +- jtag_trailer_shift  
 |     |  |  |        |        |    
 |     |  |  |        |        +- _Jump_Table_Header_Offset (see above)
 |     |  |  |        |           
 |     |  |  |        +- f_CMD_JTAG_READ     
 |     |  |  |        |  | 
 |     |  |  |        |  +- jtag_read           
 |     |  |  |        |     | 
 |     |  |  |        |     +- jtag_exit_shift      (see above)
 |     |  |  |        |        
 |     |  |  |        +- f_CMD_JTAG_READ_WRITE
 |     |  |  |        |  | 
 |     |  |  |        |  +- jtag_read_write     
 |     |  |  |        |  |  | 
 |     |  |  |        |  |  +- jtag_exit_shift      (see above)
 |     |  |  |        |  |     
 |     |  |  |        |  +- memcpy               (see above)
 |     |  |  |        |     
 |     |  |  |        +- f_CMD_JTAG_EXECUTE_SEQUENCE
 |     |  |  |           | 
 |     |  |  |           +- processJTAGSequence 
 |     |  |  |           |  | 
 |     |  |  |           |  +- skipSequence        
 |     |  |  |           |  |  | 
 |     |  |  |           |  |  +- _Search_Table_8_Addr
 |     |  |  |           |  |  |    
 |     |  |  |           |  |  +- _Jump_Table_Offset   (see above)
 |     |  |  |           |  |  |  
 |     |  |  |           |  |  +- _Search_Table_8_Offset
 |     |  |  |           |  |       
 |     |  |  |           |  +- _Jump_Table_Header_Addr
 |     |  |  |           |  |    
 |     |  |  |           |  +- setBDMBusy           (see above)
 |     |  |  |           |  |  
 |     |  |  |           |  +- jtag_transition_reset (see above)
 |     |  |  |           |  |  
 |     |  |  |           |  +- jtag_transition_shift (see above)
 |     |  |  |           |  |  
 |     |  |  |           |  +- memcpy               (see above)
 |     |  |  |           |  |  
 |     |  |  |           |  +- executeDSCTargetInstructionSequence
 |     |  |  |           |  |  | 
 |     |  |  |           |  |  +- jtag_transition_shift (see above)
 |     |  |  |           |  |  |  
 |     |  |  |           |  |  +- jtag_write           (see above)
 |     |  |  |           |  |  |  
 |     |  |  |           |  |  +- jtag_read_write      (see above)
 |     |  |  |           |  |     
 |     |  |  |           |  +- DSC_readMemory      
 |     |  |  |           |  |  | 
 |     |  |  |           |  |  +- executeDSCTargetInstructionSequence (see above)
 |     |  |  |           |  |  |  
 |     |  |  |           |  |  +- jtag_transition_shift (see above)
 |     |  |  |           |  |  |  
 |     |  |  |           |  |  +- jtag_write           (see above)
 |     |  |  |           |  |  |  
 |     |  |  |           |  |  +- jtag_read            (see above)
 |     |  |  |           |  |     
 |     |  |  |           |  +- DSC_writeMemory     
 |     |  |  |           |  |  | 
 |     |  |  |           |  |  +- jtag_transition_shift (see above)
 |     |  |  |           |  |  |  
 |     |  |  |           |  |  +- jtag_write           (see above)
 |     |  |  |           |  |  |  
 |     |  |  |           |  |  +- executeDSCTargetInstructionSequence (see above)
 |     |  |  |           |  |     
 |     |  |  |           |  +- DSC_fastReadMemory  
 |     |  |  |           |  |  | 
 |     |  |  |           |  |  +- memcpy               (see above)
 |     |  |  |           |  |  |  
 |     |  |  |           |  |  +- executeDSCTargetInstructionSequence (see above)
 |     |  |  |           |  |  |  
 |     |  |  |           |  |  +- _Jump_Table_Offset   (see above)
 |     |  |  |           |  |  |  
 |     |  |  |           |  |  +- jtag_transition_shift (see above)
 |     |  |  |           |  |  |  
 |     |  |  |           |  |  +- jtag_write           (see above)
 |     |  |  |           |  |  |  
 |     |  |  |           |  |  +- jtag_read            (see above)
 |     |  |  |           |  |  |  
 |     |  |  |           |  |  +- _Jump_Table_Header_Offset (see above)
 |     |  |  |           |  |     
 |     |  |  |           |  +- DSC_fastWriteMemory 
 |     |  |  |           |  |  | 
 |     |  |  |           |  |  +- memcpy               (see above)
 |     |  |  |           |  |  |  
 |     |  |  |           |  |  +- executeDSCTargetInstructionSequence (see above)
 |     |  |  |           |  |  |  
 |     |  |  |           |  |  +- _Jump_Table_Header_Offset (see above)
 |     |  |  |           |  |  |  
 |     |  |  |           |  |  +- jtag_transition_shift (see above)
 |     |  |  |           |  |  |  
 |     |  |  |           |  |  +- jtag_write           (see above)
 |     |  |  |           |  |  |  
 |     |  |  |           |  |  +- _Jump_Table_Offset   (see above)
 |     |  |  |           |  |     
 |     |  |  |           |  +- jtag_write           (see above)
 |     |  |  |           |  |  
 |     |  |  |           |  +- _LADD_RC            
 |     |  |  |           |  |  | 
 |     |  |  |           |  |  +- _ENTER_BINARY_L_RC   (see above)
 |     |  |  |           |  |  |  
 |     |  |  |           |  |  +- _LADD_k_is_k_plus_j 
 |     |  |  |           |  |       
 |     |  |  |           |  +- _LLSR               
 |     |  |  |           |  |  | 
 |     |  |  |           |  |  +- _ENTER_UNARY_L      
 |     |  |  |           |  |       
 |     |  |  |           |  +- jtag_read_write      (see above)
 |     |  |  |           |  |  
 |     |  |  |           |  +- _COPY                (see above)
 |     |  |  |           |  |  
 |     |  |  |           |  +- _SEXT16_32           (see above)
 |     |  |  |           |  |  
 |     |  |  |           |  +- _POP32              
 |     |  |  |           |  |    
 |     |  |  |           |  +- ARM_readAP          
 |     |  |  |           |  |  | 
 |     |  |  |           |  |  +- jtag_transition_shift (see above)
 |     |  |  |           |  |  |  
 |     |  |  |           |  |  +- jtag_write           (see above)
 |     |  |  |           |  |  |  
 |     |  |  |           |  |  +- jtag_read_write      (see above)
 |     |  |  |           |  |  |  
 |     |  |  |           |  |  +- jtag_read            (see above)
 |     |  |  |           |  |     
 |     |  |  |           |  +- ARM_writeAP         
 |     |  |  |           |  |  | 
 |     |  |  |           |  |  +- jtag_transition_shift (see above)
 |     |  |  |           |  |  |  
 |     |  |  |           |  |  +- jtag_write           (see above)
 |     |  |  |           |  |  |  
 |     |  |  |           |  |  +- jtag_read_write      (see above)
 |     |  |  |           |  |  |  
 |     |  |  |           |  |  +- jtag_read            (see above)
 |     |  |  |           |  |     
 |     |  |  |           |  +- ARM_writeAPI        
 |     |  |  |           |  |  | 
 |     |  |  |           |  |  +- jtag_transition_shift (see above)
 |     |  |  |           |  |  |  
 |     |  |  |           |  |  +- jtag_write           (see above)
 |     |  |  |           |  |  |  
 |     |  |  |           |  |  +- jtag_read_write      (see above)
 |     |  |  |           |  |     
 |     |  |  |           |  +- jtag_set_hdr        
 |     |  |  |           |  |    
 |     |  |  |           |  +- jtag_set_hir        
 |     |  |  |           |  |    
 |     |  |  |           |  +- jtag_set_tdr        
 |     |  |  |           |  |    
 |     |  |  |           |  +- jtag_set_tir        
 |     |  |  |           |  |    
 |     |  |  |           |  +- _Search_Table_8_Offset (see above)
 |     |  |  |           |  |  
 |     |  |  |           |  +- jtag_read            (see above)
 |     |  |  |           |     
 |     |  |  |           +- memcpy               (see above)
 |     |  |  |              
 |     |  |  +- f_CMD_SET_VDD       
 |     |  |  |  | 
 |     |  |  |  +- bdm_checkTargetVdd   (see above)
 |     |  |  |     
 |     |  |  +- f_CMD_DEBUG         
 |     |  |  |    
 |     |  |  +- f_CMD_GET_BDM_STATUS
 |     |  |  |  | 
 |     |  |  |  +- bdm_checkTargetVdd   (see above)
 |     |  |  |  |  
 |     |  |  |  +- makeStatusWord      
 |     |  |  |       
 |     |  |  +- f_CMD_GET_CAPABILITIES
 |     |  |  |    
 |     |  |  +- f_CMD_SET_OPTIONS   
 |     |  |  |  | 
 |     |  |  |  +- memcpy               (see above)
 |     |  |  |     
 |     |  |  +- f_CMD_ILLEGAL        (see above)
 |     |  |  |  
 |     |  |  +- f_CMD_CONTROL_PINS  
 |     |  |     | 
 |     |  |     +- getPinStatus        
 |     |  |     |    
 |     |  |     +- _Jump_Table_Header_Offset (see above)
 |     |  |     |  
 |     |  |     +- bdmcf_interfaceIdle  (see above)
 |     |  |     |  
 |     |  |     +- jtag_interfaceIdle   (see above)
 |     |  |     |  
 |     |  |     +- _PUSH_CC            
 |     |  |     |    
 |     |  |     +- _POP_CC             
 |     |  |     |    
 |     |  |     +- millisecondTimerWait (see above)
 |     |  |        
 |     |  +- optionalReconnect   
 |     |  |    
 |     |  +- bdmcf_complete_chk_rx (see above)
 |     |     
 |     +- sendUSBResponse     
 |        | 
 |        +- ep2StartInTransaction (see above)
 |           
 +- _Startup            
    | 
    +- Init                
    |  | 
    |  +- loadByte            
    |       
    +- main                 (see above)
       
 ICP_data            
 | 
 +- userDetectICP       
      
 forceICPVector      
 | 
 +- rebootToICP         
    | 
    +- icpReset            
         
 resetVector         
 | 
 +- myStartup           
    | 
    +- detectICP           
    |    
    +- flashInvalid        
    |  | 
    |  +- userVectorTable     
    |  |  | 
    |  |  +- _Startup             (see above)
    |  |  |  
    |  |  +- dummyISR            
    |  |  |    
    |  |  +- acmpHandler         
    |  |  |  | 
    |  |  |  +- bdm_targetVddSense  
    |  |  |       
    |  |  +- kbiHandler          
    |  |  |  | 
    |  |  |  +- bdm_resetSense      
    |  |  |       
    |  |  +- timerHandler        
    |  |  |  | 
    |  |  |  +- bdm_resetSense       (see above)
    |  |  |     
    |  |  +- USBInterruptHandler 
    |  |     | 
    |  |     +- handleTokenComplete 
    |  |     |  | 
    |  |     |  +- _Jump_Table_Header_Offset (see above)
    |  |     |  |  
    |  |     |  +- ep0HandleInToken    
    |  |     |  |  | 
    |  |     |  |  +- _Jump_Table_Header_Offset (see above)
    |  |     |  |  |  
    |  |     |  |  +- ep0InitialiseBDTIn  
    |  |     |  |     | 
    |  |     |  |     +- memcpy               (see above)
    |  |     |  |        
    |  |     |  +- handleSetupToken    
    |  |     |  |  | 
    |  |     |  |  +- _COPY                (see above)
    |  |     |  |  |  
    |  |     |  |  +- _Search_Table_8_Offset (see above)
    |  |     |  |  |  
    |  |     |  |  +- _Jump_Table_Header_Offset (see above)
    |  |     |  |  |  
    |  |     |  |  +- handleGetStatus     
    |  |     |  |  |  | 
    |  |     |  |  |  +- _Jump_Table_Header_Offset (see above)
    |  |     |  |  |  |  
    |  |     |  |  |  +- ep0StartInTransaction
    |  |     |  |  |  |  | 
    |  |     |  |  |  |  +- ep0InitialiseBDTIn   (see above)
    |  |     |  |  |  |     
    |  |     |  |  |  +- epStall             
    |  |     |  |  |       
    |  |     |  |  +- handleClearFeature  
    |  |     |  |  |  | 
    |  |     |  |  |  +- epClearStall         (see above)
    |  |     |  |  |  |  
    |  |     |  |  |  +- ep0StartInTransaction (see above)
    |  |     |  |  |  |  
    |  |     |  |  |  +- epStall              (see above)
    |  |     |  |  |     
    |  |     |  |  +- handleSetFeature    
    |  |     |  |  |  | 
    |  |     |  |  |  +- epStall              (see above)
    |  |     |  |  |  |  
    |  |     |  |  |  +- ep0StartInTransaction (see above)
    |  |     |  |  |     
    |  |     |  |  +- handleSetAddress    
    |  |     |  |  |  | 
    |  |     |  |  |  +- epStall              (see above)
    |  |     |  |  |  |  
    |  |     |  |  |  +- setAddressCallback  
    |  |     |  |  |  |  | 
    |  |     |  |  |  |  +- setUSBaddressedState
    |  |     |  |  |  |  |  | 
    |  |     |  |  |  |  |  +- setUSBdefaultState   (see above)
    |  |     |  |  |  |  |     
    |  |     |  |  |  |  +- setUSBdefaultState   (see above)
    |  |     |  |  |  |     
    |  |     |  |  |  +- ep0StartInTransaction (see above)
    |  |     |  |  |     
    |  |     |  |  +- handleGetDescriptor 
    |  |     |  |  |  | 
    |  |     |  |  |  +- _Jump_Table_Offset   (see above)
    |  |     |  |  |  |  
    |  |     |  |  |  +- epStall              (see above)
    |  |     |  |  |  |  
    |  |     |  |  |  +- stringDescriptors   
    |  |     |  |  |  |  | 
    |  |     |  |  |  |  +* ICP_data             (see above)
    |  |     |  |  |  |     
    |  |     |  |  |  +- utf8ToStringDescriptor
    |  |     |  |  |  |  | 
    |  |     |  |  |  |  +- _ILSL               
    |  |     |  |  |  |       
    |  |     |  |  |  +- ep0StartInTransaction (see above)
    |  |     |  |  |     
    |  |     |  |  +- handleGetConfiguration
    |  |     |  |  |  | 
    |  |     |  |  |  +- ep0StartInTransaction (see above)
    |  |     |  |  |     
    |  |     |  |  +- handleSetConfiguration
    |  |     |  |  |  | 
    |  |     |  |  |  +- epStall              (see above)
    |  |     |  |  |  |  
    |  |     |  |  |  +- setUSBconfiguredState
    |  |     |  |  |  |  | 
    |  |     |  |  |  |  +- setUSBaddressedState (see above)
    |  |     |  |  |  |     
    |  |     |  |  |  +- ep1InitialiseBDTOut  (see above)
    |  |     |  |  |  |  
    |  |     |  |  |  +- ep0StartInTransaction (see above)
    |  |     |  |  |     
    |  |     |  |  +- handleGetInterface  
    |  |     |  |  |  | 
    |  |     |  |  |  +- epStall              (see above)
    |  |     |  |  |  |  
    |  |     |  |  |  +- ep0StartInTransaction (see above)
    |  |     |  |  |     
    |  |     |  |  +- resetDeviceCallback 
    |  |     |  |  |    
    |  |     |  |  +- ep0StartInTransaction (see above)
    |  |     |  |  |  
    |  |     |  |  +- handleUnexpected    
    |  |     |  |  |  | 
    |  |     |  |  |  +- epStall              (see above)
    |  |     |  |  |     
    |  |     |  |  +- ep0EnsureReadyForSetupTransaction
    |  |     |  |     | 
    |  |     |  |     +- ep0ConfigureSetupTransaction (see above)
    |  |     |  |        
    |  |     |  +- ep0HandleOutToken   
    |  |     |  |  | 
    |  |     |  |  +- ep0SaveOutData      
    |  |     |  |  |  | 
    |  |     |  |  |  +- memcpy               (see above)
    |  |     |  |  |     
    |  |     |  |  +- ep0StartInTransaction (see above)
    |  |     |  |  |  
    |  |     |  |  +- ep0InitialiseBDTOut  (see above)
    |  |     |  |  |  
    |  |     |  |  +- ep0EnsureReadyForSetupTransaction (see above)
    |  |     |  |     
    |  |     |  +- ep1HandleOutToken   
    |  |     |  |  | 
    |  |     |  |  +- ep1SaveOutData      
    |  |     |  |  |  | 
    |  |     |  |  |  +- memcpy               (see above)
    |  |     |  |  |     
    |  |     |  |  +- ep1InitialiseBDTOut  (see above)
    |  |     |  |     
    |  |     |  +- ep2HandleInToken    
    |  |     |     | 
    |  |     |     +- ep2InitialiseBDTIn   (see above)
    |  |     |     |  
    |  |     |     +- ep2StartInTransaction (see above)
    |  |     |        
    |  |     +- handleUSBResume     
    |  |     |  | 
    |  |     |  +- ep0ConfigureSetupTransaction (see above)
    |  |     |     
    |  |     +- handleUSBReset       (see above)
    |  |     |  
    |  |     +- ep0HandleStallComplete
    |  |     |  | 
    |  |     |  +- epClearStall         (see above)
    |  |     |  |  
    |  |     |  +- ep0ConfigureSetupTransaction (see above)
    |  |     |     
    |  |     +- handleSOFToken      
    |  |     |  | 
    |  |     |  +- _Jump_Table_Header_Offset (see above)
    |  |     |     
    |  |     +- handleUSBSuspend    
    |  |        | 
    |  |        +- bdm_suspend         
    |  |           | 
    |  |           +- bdmCF_suspend       
    |  |              | 
    |  |              +- bdmcf_interfaceIdle  (see above)
    |  |                 
    |  +* ICP_data             (see above)
    |     
    +- _userDetectICP      
    |  | 
    |  +* ICP_data             (see above)
    |     
    +- initICP_USB         
    |  | 
    |  +- autoInitClock       
    |  |  | 
    |  |  +- initCrystalClock    
    |  |       
    |  +- handleUSBReset      
    |     | 
    |     +- ep0StartSetupTransaction
    |        | 
    |        +- ep0StartOutTransaction
    |             
    +- USBEventPollingLoop 
    |  | 
    |  +- handleTokenComplete 
    |  |  | 
    |  |  +- handleEp0InToken    
    |  |  |    
    |  |  +- handleSetupToken    
    |  |  |  | 
    |  |  |  +- myMemcpy            
    |  |  |  |    
    |  |  |  +- ep0StartSetupTransaction (see above)
    |  |  |  |  
    |  |  |  +- ep0StartOutTransaction (see above)
    |  |  |  |  
    |  |  |  +- programRowCommand   
    |  |  |  |  | 
    |  |  |  |  +- doOnStack           
    |  |  |  |     | 
    |  |  |  |     +- onStack             
    |  |  |  |          
    |  |  |  +- verifyRowCommand    
    |  |  |  |    
    |  |  |  +- erasePageCommand    
    |  |  |  |  | 
    |  |  |  |  +- doOnStack            (see above)
    |  |  |  |     
    |  |  |  +- icpReset             (see above)
    |  |  |  |  
    |  |  |  +- handleGetDescriptor 
    |  |  |  |  | 
    |  |  |  |  +- ep0StartInTransaction
    |  |  |  |     | 
    |  |  |  |     +- myMemcpy             (see above)
    |  |  |  |        
    |  |  |  +- setAddressCallback  
    |  |  |  |    
    |  |  |  +- ep0StartInTransaction (see above)
    |  |  |  |  
    |  |  |  +- ep0StartStatusInTransaction
    |  |  |     | 
    |  |  |     +- ep0StartInTransaction (see above)
    |  |  |        
    |  |  +- handleEp0OutToken   
    |  |     | 
    |  |     +- myMemcpy             (see above)
    |  |     |  
    |  |     +- ep0StartSetupTransaction (see above)
    |  |     |  
    |  |     +- ep0StartStatusInTransaction (see above)
    |  |        
    |  +- handleUSBReset       (see above)
    |  |  
    |  +- ep0StartSetupTransaction (see above)
    |     
    +- userVectorTable      (see above)
       
*********************************************************************************************
STATISTIC SECTION
---------------------------------------------------------------------------------------------

ExeFile:
--------
Number of blocks to be downloaded: 17
Total size of all blocks to be downloaded: 16328

