Archive member included because of file (symbol)

c:/apps/freescale/kds_3.0.0/toolchain/bin/../lib/gcc/arm-none-eabi/4.8.4/../../../../arm-none-eabi/lib/armv7e-m\libg_s.a(lib_a-exit.o)
                              c:/apps/freescale/kds_3.0.0/toolchain/bin/../lib/gcc/arm-none-eabi/4.8.4/../../../../arm-none-eabi/lib/armv7e-m/crt0.o (exit)
c:/apps/freescale/kds_3.0.0/toolchain/bin/../lib/gcc/arm-none-eabi/4.8.4/../../../../arm-none-eabi/lib/armv7e-m\libg_s.a(lib_a-impure.o)
                              c:/apps/freescale/kds_3.0.0/toolchain/bin/../lib/gcc/arm-none-eabi/4.8.4/../../../../arm-none-eabi/lib/armv7e-m\libg_s.a(lib_a-exit.o) (_global_impure_ptr)
c:/apps/freescale/kds_3.0.0/toolchain/bin/../lib/gcc/arm-none-eabi/4.8.4/../../../../arm-none-eabi/lib/armv7e-m\libg_s.a(lib_a-init.o)
                              c:/apps/freescale/kds_3.0.0/toolchain/bin/../lib/gcc/arm-none-eabi/4.8.4/../../../../arm-none-eabi/lib/armv7e-m/crt0.o (__libc_init_array)
c:/apps/freescale/kds_3.0.0/toolchain/bin/../lib/gcc/arm-none-eabi/4.8.4/../../../../arm-none-eabi/lib/armv7e-m\libg_s.a(lib_a-memset.o)
                              c:/apps/freescale/kds_3.0.0/toolchain/bin/../lib/gcc/arm-none-eabi/4.8.4/../../../../arm-none-eabi/lib/armv7e-m/crt0.o (memset)
c:/apps/freescale/kds_3.0.0/toolchain/bin/../lib/gcc/arm-none-eabi/4.8.4/../../../../arm-none-eabi/lib/armv7e-m\libg_s.a(lib_a-reent.o)
                              ./Startup_Code/newlib_stubs.o (errno)
c:/apps/freescale/kds_3.0.0/toolchain/bin/../lib/gcc/arm-none-eabi/4.8.4/../../../../arm-none-eabi/lib/armv7e-m\libg_s.a(lib_a-nano-freer.o)
                              c:/apps/freescale/kds_3.0.0/toolchain/bin/../lib/gcc/arm-none-eabi/4.8.4/../../../../arm-none-eabi/lib/armv7e-m\libg_s.a(lib_a-reent.o) (_free_r)
c:/apps/freescale/kds_3.0.0/toolchain/bin/../lib/gcc/arm-none-eabi/4.8.4/../../../../arm-none-eabi/lib/armv7e-m\libg_s.a(lib_a-nano-mallocr.o)
                              c:/apps/freescale/kds_3.0.0/toolchain/bin/../lib/gcc/arm-none-eabi/4.8.4/../../../../arm-none-eabi/lib/armv7e-m\libg_s.a(lib_a-nano-freer.o) (__malloc_free_list)
c:/apps/freescale/kds_3.0.0/toolchain/bin/../lib/gcc/arm-none-eabi/4.8.4/../../../../arm-none-eabi/lib/armv7e-m\libg_s.a(lib_a-sbrkr.o)
                              c:/apps/freescale/kds_3.0.0/toolchain/bin/../lib/gcc/arm-none-eabi/4.8.4/../../../../arm-none-eabi/lib/armv7e-m\libg_s.a(lib_a-nano-mallocr.o) (_sbrk_r)

Allocating common symbols
Common symbol       size              file

errno               0x4               c:/apps/freescale/kds_3.0.0/toolchain/bin/../lib/gcc/arm-none-eabi/4.8.4/../../../../arm-none-eabi/lib/armv7e-m\libg_s.a(lib_a-reent.o)

Discarded input sections

 .text          0x00000000        0x0 c:/apps/freescale/kds_3.0.0/toolchain/bin/../lib/gcc/arm-none-eabi/4.8.4/armv7e-m/crti.o
 .data          0x00000000        0x0 c:/apps/freescale/kds_3.0.0/toolchain/bin/../lib/gcc/arm-none-eabi/4.8.4/armv7e-m/crti.o
 .bss           0x00000000        0x0 c:/apps/freescale/kds_3.0.0/toolchain/bin/../lib/gcc/arm-none-eabi/4.8.4/armv7e-m/crti.o
 .data          0x00000000        0x4 c:/apps/freescale/kds_3.0.0/toolchain/bin/../lib/gcc/arm-none-eabi/4.8.4/armv7e-m/crtbegin.o
 .data          0x00000000        0x0 c:/apps/freescale/kds_3.0.0/toolchain/bin/../lib/gcc/arm-none-eabi/4.8.4/../../../../arm-none-eabi/lib/armv7e-m/crt0.o
 .bss           0x00000000        0x0 c:/apps/freescale/kds_3.0.0/toolchain/bin/../lib/gcc/arm-none-eabi/4.8.4/../../../../arm-none-eabi/lib/armv7e-m/crt0.o
 .ARM.extab     0x00000000        0x0 c:/apps/freescale/kds_3.0.0/toolchain/bin/../lib/gcc/arm-none-eabi/4.8.4/../../../../arm-none-eabi/lib/armv7e-m/crt0.o
 .group         0x00000000        0x8 ./Startup_Code/newlib_stubs.o
 .group         0x00000000        0x8 ./Startup_Code/newlib_stubs.o
 .group         0x00000000        0x8 ./Startup_Code/newlib_stubs.o
 .group         0x00000000        0x8 ./Startup_Code/newlib_stubs.o
 .group         0x00000000        0x8 ./Startup_Code/newlib_stubs.o
 .group         0x00000000        0x8 ./Startup_Code/newlib_stubs.o
 .group         0x00000000        0x8 ./Startup_Code/newlib_stubs.o
 .group         0x00000000        0x8 ./Startup_Code/newlib_stubs.o
 .group         0x00000000        0x8 ./Startup_Code/newlib_stubs.o
 .group         0x00000000        0x8 ./Startup_Code/newlib_stubs.o
 .group         0x00000000        0x8 ./Startup_Code/newlib_stubs.o
 .group         0x00000000        0x8 ./Startup_Code/newlib_stubs.o
 .group         0x00000000        0x8 ./Startup_Code/newlib_stubs.o
 .group         0x00000000        0x8 ./Startup_Code/newlib_stubs.o
 .group         0x00000000        0x8 ./Startup_Code/newlib_stubs.o
 .group         0x00000000        0x8 ./Startup_Code/newlib_stubs.o
 .group         0x00000000        0x8 ./Startup_Code/newlib_stubs.o
 .group         0x00000000        0x8 ./Startup_Code/newlib_stubs.o
 .group         0x00000000        0x8 ./Startup_Code/newlib_stubs.o
 .group         0x00000000        0x8 ./Startup_Code/newlib_stubs.o
 .group         0x00000000        0x8 ./Startup_Code/newlib_stubs.o
 .group         0x00000000        0x8 ./Startup_Code/newlib_stubs.o
 .group         0x00000000        0x8 ./Startup_Code/newlib_stubs.o
 .group         0x00000000        0x8 ./Startup_Code/newlib_stubs.o
 .group         0x00000000        0x8 ./Startup_Code/newlib_stubs.o
 .group         0x00000000        0x8 ./Startup_Code/newlib_stubs.o
 .group         0x00000000        0x8 ./Startup_Code/newlib_stubs.o
 .group         0x00000000        0x8 ./Startup_Code/newlib_stubs.o
 .group         0x00000000        0x8 ./Startup_Code/newlib_stubs.o
 .group         0x00000000        0x8 ./Startup_Code/newlib_stubs.o
 .group         0x00000000        0x8 ./Startup_Code/newlib_stubs.o
 .text          0x00000000        0x0 ./Startup_Code/newlib_stubs.o
 .data          0x00000000        0x0 ./Startup_Code/newlib_stubs.o
 .bss           0x00000000        0x0 ./Startup_Code/newlib_stubs.o
 .text.uart_txChar
                0x00000000       0x14 ./Startup_Code/newlib_stubs.o
 .text.uart_rxChar
                0x00000000       0x10 ./Startup_Code/newlib_stubs.o
 .bss.__env     0x00000000        0x4 ./Startup_Code/newlib_stubs.o
 .data.environ  0x00000000        0x4 ./Startup_Code/newlib_stubs.o
 .text._close   0x00000000       0x18 ./Startup_Code/newlib_stubs.o
 .text._execve  0x00000000       0x28 ./Startup_Code/newlib_stubs.o
 .text._fork    0x00000000       0x1c ./Startup_Code/newlib_stubs.o
 .text._fstat   0x00000000       0x20 ./Startup_Code/newlib_stubs.o
 .text._getpid  0x00000000       0x10 ./Startup_Code/newlib_stubs.o
 .text._isatty  0x00000000       0x2c ./Startup_Code/newlib_stubs.o
 .text._kill    0x00000000       0x24 ./Startup_Code/newlib_stubs.o
 .text._link    0x00000000       0x24 ./Startup_Code/newlib_stubs.o
 .text._lseek   0x00000000       0x1c ./Startup_Code/newlib_stubs.o
 .bss.heap_end  0x00000000        0x4 ./Startup_Code/newlib_stubs.o
 .text._sbrk    0x00000000       0x58 ./Startup_Code/newlib_stubs.o
 .text._read    0x00000000       0x58 ./Startup_Code/newlib_stubs.o
 .text._stat    0x00000000       0x20 ./Startup_Code/newlib_stubs.o
 .text._times   0x00000000       0x18 ./Startup_Code/newlib_stubs.o
 .text._unlink  0x00000000       0x24 ./Startup_Code/newlib_stubs.o
 .text._wait    0x00000000       0x24 ./Startup_Code/newlib_stubs.o
 .text._write   0x00000000       0x60 ./Startup_Code/newlib_stubs.o
 .text.os_tmr_call
                0x00000000       0x14 ./Startup_Code/newlib_stubs.o
 .data          0x00000000        0x0 ./Startup_Code/startup_ARMLtdGCC.o
 .bss           0x00000000        0x0 ./Startup_Code/startup_ARMLtdGCC.o
 .group         0x00000000        0x8 ./Startup_Code/system.o
 .group         0x00000000        0x8 ./Startup_Code/system.o
 .group         0x00000000        0x8 ./Startup_Code/system.o
 .group         0x00000000        0x8 ./Startup_Code/system.o
 .group         0x00000000        0x8 ./Startup_Code/system.o
 .group         0x00000000        0x8 ./Startup_Code/system.o
 .group         0x00000000        0x8 ./Startup_Code/system.o
 .group         0x00000000        0x8 ./Startup_Code/system.o
 .group         0x00000000        0x8 ./Startup_Code/system.o
 .group         0x00000000        0x8 ./Startup_Code/system.o
 .text          0x00000000        0x0 ./Startup_Code/system.o
 .data          0x00000000        0x0 ./Startup_Code/system.o
 .bss           0x00000000        0x0 ./Startup_Code/system.o
 .text.SystemCoreClockUpdate
                0x00000000        0xc ./Startup_Code/system.o
 .debug_macro   0x00000000      0x850 ./Startup_Code/system.o
 .debug_macro   0x00000000       0x16 ./Startup_Code/system.o
 .debug_macro   0x00000000       0x2d ./Startup_Code/system.o
 .debug_macro   0x00000000       0x3b ./Startup_Code/system.o
 .debug_macro   0x00000000       0x2d ./Startup_Code/system.o
 .debug_macro   0x00000000       0x26 ./Startup_Code/system.o
 .debug_macro   0x00000000      0xa99 ./Startup_Code/system.o
 .debug_macro   0x00000000     0x870a ./Startup_Code/system.o
 .group         0x00000000        0x8 ./Startup_Code/vectors.o
 .group         0x00000000        0x8 ./Startup_Code/vectors.o
 .group         0x00000000        0x8 ./Startup_Code/vectors.o
 .group         0x00000000        0x8 ./Startup_Code/vectors.o
 .group         0x00000000        0x8 ./Startup_Code/vectors.o
 .group         0x00000000        0x8 ./Startup_Code/vectors.o
 .group         0x00000000        0x8 ./Startup_Code/vectors.o
 .group         0x00000000        0x8 ./Startup_Code/vectors.o
 .group         0x00000000        0x8 ./Startup_Code/vectors.o
 .group         0x00000000        0x8 ./Startup_Code/vectors.o
 .group         0x00000000        0x8 ./Startup_Code/vectors.o
 .group         0x00000000        0x8 ./Startup_Code/vectors.o
 .group         0x00000000        0x8 ./Startup_Code/vectors.o
 .group         0x00000000        0x8 ./Startup_Code/vectors.o
 .group         0x00000000        0x8 ./Startup_Code/vectors.o
 .group         0x00000000        0x8 ./Startup_Code/vectors.o
 .group         0x00000000        0x8 ./Startup_Code/vectors.o
 .group         0x00000000        0x8 ./Startup_Code/vectors.o
 .group         0x00000000        0x8 ./Startup_Code/vectors.o
 .group         0x00000000        0x8 ./Startup_Code/vectors.o
 .group         0x00000000        0x8 ./Startup_Code/vectors.o
 .text          0x00000000        0x0 ./Startup_Code/vectors.o
 .data          0x00000000        0x0 ./Startup_Code/vectors.o
 .bss           0x00000000        0x0 ./Startup_Code/vectors.o
 .debug_macro   0x00000000      0x850 ./Startup_Code/vectors.o
 .debug_macro   0x00000000       0x16 ./Startup_Code/vectors.o
 .debug_macro   0x00000000       0x44 ./Startup_Code/vectors.o
 .debug_macro   0x00000000      0x209 ./Startup_Code/vectors.o
 .debug_macro   0x00000000       0x58 ./Startup_Code/vectors.o
 .debug_macro   0x00000000       0x35 ./Startup_Code/vectors.o
 .debug_macro   0x00000000       0xa3 ./Startup_Code/vectors.o
 .debug_macro   0x00000000      0x166 ./Startup_Code/vectors.o
 .debug_macro   0x00000000       0x52 ./Startup_Code/vectors.o
 .debug_macro   0x00000000       0x16 ./Startup_Code/vectors.o
 .debug_macro   0x00000000       0x43 ./Startup_Code/vectors.o
 .debug_macro   0x00000000      0x180 ./Startup_Code/vectors.o
 .debug_macro   0x00000000       0x35 ./Startup_Code/vectors.o
 .debug_macro   0x00000000       0x2d ./Startup_Code/vectors.o
 .debug_macro   0x00000000       0x3b ./Startup_Code/vectors.o
 .debug_macro   0x00000000       0x2d ./Startup_Code/vectors.o
 .debug_macro   0x00000000       0x26 ./Startup_Code/vectors.o
 .debug_macro   0x00000000      0xa99 ./Startup_Code/vectors.o
 .debug_macro   0x00000000     0x870a ./Startup_Code/vectors.o
 .group         0x00000000        0x8 ./Sources/main.o
 .group         0x00000000        0x8 ./Sources/main.o
 .group         0x00000000        0x8 ./Sources/main.o
 .group         0x00000000        0x8 ./Sources/main.o
 .group         0x00000000        0x8 ./Sources/main.o
 .group         0x00000000        0x8 ./Sources/main.o
 .group         0x00000000        0x8 ./Sources/main.o
 .group         0x00000000        0x8 ./Sources/main.o
 .group         0x00000000        0x8 ./Sources/main.o
 .group         0x00000000        0x8 ./Sources/main.o
 .group         0x00000000        0x8 ./Sources/main.o
 .group         0x00000000        0x8 ./Sources/main.o
 .group         0x00000000        0x8 ./Sources/main.o
 .group         0x00000000        0x8 ./Sources/main.o
 .group         0x00000000        0x8 ./Sources/main.o
 .group         0x00000000        0x8 ./Sources/main.o
 .group         0x00000000        0x8 ./Sources/main.o
 .group         0x00000000        0x8 ./Sources/main.o
 .group         0x00000000        0x8 ./Sources/main.o
 .group         0x00000000        0x8 ./Sources/main.o
 .group         0x00000000        0x8 ./Sources/main.o
 .group         0x00000000        0x8 ./Sources/main.o
 .group         0x00000000        0x8 ./Sources/main.o
 .group         0x00000000        0x8 ./Sources/main.o
 .group         0x00000000        0x8 ./Sources/main.o
 .group         0x00000000        0x8 ./Sources/main.o
 .group         0x00000000        0x8 ./Sources/main.o
 .text          0x00000000        0x0 ./Sources/main.o
 .data          0x00000000        0x0 ./Sources/main.o
 .bss           0x00000000        0x0 ./Sources/main.o
 .debug_macro   0x00000000      0x850 ./Sources/main.o
 .debug_macro   0x00000000       0x58 ./Sources/main.o
 .debug_macro   0x00000000       0x16 ./Sources/main.o
 .debug_macro   0x00000000       0x35 ./Sources/main.o
 .debug_macro   0x00000000       0xa3 ./Sources/main.o
 .debug_macro   0x00000000       0x4a ./Sources/main.o
 .debug_macro   0x00000000       0x52 ./Sources/main.o
 .debug_macro   0x00000000       0x16 ./Sources/main.o
 .debug_macro   0x00000000       0x43 ./Sources/main.o
 .debug_macro   0x00000000      0x180 ./Sources/main.o
 .debug_macro   0x00000000       0x10 ./Sources/main.o
 .debug_macro   0x00000000       0x22 ./Sources/main.o
 .debug_macro   0x00000000       0xbd ./Sources/main.o
 .debug_macro   0x00000000      0x20f ./Sources/main.o
 .debug_macro   0x00000000       0x2d ./Sources/main.o
 .debug_macro   0x00000000       0x3b ./Sources/main.o
 .debug_macro   0x00000000       0x2d ./Sources/main.o
 .debug_macro   0x00000000       0x26 ./Sources/main.o
 .debug_macro   0x00000000      0xa99 ./Sources/main.o
 .debug_macro   0x00000000     0x870a ./Sources/main.o
 .text          0x00000000        0x0 c:/apps/freescale/kds_3.0.0/toolchain/bin/../lib/gcc/arm-none-eabi/4.8.4/../../../../arm-none-eabi/lib/armv7e-m\libg_s.a(lib_a-exit.o)
 .data          0x00000000        0x0 c:/apps/freescale/kds_3.0.0/toolchain/bin/../lib/gcc/arm-none-eabi/4.8.4/../../../../arm-none-eabi/lib/armv7e-m\libg_s.a(lib_a-exit.o)
 .bss           0x00000000        0x0 c:/apps/freescale/kds_3.0.0/toolchain/bin/../lib/gcc/arm-none-eabi/4.8.4/../../../../arm-none-eabi/lib/armv7e-m\libg_s.a(lib_a-exit.o)
 .text          0x00000000        0x0 c:/apps/freescale/kds_3.0.0/toolchain/bin/../lib/gcc/arm-none-eabi/4.8.4/../../../../arm-none-eabi/lib/armv7e-m\libg_s.a(lib_a-impure.o)
 .data          0x00000000        0x0 c:/apps/freescale/kds_3.0.0/toolchain/bin/../lib/gcc/arm-none-eabi/4.8.4/../../../../arm-none-eabi/lib/armv7e-m\libg_s.a(lib_a-impure.o)
 .bss           0x00000000        0x0 c:/apps/freescale/kds_3.0.0/toolchain/bin/../lib/gcc/arm-none-eabi/4.8.4/../../../../arm-none-eabi/lib/armv7e-m\libg_s.a(lib_a-impure.o)
 .data._impure_ptr
                0x00000000        0x4 c:/apps/freescale/kds_3.0.0/toolchain/bin/../lib/gcc/arm-none-eabi/4.8.4/../../../../arm-none-eabi/lib/armv7e-m\libg_s.a(lib_a-impure.o)
 .text          0x00000000        0x0 c:/apps/freescale/kds_3.0.0/toolchain/bin/../lib/gcc/arm-none-eabi/4.8.4/../../../../arm-none-eabi/lib/armv7e-m\libg_s.a(lib_a-init.o)
 .data          0x00000000        0x0 c:/apps/freescale/kds_3.0.0/toolchain/bin/../lib/gcc/arm-none-eabi/4.8.4/../../../../arm-none-eabi/lib/armv7e-m\libg_s.a(lib_a-init.o)
 .bss           0x00000000        0x0 c:/apps/freescale/kds_3.0.0/toolchain/bin/../lib/gcc/arm-none-eabi/4.8.4/../../../../arm-none-eabi/lib/armv7e-m\libg_s.a(lib_a-init.o)
 .text          0x00000000        0x0 c:/apps/freescale/kds_3.0.0/toolchain/bin/../lib/gcc/arm-none-eabi/4.8.4/../../../../arm-none-eabi/lib/armv7e-m\libg_s.a(lib_a-memset.o)
 .data          0x00000000        0x0 c:/apps/freescale/kds_3.0.0/toolchain/bin/../lib/gcc/arm-none-eabi/4.8.4/../../../../arm-none-eabi/lib/armv7e-m\libg_s.a(lib_a-memset.o)
 .bss           0x00000000        0x0 c:/apps/freescale/kds_3.0.0/toolchain/bin/../lib/gcc/arm-none-eabi/4.8.4/../../../../arm-none-eabi/lib/armv7e-m\libg_s.a(lib_a-memset.o)
 .text          0x00000000        0x0 c:/apps/freescale/kds_3.0.0/toolchain/bin/../lib/gcc/arm-none-eabi/4.8.4/../../../../arm-none-eabi/lib/armv7e-m\libg_s.a(lib_a-reent.o)
 .data          0x00000000        0x0 c:/apps/freescale/kds_3.0.0/toolchain/bin/../lib/gcc/arm-none-eabi/4.8.4/../../../../arm-none-eabi/lib/armv7e-m\libg_s.a(lib_a-reent.o)
 .bss           0x00000000        0x0 c:/apps/freescale/kds_3.0.0/toolchain/bin/../lib/gcc/arm-none-eabi/4.8.4/../../../../arm-none-eabi/lib/armv7e-m\libg_s.a(lib_a-reent.o)
 .text.cleanup_glue
                0x00000000       0x1a c:/apps/freescale/kds_3.0.0/toolchain/bin/../lib/gcc/arm-none-eabi/4.8.4/../../../../arm-none-eabi/lib/armv7e-m\libg_s.a(lib_a-reent.o)
 .text._reclaim_reent
                0x00000000       0xbc c:/apps/freescale/kds_3.0.0/toolchain/bin/../lib/gcc/arm-none-eabi/4.8.4/../../../../arm-none-eabi/lib/armv7e-m\libg_s.a(lib_a-reent.o)
 .ARM.attributes
                0x00000000       0x2e c:/apps/freescale/kds_3.0.0/toolchain/bin/../lib/gcc/arm-none-eabi/4.8.4/../../../../arm-none-eabi/lib/armv7e-m\libg_s.a(lib_a-reent.o)
 .debug_frame   0x00000000       0x48 c:/apps/freescale/kds_3.0.0/toolchain/bin/../lib/gcc/arm-none-eabi/4.8.4/../../../../arm-none-eabi/lib/armv7e-m\libg_s.a(lib_a-reent.o)
 COMMON         0x00000000        0x4 c:/apps/freescale/kds_3.0.0/toolchain/bin/../lib/gcc/arm-none-eabi/4.8.4/../../../../arm-none-eabi/lib/armv7e-m\libg_s.a(lib_a-reent.o)
 .text          0x00000000        0x0 c:/apps/freescale/kds_3.0.0/toolchain/bin/../lib/gcc/arm-none-eabi/4.8.4/../../../../arm-none-eabi/lib/armv7e-m\libg_s.a(lib_a-nano-freer.o)
 .data          0x00000000        0x0 c:/apps/freescale/kds_3.0.0/toolchain/bin/../lib/gcc/arm-none-eabi/4.8.4/../../../../arm-none-eabi/lib/armv7e-m\libg_s.a(lib_a-nano-freer.o)
 .bss           0x00000000        0x0 c:/apps/freescale/kds_3.0.0/toolchain/bin/../lib/gcc/arm-none-eabi/4.8.4/../../../../arm-none-eabi/lib/armv7e-m\libg_s.a(lib_a-nano-freer.o)
 .text._free_r  0x00000000       0x88 c:/apps/freescale/kds_3.0.0/toolchain/bin/../lib/gcc/arm-none-eabi/4.8.4/../../../../arm-none-eabi/lib/armv7e-m\libg_s.a(lib_a-nano-freer.o)
 .ARM.attributes
                0x00000000       0x2e c:/apps/freescale/kds_3.0.0/toolchain/bin/../lib/gcc/arm-none-eabi/4.8.4/../../../../arm-none-eabi/lib/armv7e-m\libg_s.a(lib_a-nano-freer.o)
 .debug_frame   0x00000000       0x2c c:/apps/freescale/kds_3.0.0/toolchain/bin/../lib/gcc/arm-none-eabi/4.8.4/../../../../arm-none-eabi/lib/armv7e-m\libg_s.a(lib_a-nano-freer.o)
 .text          0x00000000        0x0 c:/apps/freescale/kds_3.0.0/toolchain/bin/../lib/gcc/arm-none-eabi/4.8.4/../../../../arm-none-eabi/lib/armv7e-m\libg_s.a(lib_a-nano-mallocr.o)
 .data          0x00000000        0x0 c:/apps/freescale/kds_3.0.0/toolchain/bin/../lib/gcc/arm-none-eabi/4.8.4/../../../../arm-none-eabi/lib/armv7e-m\libg_s.a(lib_a-nano-mallocr.o)
 .bss           0x00000000        0x0 c:/apps/freescale/kds_3.0.0/toolchain/bin/../lib/gcc/arm-none-eabi/4.8.4/../../../../arm-none-eabi/lib/armv7e-m\libg_s.a(lib_a-nano-mallocr.o)
 .text._malloc_r
                0x00000000       0xa8 c:/apps/freescale/kds_3.0.0/toolchain/bin/../lib/gcc/arm-none-eabi/4.8.4/../../../../arm-none-eabi/lib/armv7e-m\libg_s.a(lib_a-nano-mallocr.o)
 .bss.__malloc_sbrk_start
                0x00000000        0x4 c:/apps/freescale/kds_3.0.0/toolchain/bin/../lib/gcc/arm-none-eabi/4.8.4/../../../../arm-none-eabi/lib/armv7e-m\libg_s.a(lib_a-nano-mallocr.o)
 .bss.__malloc_free_list
                0x00000000        0x4 c:/apps/freescale/kds_3.0.0/toolchain/bin/../lib/gcc/arm-none-eabi/4.8.4/../../../../arm-none-eabi/lib/armv7e-m\libg_s.a(lib_a-nano-mallocr.o)
 .ARM.attributes
                0x00000000       0x2e c:/apps/freescale/kds_3.0.0/toolchain/bin/../lib/gcc/arm-none-eabi/4.8.4/../../../../arm-none-eabi/lib/armv7e-m\libg_s.a(lib_a-nano-mallocr.o)
 .debug_frame   0x00000000       0x2c c:/apps/freescale/kds_3.0.0/toolchain/bin/../lib/gcc/arm-none-eabi/4.8.4/../../../../arm-none-eabi/lib/armv7e-m\libg_s.a(lib_a-nano-mallocr.o)
 .text          0x00000000        0x0 c:/apps/freescale/kds_3.0.0/toolchain/bin/../lib/gcc/arm-none-eabi/4.8.4/../../../../arm-none-eabi/lib/armv7e-m\libg_s.a(lib_a-sbrkr.o)
 .data          0x00000000        0x0 c:/apps/freescale/kds_3.0.0/toolchain/bin/../lib/gcc/arm-none-eabi/4.8.4/../../../../arm-none-eabi/lib/armv7e-m\libg_s.a(lib_a-sbrkr.o)
 .bss           0x00000000        0x0 c:/apps/freescale/kds_3.0.0/toolchain/bin/../lib/gcc/arm-none-eabi/4.8.4/../../../../arm-none-eabi/lib/armv7e-m\libg_s.a(lib_a-sbrkr.o)
 .text._sbrk_r  0x00000000       0x20 c:/apps/freescale/kds_3.0.0/toolchain/bin/../lib/gcc/arm-none-eabi/4.8.4/../../../../arm-none-eabi/lib/armv7e-m\libg_s.a(lib_a-sbrkr.o)
 .ARM.attributes
                0x00000000       0x2e c:/apps/freescale/kds_3.0.0/toolchain/bin/../lib/gcc/arm-none-eabi/4.8.4/../../../../arm-none-eabi/lib/armv7e-m\libg_s.a(lib_a-sbrkr.o)
 .debug_frame   0x00000000       0x2c c:/apps/freescale/kds_3.0.0/toolchain/bin/../lib/gcc/arm-none-eabi/4.8.4/../../../../arm-none-eabi/lib/armv7e-m\libg_s.a(lib_a-sbrkr.o)
 .text          0x00000000        0x0 c:/apps/freescale/kds_3.0.0/toolchain/bin/../lib/gcc/arm-none-eabi/4.8.4/armv7e-m/crtend.o
 .data          0x00000000        0x0 c:/apps/freescale/kds_3.0.0/toolchain/bin/../lib/gcc/arm-none-eabi/4.8.4/armv7e-m/crtend.o
 .bss           0x00000000        0x0 c:/apps/freescale/kds_3.0.0/toolchain/bin/../lib/gcc/arm-none-eabi/4.8.4/armv7e-m/crtend.o
 .text          0x00000000        0x0 c:/apps/freescale/kds_3.0.0/toolchain/bin/../lib/gcc/arm-none-eabi/4.8.4/armv7e-m/crtn.o
 .data          0x00000000        0x0 c:/apps/freescale/kds_3.0.0/toolchain/bin/../lib/gcc/arm-none-eabi/4.8.4/armv7e-m/crtn.o
 .bss           0x00000000        0x0 c:/apps/freescale/kds_3.0.0/toolchain/bin/../lib/gcc/arm-none-eabi/4.8.4/armv7e-m/crtn.o

Memory Configuration

Name             Origin             Length             Attributes
ram              0x1fffe000         0x00004000         xrw
rom              0x00000000         0x00020000         xr
flexNVM          0x10000000         0x00008000         xr
io               0x22000000         0x02000000         xrw
io_1             0x40000000         0x00080000         xrw
io_2             0x40080000         0x0007f000         xrw
io_3             0x400ff000         0x00001000         xrw
io_4             0x42000000         0x02000000         xrw
io_5             0x44000000         0x1c000000         xrw
io_6             0xe0000000         0x00100000         xrw
*default*        0x00000000         0xffffffff

Linker script and memory map

LOAD c:/apps/freescale/kds_3.0.0/toolchain/bin/../lib/gcc/arm-none-eabi/4.8.4/armv7e-m/crti.o
LOAD c:/apps/freescale/kds_3.0.0/toolchain/bin/../lib/gcc/arm-none-eabi/4.8.4/armv7e-m/crtbegin.o
LOAD c:/apps/freescale/kds_3.0.0/toolchain/bin/../lib/gcc/arm-none-eabi/4.8.4/../../../../arm-none-eabi/lib/armv7e-m/crt0.o
LOAD ./Startup_Code/newlib_stubs.o
LOAD ./Startup_Code/startup_ARMLtdGCC.o
LOAD ./Startup_Code/system.o
LOAD ./Startup_Code/vectors.o
LOAD ./Sources/main.o
START GROUP
LOAD c:/apps/freescale/kds_3.0.0/toolchain/bin/../lib/gcc/arm-none-eabi/4.8.4/armv7e-m\libgcc.a
LOAD c:/apps/freescale/kds_3.0.0/toolchain/bin/../lib/gcc/arm-none-eabi/4.8.4/../../../../arm-none-eabi/lib/armv7e-m\libg_s.a
LOAD c:/apps/freescale/kds_3.0.0/toolchain/bin/../lib/gcc/arm-none-eabi/4.8.4/../../../../arm-none-eabi/lib/armv7e-m\libc_s.a
END GROUP
START GROUP
LOAD c:/apps/freescale/kds_3.0.0/toolchain/bin/../lib/gcc/arm-none-eabi/4.8.4/armv7e-m\libgcc.a
LOAD c:/apps/freescale/kds_3.0.0/toolchain/bin/../lib/gcc/arm-none-eabi/4.8.4/../../../../arm-none-eabi/lib/armv7e-m\libc_s.a
END GROUP
LOAD c:/apps/freescale/kds_3.0.0/toolchain/bin/../lib/gcc/arm-none-eabi/4.8.4/armv7e-m/crtend.o
LOAD c:/apps/freescale/kds_3.0.0/toolchain/bin/../lib/gcc/arm-none-eabi/4.8.4/armv7e-m/crtn.o
                0x00001000                __stack_size = 0x1000
                0x00000008                __gdbstack_fix = 0x8
                0x00001000                __heap_size = 0x1000
                0x000004e4                PROVIDE (__HardReset, Reset_Handler)
                0x00000000                PROVIDE (__gdbstack_fix, 0x0)

.text           0x00000000      0x794
                0x00000000                __flash_start = .
 *(.interrupt_vectors)
 .interrupt_vectors
                0x00000000       0xf8 ./Startup_Code/vectors.o
                0x00000000                __vector_table
                0x00000001                ASSERT ((. != __flash_start), No interrupt vector)
                0x000003c0                . = (__flash_start + 0x3c0)
 *fill*         0x000000f8      0x2c8 
 *(.bootloader_configuration)
                0x00000400                . = (__flash_start + 0x400)
 *fill*         0x000003c0       0x40 
 *(.security_information)
 .security_information
                0x00000400       0x10 ./Startup_Code/vectors.o
                0x00000400                securityInfo
                0x00000001                ASSERT ((. == (__flash_start + 0x410)), No security information)
 *(.text*)
 .text          0x00000410       0x54 c:/apps/freescale/kds_3.0.0/toolchain/bin/../lib/gcc/arm-none-eabi/4.8.4/armv7e-m/crtbegin.o
 .text          0x00000464       0x74 c:/apps/freescale/kds_3.0.0/toolchain/bin/../lib/gcc/arm-none-eabi/4.8.4/../../../../arm-none-eabi/lib/armv7e-m/crt0.o
                0x00000464                _start
                0x00000464                _mainCRTStartup
 .text._exit    0x000004d8        0xc ./Startup_Code/newlib_stubs.o
                0x000004d8                _exit
 .text          0x000004e4       0x48 ./Startup_Code/startup_ARMLtdGCC.o
                0x000004e4                Reset_Handler
 .text.clock_initialise
                0x0000052c        0xc ./Startup_Code/system.o
                0x0000052c                clock_initialise
 .text.uart_initialise
                0x00000538       0x14 ./Startup_Code/system.o
                0x00000538                uart_initialise
 .text.rtc_initialise
                0x0000054c        0xc ./Startup_Code/system.o
                0x0000054c                rtc_initialise
 .text.software_init_hook
                0x00000558        0xc ./Startup_Code/system.o
                0x00000558                software_init_hook
 .text.SystemInitLowLevel
                0x00000564       0x44 ./Startup_Code/system.o
                0x00000564                SystemInitLowLevel
 .text.SystemInit
                0x000005a8       0x18 ./Startup_Code/system.o
                0x000005a8                SystemInit
 .text.Default_Handler
                0x000005c0       0x20 ./Startup_Code/vectors.o
                0x000005c0                RTC_Alarm_IRQHandler
                0x000005c0                DebugMon_Handler
                0x000005c0                I2C0_IRQHandler
                0x000005c0                PendSV_Handler
                0x000005c0                NMI_Handler
                0x000005c0                DMA2_IRQHandler
                0x000005c0                LLWU_IRQHandler
                0x000005c0                TSI0_IRQHandler
                0x000005c0                SWI_IRQHandler
                0x000005c0                ADC0_IRQHandler
                0x000005c0                UsageFault_Handler
                0x000005c0                I2S0_Tx_IRQHandler
                0x000005c0                CMT_IRQHandler
                0x000005c0                CMP1_IRQHandler
                0x000005c0                PORTD_IRQHandler
                0x000005c0                PORTB_IRQHandler
                0x000005c0                I2S0_Rx_IRQHandler
                0x000005c0                PDB0_IRQHandler
                0x000005c0                FTM1_IRQHandler
                0x000005c0                UART0_RxTx_IRQHandler
                0x000005c0                PIT_Ch3_IRQHandler
                0x000005c0                RTC_Seconds_IRQHandler
                0x000005c0                MCG_IRQHandler
                0x000005c0                Default_Handler
                0x000005c0                USBDCD_IRQHandler
                0x000005c0                UART0_Error_IRQHandler
                0x000005c0                UART1_RxTx_IRQHandler
                0x000005c0                MemManage_Handler
                0x000005c0                PIT_Ch0_IRQHandler
                0x000005c0                SVC_Handler
                0x000005c0                USBOTG_IRQHandler
                0x000005c0                DMA3_IRQHandler
                0x000005c0                UART0_LON_IRQHandler
                0x000005c0                DMA0_IRQHandler
                0x000005c0                UART1_Error_IRQHandler
                0x000005c0                UART2_Error_IRQHandler
                0x000005c0                UART2_RxTx_IRQHandler
                0x000005c0                FTFL_Command_IRQHandler
                0x000005c0                PMC_IRQHandler
                0x000005c0                DMA_Error_IRQHandler
                0x000005c0                SPI0_IRQHandler
                0x000005c0                FTM0_IRQHandler
                0x000005c0                PORTA_IRQHandler
                0x000005c0                FTFL_Collision_IRQHandler
                0x000005c0                PORTE_IRQHandler
                0x000005c0                WDOG_IRQHandler
                0x000005c0                PIT_Ch1_IRQHandler
                0x000005c0                LPTMR0_IRQHandler
                0x000005c0                BusFault_Handler
                0x000005c0                CMP0_IRQHandler
                0x000005c0                PIT_Ch2_IRQHandler
                0x000005c0                PORTC_IRQHandler
                0x000005c0                DMA1_IRQHandler
 .text.HardFault_Handler
                0x000005e0       0x14 ./Startup_Code/vectors.o
                0x000005e0                HardFault_Handler
 .text._HardFault_Handler
                0x000005f4        0x4 ./Startup_Code/vectors.o
                0x000005f4                _HardFault_Handler
 .text.NVIC_SetPriority
                0x000005f8       0x54 ./Sources/main.o
 .text.SysTick_Config
                0x0000064c       0x44 ./Sources/main.o
 .text.delay    0x00000690       0x28 ./Sources/main.o
                0x00000690                delay
 .text.SysTick_Handler
                0x000006b8       0x10 ./Sources/main.o
                0x000006b8                SysTick_Handler
 .text.main     0x000006c8       0x18 ./Sources/main.o
                0x000006c8                main
 .text.exit     0x000006e0       0x28 c:/apps/freescale/kds_3.0.0/toolchain/bin/../lib/gcc/arm-none-eabi/4.8.4/../../../../arm-none-eabi/lib/armv7e-m\libg_s.a(lib_a-exit.o)
                0x000006e0                exit
 .text.__libc_init_array
                0x00000708       0x4c c:/apps/freescale/kds_3.0.0/toolchain/bin/../lib/gcc/arm-none-eabi/4.8.4/../../../../arm-none-eabi/lib/armv7e-m\libg_s.a(lib_a-init.o)
                0x00000708                __libc_init_array
 .text.memset   0x00000754       0x10 c:/apps/freescale/kds_3.0.0/toolchain/bin/../lib/gcc/arm-none-eabi/4.8.4/../../../../arm-none-eabi/lib/armv7e-m\libg_s.a(lib_a-memset.o)
                0x00000754                memset
 *(.init)
 .init          0x00000764        0x4 c:/apps/freescale/kds_3.0.0/toolchain/bin/../lib/gcc/arm-none-eabi/4.8.4/armv7e-m/crti.o
                0x00000764                _init
 .init          0x00000768        0x8 c:/apps/freescale/kds_3.0.0/toolchain/bin/../lib/gcc/arm-none-eabi/4.8.4/armv7e-m/crtn.o
 *(.fini)
 .fini          0x00000770        0x4 c:/apps/freescale/kds_3.0.0/toolchain/bin/../lib/gcc/arm-none-eabi/4.8.4/armv7e-m/crti.o
                0x00000770                _fini
 .fini          0x00000774        0x8 c:/apps/freescale/kds_3.0.0/toolchain/bin/../lib/gcc/arm-none-eabi/4.8.4/armv7e-m/crtn.o
 *crtbegin.o(.ctors)
 *crtbegin?.o(.ctors)
 *(EXCLUDE_FILE(*crtend.o *crtend?.o) .ctors)
 *(SORT(.ctors.*))
 *(.ctors)
 *crtbegin.o(.dtors)
 *crtbegin?.o(.dtors)
 *(EXCLUDE_FILE(*crtend.o *crtend?.o) .dtors)
 *(SORT(.dtors.*))
 *(.dtors)
                0x0000077c                . = ALIGN (0x4)
                0x0000077c                PROVIDE (__preinit_array_start, .)
 *(.preinit_array)
                0x0000077c                PROVIDE (__preinit_array_end, .)
                0x0000077c                . = ALIGN (0x4)
                0x0000077c                PROVIDE (__init_array_start, .)
 *(SORT(.init_array.*))
 *(.init_array)
 .init_array    0x0000077c        0x4 c:/apps/freescale/kds_3.0.0/toolchain/bin/../lib/gcc/arm-none-eabi/4.8.4/armv7e-m/crtbegin.o
                0x00000780                PROVIDE (__init_array_end, .)
                0x00000780                . = ALIGN (0x4)
                0x00000780                PROVIDE (__fini_array_start, .)
 *(SORT(.fini_array.*))
 *(.fini_array)
 .fini_array    0x00000780        0x4 c:/apps/freescale/kds_3.0.0/toolchain/bin/../lib/gcc/arm-none-eabi/4.8.4/armv7e-m/crtbegin.o
                0x00000784                PROVIDE (__fini_array_end, .)
 *(.jcr*)
 .jcr           0x00000784        0x0 c:/apps/freescale/kds_3.0.0/toolchain/bin/../lib/gcc/arm-none-eabi/4.8.4/armv7e-m/crtbegin.o
 .jcr           0x00000784        0x4 c:/apps/freescale/kds_3.0.0/toolchain/bin/../lib/gcc/arm-none-eabi/4.8.4/armv7e-m/crtend.o
 *(.rodata*)
 .rodata.str1.1
                0x00000788        0x2 c:/apps/freescale/kds_3.0.0/toolchain/bin/../lib/gcc/arm-none-eabi/4.8.4/../../../../arm-none-eabi/lib/armv7e-m\libg_s.a(lib_a-impure.o)
 *fill*         0x0000078a        0x2 
 .rodata._global_impure_ptr
                0x0000078c        0x4 c:/apps/freescale/kds_3.0.0/toolchain/bin/../lib/gcc/arm-none-eabi/4.8.4/../../../../arm-none-eabi/lib/armv7e-m\libg_s.a(lib_a-impure.o)
                0x0000078c                _global_impure_ptr
 *(.eh_frame*)
 .eh_frame      0x00000790        0x0 c:/apps/freescale/kds_3.0.0/toolchain/bin/../lib/gcc/arm-none-eabi/4.8.4/armv7e-m/crtbegin.o
 .eh_frame      0x00000790        0x4 c:/apps/freescale/kds_3.0.0/toolchain/bin/../lib/gcc/arm-none-eabi/4.8.4/armv7e-m/crtend.o

.glue_7         0x00000794        0x0
 .glue_7        0x00000000        0x0 linker stubs

.glue_7t        0x00000794        0x0
 .glue_7t       0x00000000        0x0 linker stubs

.vfp11_veneer   0x00000794        0x0
 .vfp11_veneer  0x00000000        0x0 linker stubs

.v4_bx          0x00000794        0x0
 .v4_bx         0x00000000        0x0 linker stubs

.iplt           0x00000794        0x0
 .iplt          0x00000000        0x0 c:/apps/freescale/kds_3.0.0/toolchain/bin/../lib/gcc/arm-none-eabi/4.8.4/armv7e-m/crtbegin.o

.ARM.extab
 *(.ARM.extab* .gnu.linkonce.armextab.*)
                0x00000794                __exidx_start = .

.ARM.exidx      0x00000794        0x8
 *(.ARM.exidx* .gnu.linkonce.armexidx.*)
 .ARM.exidx     0x00000794        0x8 c:/apps/freescale/kds_3.0.0/toolchain/bin/../lib/gcc/arm-none-eabi/4.8.4/../../../../arm-none-eabi/lib/armv7e-m/crt0.o
                0x0000079c                __exidx_end = .
                0x0000079c                __etext = .

.rel.dyn        0x0000079c        0x0
 .rel.iplt      0x00000000        0x0 c:/apps/freescale/kds_3.0.0/toolchain/bin/../lib/gcc/arm-none-eabi/4.8.4/armv7e-m/crtbegin.o

.data           0x1fffe000       0x60 load address 0x0000079c
                0x1fffe000                __data_start__ = .
 *(vtable)
 *(.data*)
 .data.impure_data
                0x1fffe000       0x60 c:/apps/freescale/kds_3.0.0/toolchain/bin/../lib/gcc/arm-none-eabi/4.8.4/../../../../arm-none-eabi/lib/armv7e-m\libg_s.a(lib_a-impure.o)
                0x1fffe060                . = ALIGN (0x4)
                0x1fffe060                __data_end__ = .

.igot.plt       0x1fffe060        0x0 load address 0x000007fc
 .igot.plt      0x00000000        0x0 c:/apps/freescale/kds_3.0.0/toolchain/bin/../lib/gcc/arm-none-eabi/4.8.4/armv7e-m/crtbegin.o

.bss            0x1fffe060       0x1c load address 0x000007fc
                0x1fffe060                . = ALIGN (0x4)
                0x1fffe060                __bss_start__ = .
 *(.bss*)
 .bss           0x1fffe060       0x1c c:/apps/freescale/kds_3.0.0/toolchain/bin/../lib/gcc/arm-none-eabi/4.8.4/armv7e-m/crtbegin.o
 *(COMMON)
                0x1fffe07c                . = ALIGN (0x4)
                0x1fffe07c                __bss_end__ = .

.heap_dummy     0x1fffe07c     0x1000 load address 0x00000818
                0x1fffe07c                . = ALIGN (0x4)
                0x1fffe07c                PROVIDE (end, .)
                0x1fffe07c                PROVIDE (__end__, .)
                0x1fffe07c                PROVIDE (_end, .)
                0x1fffe07c                __HeapBottom = .
                0x1fffe07c                __heap_addr = .
                0x1ffff07c                . = (. + __heap_size)
 *fill*         0x1fffe07c     0x1000 

.stack_dummy    0x1ffff07c     0x1000 load address 0x00001818
                0x1ffff07c                . = ALIGN (0x4)
                0x2000007c                . = (. + __stack_size)
 *fill*         0x1ffff07c     0x1000 
                0x20001ff8                __StackTop = ((ORIGIN (ram) + 0x4000) - __gdbstack_fix)
                0x20001000                __HeapLimit = ((ORIGIN (ram) + 0x4000) - __stack_size)
                0x20001000                __StackLimit = ((ORIGIN (ram) + 0x4000) - __stack_size)
                0x20001ff8                PROVIDE (__stack, __StackTop)
                0x20001ff8                PROVIDE (__cs3_stack, __StackTop)
OUTPUT(BootloopMK.elf elf32-littlearm)

.ARM.attributes
                0x00000000       0x2a
 .ARM.attributes
                0x00000000       0x1e c:/apps/freescale/kds_3.0.0/toolchain/bin/../lib/gcc/arm-none-eabi/4.8.4/armv7e-m/crti.o
 .ARM.attributes
                0x0000001e       0x2e c:/apps/freescale/kds_3.0.0/toolchain/bin/../lib/gcc/arm-none-eabi/4.8.4/armv7e-m/crtbegin.o
 .ARM.attributes
                0x0000004c       0x1c c:/apps/freescale/kds_3.0.0/toolchain/bin/../lib/gcc/arm-none-eabi/4.8.4/../../../../arm-none-eabi/lib/armv7e-m/crt0.o
 .ARM.attributes
                0x00000068       0x33 ./Startup_Code/newlib_stubs.o
 .ARM.attributes
                0x0000009b       0x1b ./Startup_Code/startup_ARMLtdGCC.o
 .ARM.attributes
                0x000000b6       0x33 ./Startup_Code/system.o
 .ARM.attributes
                0x000000e9       0x33 ./Startup_Code/vectors.o
 .ARM.attributes
                0x0000011c       0x33 ./Sources/main.o
 .ARM.attributes
                0x0000014f       0x2e c:/apps/freescale/kds_3.0.0/toolchain/bin/../lib/gcc/arm-none-eabi/4.8.4/../../../../arm-none-eabi/lib/armv7e-m\libg_s.a(lib_a-exit.o)
 .ARM.attributes
                0x0000017d       0x2e c:/apps/freescale/kds_3.0.0/toolchain/bin/../lib/gcc/arm-none-eabi/4.8.4/../../../../arm-none-eabi/lib/armv7e-m\libg_s.a(lib_a-impure.o)
 .ARM.attributes
                0x000001ab       0x2e c:/apps/freescale/kds_3.0.0/toolchain/bin/../lib/gcc/arm-none-eabi/4.8.4/../../../../arm-none-eabi/lib/armv7e-m\libg_s.a(lib_a-init.o)
 .ARM.attributes
                0x000001d9       0x2e c:/apps/freescale/kds_3.0.0/toolchain/bin/../lib/gcc/arm-none-eabi/4.8.4/../../../../arm-none-eabi/lib/armv7e-m\libg_s.a(lib_a-memset.o)
 .ARM.attributes
                0x00000207       0x2e c:/apps/freescale/kds_3.0.0/toolchain/bin/../lib/gcc/arm-none-eabi/4.8.4/armv7e-m/crtend.o
 .ARM.attributes
                0x00000235       0x1e c:/apps/freescale/kds_3.0.0/toolchain/bin/../lib/gcc/arm-none-eabi/4.8.4/armv7e-m/crtn.o

.comment        0x00000000       0x70
 .comment       0x00000000       0x70 ./Startup_Code/newlib_stubs.o
                                 0x71 (size before relaxing)
 .comment       0x00000000       0x71 ./Startup_Code/system.o
 .comment       0x00000000       0x71 ./Startup_Code/vectors.o
 .comment       0x00000000       0x71 ./Sources/main.o

.debug_info     0x00000000     0x12e0
 .debug_info    0x00000000      0x6e3 ./Startup_Code/newlib_stubs.o
 .debug_info    0x000006e3       0x95 ./Startup_Code/startup_ARMLtdGCC.o
 .debug_info    0x00000778      0x2ac ./Startup_Code/system.o
 .debug_info    0x00000a24      0x2b4 ./Startup_Code/vectors.o
 .debug_info    0x00000cd8      0x608 ./Sources/main.o

.debug_abbrev   0x00000000      0x5db
 .debug_abbrev  0x00000000      0x1bb ./Startup_Code/newlib_stubs.o
 .debug_abbrev  0x000001bb       0x14 ./Startup_Code/startup_ARMLtdGCC.o
 .debug_abbrev  0x000001cf      0x147 ./Startup_Code/system.o
 .debug_abbrev  0x00000316      0x12b ./Startup_Code/vectors.o
 .debug_abbrev  0x00000441      0x19a ./Sources/main.o

.debug_aranges  0x00000000      0x198
 .debug_aranges
                0x00000000       0xb8 ./Startup_Code/newlib_stubs.o
 .debug_aranges
                0x000000b8       0x20 ./Startup_Code/startup_ARMLtdGCC.o
 .debug_aranges
                0x000000d8       0x50 ./Startup_Code/system.o
 .debug_aranges
                0x00000128       0x30 ./Startup_Code/vectors.o
 .debug_aranges
                0x00000158       0x40 ./Sources/main.o

.debug_ranges   0x00000000      0x138
 .debug_ranges  0x00000000       0xa8 ./Startup_Code/newlib_stubs.o
 .debug_ranges  0x000000a8       0x40 ./Startup_Code/system.o
 .debug_ranges  0x000000e8       0x20 ./Startup_Code/vectors.o
 .debug_ranges  0x00000108       0x30 ./Sources/main.o

.debug_macro    0x00000000     0xb891
 .debug_macro   0x00000000      0x182 ./Startup_Code/newlib_stubs.o
 .debug_macro   0x00000182      0x850 ./Startup_Code/newlib_stubs.o
 .debug_macro   0x000009d2       0x10 ./Startup_Code/newlib_stubs.o
 .debug_macro   0x000009e2       0x58 ./Startup_Code/newlib_stubs.o
 .debug_macro   0x00000a3a       0x16 ./Startup_Code/newlib_stubs.o
 .debug_macro   0x00000a50       0x35 ./Startup_Code/newlib_stubs.o
 .debug_macro   0x00000a85       0xa3 ./Startup_Code/newlib_stubs.o
 .debug_macro   0x00000b28      0x166 ./Startup_Code/newlib_stubs.o
 .debug_macro   0x00000c8e       0x4a ./Startup_Code/newlib_stubs.o
 .debug_macro   0x00000cd8       0x52 ./Startup_Code/newlib_stubs.o
 .debug_macro   0x00000d2a       0x16 ./Startup_Code/newlib_stubs.o
 .debug_macro   0x00000d40       0x43 ./Startup_Code/newlib_stubs.o
 .debug_macro   0x00000d83      0x180 ./Startup_Code/newlib_stubs.o
 .debug_macro   0x00000f03      0x23b ./Startup_Code/newlib_stubs.o
 .debug_macro   0x0000113e      0x20f ./Startup_Code/newlib_stubs.o
 .debug_macro   0x0000134d       0x10 ./Startup_Code/newlib_stubs.o
 .debug_macro   0x0000135d       0x35 ./Startup_Code/newlib_stubs.o
 .debug_macro   0x00001392       0x10 ./Startup_Code/newlib_stubs.o
 .debug_macro   0x000013a2       0x10 ./Startup_Code/newlib_stubs.o
 .debug_macro   0x000013b2       0x10 ./Startup_Code/newlib_stubs.o
 .debug_macro   0x000013c2       0x22 ./Startup_Code/newlib_stubs.o
 .debug_macro   0x000013e4       0xbd ./Startup_Code/newlib_stubs.o
 .debug_macro   0x000014a1       0x2e ./Startup_Code/newlib_stubs.o
 .debug_macro   0x000014cf      0x120 ./Startup_Code/newlib_stubs.o
 .debug_macro   0x000015ef       0x16 ./Startup_Code/newlib_stubs.o
 .debug_macro   0x00001605      0x48e ./Startup_Code/newlib_stubs.o
 .debug_macro   0x00001a93       0x2d ./Startup_Code/newlib_stubs.o
 .debug_macro   0x00001ac0       0x3b ./Startup_Code/newlib_stubs.o
 .debug_macro   0x00001afb       0x2d ./Startup_Code/newlib_stubs.o
 .debug_macro   0x00001b28       0x26 ./Startup_Code/newlib_stubs.o
 .debug_macro   0x00001b4e      0xa99 ./Startup_Code/newlib_stubs.o
 .debug_macro   0x000025e7     0x870a ./Startup_Code/newlib_stubs.o
 .debug_macro   0x0000acf1       0xb2 ./Startup_Code/system.o
 .debug_macro   0x0000ada3       0x44 ./Startup_Code/system.o
 .debug_macro   0x0000ade7      0x209 ./Startup_Code/system.o
 .debug_macro   0x0000aff0      0x13c ./Startup_Code/vectors.o
 .debug_macro   0x0000b12c      0x2a6 ./Startup_Code/vectors.o
 .debug_macro   0x0000b3d2       0x10 ./Startup_Code/vectors.o
 .debug_macro   0x0000b3e2      0x151 ./Sources/main.o
 .debug_macro   0x0000b533       0x16 ./Sources/main.o
 .debug_macro   0x0000b549       0x97 ./Sources/main.o
 .debug_macro   0x0000b5e0       0x10 ./Sources/main.o
 .debug_macro   0x0000b5f0       0xef ./Sources/main.o
 .debug_macro   0x0000b6df       0x16 ./Sources/main.o
 .debug_macro   0x0000b6f5      0x14a ./Sources/main.o
 .debug_macro   0x0000b83f       0x52 ./Sources/main.o

.debug_line     0x00000000      0xe9a
 .debug_line    0x00000000      0x4a4 ./Startup_Code/newlib_stubs.o
 .debug_line    0x000004a4       0x73 ./Startup_Code/startup_ARMLtdGCC.o
 .debug_line    0x00000517      0x2b2 ./Startup_Code/system.o
 .debug_line    0x000007c9      0x362 ./Startup_Code/vectors.o
 .debug_line    0x00000b2b      0x36f ./Sources/main.o

.debug_str      0x00000000    0x3d4df
 .debug_str     0x00000000    0x3b65f ./Startup_Code/newlib_stubs.o
                              0x3b860 (size before relaxing)
 .debug_str     0x0003b65f      0x222 ./Startup_Code/system.o
                              0x38771 (size before relaxing)
 .debug_str     0x0003b881     0x106f ./Startup_Code/vectors.o
                              0x3abb7 (size before relaxing)
 .debug_str     0x0003c8f0      0xbef ./Sources/main.o
                              0x3aadd (size before relaxing)

.debug_frame    0x00000000      0x464
 .debug_frame   0x00000000      0x23c ./Startup_Code/newlib_stubs.o
 .debug_frame   0x0000023c       0xc0 ./Startup_Code/system.o
 .debug_frame   0x000002fc       0x54 ./Startup_Code/vectors.o
 .debug_frame   0x00000350       0xa0 ./Sources/main.o
 .debug_frame   0x000003f0       0x28 c:/apps/freescale/kds_3.0.0/toolchain/bin/../lib/gcc/arm-none-eabi/4.8.4/../../../../arm-none-eabi/lib/armv7e-m\libg_s.a(lib_a-exit.o)
 .debug_frame   0x00000418       0x2c c:/apps/freescale/kds_3.0.0/toolchain/bin/../lib/gcc/arm-none-eabi/4.8.4/../../../../arm-none-eabi/lib/armv7e-m\libg_s.a(lib_a-init.o)
 .debug_frame   0x00000444       0x20 c:/apps/freescale/kds_3.0.0/toolchain/bin/../lib/gcc/arm-none-eabi/4.8.4/../../../../arm-none-eabi/lib/armv7e-m\libg_s.a(lib_a-memset.o)
