*** EVALUATION ***
PROGRAM "USBDM_JS16_BOOTLOADER.abs"

*********************************************************************************************
TARGET SECTION
---------------------------------------------------------------------------------------------
Processor   : Freescale HC08
Memory Model: SMALL
File Format : ELF\DWARF 2.0
Linker      : SmartLinker V-5.0.50 Build 13184, Jul  4 2013

*********************************************************************************************
FILE SECTION
---------------------------------------------------------------------------------------------
DummyUserVectorTable_c.obj              Model: SMALL,         Lang: ANSI-C
ICP_c.obj                               Model: SMALL,         Lang: ANSI-C
ICP_USB_c.obj                           Model: SMALL,         Lang: ANSI-C
start08_c.obj                           Model: SMALL,         Lang: ANSI-C
mc9s08js16_c.obj                        Model: SMALL,         Lang: ANSI-C
rtshc08.c.o (ansiis.lib)                Model: SMALL,         Lang: ANSI-C

*********************************************************************************************
STARTUP SECTION
---------------------------------------------------------------------------------------------
Entry point: 0xC07B (_Startup)
_startupData is allocated at 0xC084 and uses 6 Bytes
extern struct _tagStartup {
  unsigned nofZeroOut     0
  _Copy    *toCopyDownBeg 0xC0C8
} _startupData;

*********************************************************************************************
SECTION-ALLOCATION SECTION
Section Name                    Size  Type     From       To       Segment
---------------------------------------------------------------------------------------------
.stack                            90   R/W       0xD0      0x129   RAM
.init                            132     R     0xC000     0xC083   ROM
.startData                        22     R     0xC084     0xC099   ROM
.text                             46     R     0xC09A     0xC0C7   ROM
.copy                              2     R     0xC0C8     0xC0C9   ROM
BOOT_ROM                         968     R     0xFA00     0xFDC7   ICP_ROM1
BOOT_CONST                       252     R     0xFDC8     0xFEC3   ICP_ROM1
BOOT_RAM                          26     P       0x80       0x99   ICP_RAM
BOOT_RAM2                         64     P      0x100      0x13F   ICP_RAM2
.abs_section_f994                 46     R     0xF994     0xF9C1   .absSeg0
.abs_section_f9c2                 60     R     0xF9C2     0xF9FD   .absSeg1
.abs_section_f9fe                  1     R     0xF9FE     0xF9FE   .absSeg2
.abs_section_ffbd                  1     R     0xFFBD     0xFFBD   .absSeg3
.abs_section_ffbf                  1     R     0xFFBF     0xFFBF   .absSeg4
.abs_section_ffba                  1     R     0xFFBA     0xFFBA   .absSeg5
.abs_section_fffa                  2     R     0xFFFA     0xFFFB   .absSeg6
.abs_section_fffe                  2     R     0xFFFE     0xFFFF   .absSeg7
.abs_section_fffc                  1     R     0xFFFC     0xFFFC   .absSeg8
.abs_section_fffd                  1     R     0xFFFD     0xFFFD   .absSeg9
.abs_section_ffaf                  1     R     0xFFAF     0xFFAF   .absSeg10
.abs_section_1860                256   N/I     0x1860     0x195F   .absSeg14
.abs_section_1880                 64   N/I     0x1880     0x18BF   .absSeg12
.abs_section_18c0                 64   N/I     0x18C0     0x18FF   .absSeg13
.abs_section_0                     1   N/I        0x0        0x0   .absSeg15
.abs_section_1                     1   N/I        0x1        0x1   .absSeg16
.abs_section_2                     1   N/I        0x2        0x2   .absSeg17
.abs_section_3                     1   N/I        0x3        0x3   .absSeg18
.abs_section_8                     1   N/I        0x8        0x8   .absSeg19
.abs_section_9                     1   N/I        0x9        0x9   .absSeg20
.abs_section_a                     1   N/I        0xA        0xA   .absSeg21
.abs_section_b                     1   N/I        0xB        0xB   .absSeg22
.abs_section_c                     1   N/I        0xC        0xC   .absSeg23
.abs_section_d                     1   N/I        0xD        0xD   .absSeg24
.abs_section_10                    1   N/I       0x10       0x10   .absSeg25
.abs_section_15                    1   N/I       0x15       0x15   .absSeg26
.abs_section_18                    1   N/I       0x18       0x18   .absSeg27
.abs_section_1b                    1   N/I       0x1B       0x1B   .absSeg28
.abs_section_1c                    1   N/I       0x1C       0x1C   .absSeg29
.abs_section_1d                    1   N/I       0x1D       0x1D   .absSeg30
.abs_section_1e                    1   N/I       0x1E       0x1E   .absSeg31
.abs_section_22                    1   N/I       0x22       0x22   .absSeg32
.abs_section_23                    1   N/I       0x23       0x23   .absSeg33
.abs_section_24                    1   N/I       0x24       0x24   .absSeg34
.abs_section_25                    1   N/I       0x25       0x25   .absSeg35
.abs_section_26                    1   N/I       0x26       0x26   .absSeg36
.abs_section_27                    1   N/I       0x27       0x27   .absSeg37
.abs_section_30                    1   N/I       0x30       0x30   .absSeg38
.abs_section_31                    1   N/I       0x31       0x31   .absSeg39
.abs_section_32                    1   N/I       0x32       0x32   .absSeg40
.abs_section_33                    1   N/I       0x33       0x33   .absSeg41
.abs_section_40                    1   N/I       0x40       0x40   .absSeg42
.abs_section_41                    1   N/I       0x41       0x41   .absSeg43
.abs_section_42                    1   N/I       0x42       0x42   .absSeg44
.abs_section_43                    1   N/I       0x43       0x43   .absSeg45
.abs_section_44                    1   N/I       0x44       0x44   .absSeg46
.abs_section_48                    1   N/I       0x48       0x48   .absSeg47
.abs_section_49                    1   N/I       0x49       0x49   .absSeg48
.abs_section_4a                    1   N/I       0x4A       0x4A   .absSeg49
.abs_section_50                    1   N/I       0x50       0x50   .absSeg50
.abs_section_58                    1   N/I       0x58       0x58   .absSeg51
.abs_section_59                    1   N/I       0x59       0x59   .absSeg52
.abs_section_5a                    1   N/I       0x5A       0x5A   .absSeg53
.abs_section_60                    1   N/I       0x60       0x60   .absSeg54
.abs_section_61                    1   N/I       0x61       0x61   .absSeg55
.abs_section_62                    1   N/I       0x62       0x62   .absSeg56
.abs_section_63                    1   N/I       0x63       0x63   .absSeg57
.abs_section_64                    1   N/I       0x64       0x64   .absSeg58
.abs_section_65                    1   N/I       0x65       0x65   .absSeg59
.abs_section_66                    1   N/I       0x66       0x66   .absSeg60
.abs_section_67                    1   N/I       0x67       0x67   .absSeg61
.abs_section_68                    1   N/I       0x68       0x68   .absSeg62
.abs_section_6d                    1   N/I       0x6D       0x6D   .absSeg63
.abs_section_6e                    1   N/I       0x6E       0x6E   .absSeg64
.abs_section_6f                    1   N/I       0x6F       0x6F   .absSeg65
.abs_section_70                    1   N/I       0x70       0x70   .absSeg66
.abs_section_71                    1   N/I       0x71       0x71   .absSeg67
.abs_section_72                    1   N/I       0x72       0x72   .absSeg68
.abs_section_73                    1   N/I       0x73       0x73   .absSeg69
.abs_section_1800                  1   N/I     0x1800     0x1800   .absSeg70
.abs_section_1801                  1   N/I     0x1801     0x1801   .absSeg71
.abs_section_1802                  1   N/I     0x1802     0x1802   .absSeg72
.abs_section_1803                  1   N/I     0x1803     0x1803   .absSeg73
.abs_section_1809                  1   N/I     0x1809     0x1809   .absSeg74
.abs_section_180a                  1   N/I     0x180A     0x180A   .absSeg75
.abs_section_180c                  1   N/I     0x180C     0x180C   .absSeg76
.abs_section_180d                  1   N/I     0x180D     0x180D   .absSeg77
.abs_section_180e                  1   N/I     0x180E     0x180E   .absSeg78
.abs_section_180f                  1   N/I     0x180F     0x180F   .absSeg79
.abs_section_1816                  1   N/I     0x1816     0x1816   .absSeg80
.abs_section_1817                  1   N/I     0x1817     0x1817   .absSeg81
.abs_section_1818                  1   N/I     0x1818     0x1818   .absSeg82
.abs_section_1820                  1   N/I     0x1820     0x1820   .absSeg83
.abs_section_1821                  1   N/I     0x1821     0x1821   .absSeg84
.abs_section_1823                  1   N/I     0x1823     0x1823   .absSeg85
.abs_section_1824                  1   N/I     0x1824     0x1824   .absSeg86
.abs_section_1825                  1   N/I     0x1825     0x1825   .absSeg87
.abs_section_1826                  1   N/I     0x1826     0x1826   .absSeg88
.abs_section_1840                  1   N/I     0x1840     0x1840   .absSeg89
.abs_section_1841                  1   N/I     0x1841     0x1841   .absSeg90
.abs_section_1842                  1   N/I     0x1842     0x1842   .absSeg91
.abs_section_1844                  1   N/I     0x1844     0x1844   .absSeg92
.abs_section_1845                  1   N/I     0x1845     0x1845   .absSeg93
.abs_section_1846                  1   N/I     0x1846     0x1846   .absSeg94
.abs_section_11                    2   N/I       0x11       0x12   .absSeg95
.abs_section_13                    2   N/I       0x13       0x14   .absSeg96
.abs_section_16                    2   N/I       0x16       0x17   .absSeg97
.abs_section_19                    2   N/I       0x19       0x1A   .absSeg98
.abs_section_20                    2   N/I       0x20       0x21   .absSeg99
.abs_section_34                    2   N/I       0x34       0x35   .absSeg100
.abs_section_36                    2   N/I       0x36       0x37   .absSeg101
.abs_section_1806                  2   N/I     0x1806     0x1807   .absSeg102
.abs_section_1810                  2   N/I     0x1810     0x1811   .absSeg103
.abs_section_1812                  2   N/I     0x1812     0x1813   .absSeg104
.abs_section_1814                  2   N/I     0x1814     0x1815   .absSeg105
ROM_108                        14538     R     0xC0CA     0xF993   ROM

Summary of section sizes per section type:
READ_ONLY (R):        3ECD (dec:    16077)
READ_WRITE (R/W):       5A (dec:       90)
NO_INIT (N/I):         1E6 (dec:      486)
PAGED (P):              5A (dec:       90)

*********************************************************************************************
VECTOR-ALLOCATION SECTION
    Address     InitValue   InitFunction
---------------------------------------------------------------------------------------------

*********************************************************************************************
OBJECT-ALLOCATION SECTION
     Name               Module                 Addr   hSize   dSize     Ref    Section   RLIB
---------------------------------------------------------------------------------------------
MODULE:                 -- DummyUserVectorTable_c.obj --
- PROCEDURES:
     userDetectICP                             C09A       2       2       1   .text       
     dummyISR                                  C09C       4       4      29   .text       
     main                                      C0A0       4       4       1   .text       
- VARIABLES:
     ICP_data                                  F994      2E      46       3   .abs_section_f994
     userVectorTable                           F9C2      3C      60       2   .abs_section_f9c2
     versionOffset                             F9FE       1       1       0   .abs_section_f9fe
- LABELS:
     __SEG_START__PRESTART                     C000       0       0       1               
MODULE:                 -- ICP_c.obj --
- PROCEDURES:
     rebootToICP                               FA00       8       8       1   BOOT_ROM    
     detectICP                                 FA08      17      23       1   BOOT_ROM    
     flashInvalid                              FA1F      1D      29       1   BOOT_ROM    
     _userDetectICP                            FA3C       4       4       1   BOOT_ROM    
     myStartup                                 FA40      23      35       1   BOOT_ROM    
- VARIABLES:
     icpKeyBytes                                 80       2       2       3   BOOT_RAM    
     NVPROT_INIT                               FFBD       1       1       0   .abs_section_ffbd
     NVOPT_INIT                                FFBF       1       1       0   .abs_section_ffbf
     CHECKSUM_BYPASS                           FFBA       1       1       0   .abs_section_ffba
     forceICPVector                            FFFA       2       2       0   .abs_section_fffa
     resetVector                               FFFE       2       2       0   .abs_section_fffe
     ICP_Version_SW                            FFFC       1       1       0   .abs_section_fffc
     ICP_Version_HW                            FFFD       1       1       0   .abs_section_fffd
- LABELS:
     __SEG_START_BOOT_ROM                      FA00       0       0       2               
MODULE:                 -- ICP_USB_c.obj --
- PROCEDURES:
     myMemcpy                                  FA63      27      39       3   BOOT_ROM    
     initCrystalClock                          FA8A      2D      45       1   BOOT_ROM    
     autoInitClock                             FAB7      37      55       1   BOOT_ROM    
     ep0StartOutTransaction                    FAEE      1C      28       3   BOOT_ROM    
     ep0StartSetupTransaction                  FB0A       7       7       5   BOOT_ROM    
     ep0StartInTransaction                     FB11      31      49       5   BOOT_ROM    
     ep0StartStatusInTransaction               FB42       9       9       2   BOOT_ROM    
     handleUSBReset                            FB4B      1A      26       1   BOOT_ROM    
     handleGetDescriptor                       FB65      40      64       1   BOOT_ROM    
     setAddressCallback                        FBA5       8       8       1   BOOT_ROM    
     onStack                                   FBAD      2C      44       1   BOOT_ROM    
     doOnStack                                 FBD9      28      40       3   BOOT_ROM    
     erasePageCommand                          FC01       8       8       1   BOOT_ROM    
     programRowCommand                         FC09       5       5       1   BOOT_ROM    
     verifyRowCommand                          FC0E      1B      27       1   BOOT_ROM    
     handleEp0InToken                          FC29      1D      29       1   BOOT_ROM    
     handleEp0OutToken                         FC46      1E      30       1   BOOT_ROM    
     icpReset                                  FC64       B      11       2   BOOT_ROM    
     handleSetupToken                          FC6F      FB     251       1   BOOT_ROM    
     startICP_USB                              FD6A      5E      94       1   BOOT_ROM    
- VARIABLES:
     dataBuffer                                 100      40      64       3   BOOT_RAM2   
     deviceDescriptor                          FDC8      12      18       2   BOOT_CONST  
     otherDescriptors                          FDDA      12      18       3   BOOT_CONST  
     msCompatibleIdFeatureDescriptor           FDEC      28      40       1   BOOT_CONST  
     msPropertiesFeatureDescriptor             FE14      8E     142       1   BOOT_CONST  
     OS_StringDescriptor                       FEA2      12      18       1   BOOT_CONST  
     deviceStatus                              FEB4       2       2       1   BOOT_CONST  
     initialEPState                            FEB6       3       3       2   BOOT_CONST  
     clockFactors                              FEB9       6       6       3   BOOT_CONST  
     versionConstant                           FEBF       5       5       1   BOOT_CONST  
     ep0SetupBuffer                              82       8       8      13   BOOT_RAM    
     deviceState                                 8A       2       2       6   BOOT_RAM    
     ep0State                                    8C       3       3      16   BOOT_RAM    
     dataLength                                  8F       1       1       5   BOOT_RAM    
     startAddress                                90       2       2       6   BOOT_RAM    
     sourceAddress                               92       2       2       6   BOOT_RAM    
     flashCommand                                94       1       1       3   BOOT_RAM    
     flashData                                   95       1       1       2   BOOT_RAM    
     commandStatus                               96       1       1       3   BOOT_RAM    
     dataSize.4                                  97       1       1       4   BOOT_RAM    
     dataPtr.5                                   98       2       2       4   BOOT_RAM    
     NV_MCGTRM_INIT                            FFAF       1       1       0   .abs_section_ffaf
     bdts                                      1860      1E      30       8   .abs_section_1860
     ep0InDataBuffer                           1880      40      64       1   .abs_section_1880
     ep0OutDataBuffer                          18C0      40      64       2   .abs_section_18c0
     usbRam                                    1860     100     256       1   .abs_section_1860
MODULE:                 -- start08_c.obj --
- PROCEDURES:
     loadByte                                  C000       E      14       5   .init       
     Init                                      C00E      6D     109       1   .init       
     _Startup                                  C07B       9       9       1   .init       
- VARIABLES:
     _startupData                              C084       6       6       4   .startData  
- LABELS:
     __SEG_END_SSTACK                           12A       0       0       1               
MODULE:                 -- mc9s08js16_c.obj --
- PROCEDURES:
- VARIABLES:
     _PTAD                                        0       1       1       0   .abs_section_0
     _PTADD                                       1       1       1       0   .abs_section_1
     _PTBD                                        2       1       1       3   .abs_section_2
     _PTBDD                                       3       1       1       1   .abs_section_3
     _MTIMSC                                      8       1       1       0   .abs_section_8
     _MTIMCLK                                     9       1       1       0   .abs_section_9
     _MTIMCNT                                     A       1       1       0   .abs_section_a
     _MTIMMOD                                     B       1       1       0   .abs_section_b
     _CRCH                                        C       1       1       0   .abs_section_c
     _CRCL                                        D       1       1       0   .abs_section_d
     _TPMSC                                      10       1       1       0   .abs_section_10
     _TPMC0SC                                    15       1       1       0   .abs_section_15
     _TPMC1SC                                    18       1       1       0   .abs_section_18
     _IRQSC                                      1B       1       1       0   .abs_section_1b
     _KBISC                                      1C       1       1       0   .abs_section_1c
     _KBIPE                                      1D       1       1       0   .abs_section_1d
     _KBIES                                      1E       1       1       0   .abs_section_1e
     _SCIC1                                      22       1       1       0   .abs_section_22
     _SCIC2                                      23       1       1       0   .abs_section_23
     _SCIS1                                      24       1       1       0   .abs_section_24
     _SCIS2                                      25       1       1       0   .abs_section_25
     _SCIC3                                      26       1       1       0   .abs_section_26
     _SCID                                       27       1       1       0   .abs_section_27
     _SPIC1                                      30       1       1       0   .abs_section_30
     _SPIC2                                      31       1       1       0   .abs_section_31
     _SPIBR                                      32       1       1       0   .abs_section_32
     _SPIS                                       33       1       1       0   .abs_section_33
     _MCGC1                                      40       1       1       3   .abs_section_40
     _MCGC2                                      41       1       1       2   .abs_section_41
     _MCGTRM                                     42       1       1       0   .abs_section_42
     _MCGSC                                      43       1       1       5   .abs_section_43
     _MCGC3                                      44       1       1       1   .abs_section_44
     _RTCSC                                      48       1       1       3   .abs_section_48
     _RTCCNT                                     49       1       1       0   .abs_section_49
     _RTCMOD                                     4A       1       1       1   .abs_section_4a
     _USBCTL0                                    50       1       1       4   .abs_section_50
     _PERID                                      58       1       1       0   .abs_section_58
     _IDCOMP                                     59       1       1       0   .abs_section_59
     _REV                                        5A       1       1       0   .abs_section_5a
     _INTSTAT                                    60       1       1       7   .abs_section_60
     _INTENB                                     61       1       1       1   .abs_section_61
     _ERRSTAT                                    62       1       1       1   .abs_section_62
     _ERRENB                                     63       1       1       1   .abs_section_63
     _STAT                                       64       1       1       1   .abs_section_64
     _CTL                                        65       1       1       2   .abs_section_65
     _ADDR                                       66       1       1       2   .abs_section_66
     _FRMNUML                                    67       1       1       0   .abs_section_67
     _FRMNUMH                                    68       1       1       0   .abs_section_68
     _EPCTL0                                     6D       1       1       1   .abs_section_6d
     _EPCTL1                                     6E       1       1       0   .abs_section_6e
     _EPCTL2                                     6F       1       1       0   .abs_section_6f
     _EPCTL3                                     70       1       1       0   .abs_section_70
     _EPCTL4                                     71       1       1       0   .abs_section_71
     _EPCTL5                                     72       1       1       0   .abs_section_72
     _EPCTL6                                     73       1       1       0   .abs_section_73
     _SRS                                      1800       1       1       1   .abs_section_1800
     _SBDFR                                    1801       1       1       0   .abs_section_1801
     _SOPT1                                    1802       1       1       1   .abs_section_1802
     _SOPT2                                    1803       1       1       0   .abs_section_1803
     _SPMSC1                                   1809       1       1       0   .abs_section_1809
     _SPMSC2                                   180A       1       1       0   .abs_section_180a
     _FTRIM                                    180C       1       1       0   .abs_section_180c
     _MCGTRIM                                  180D       1       1       0   .abs_section_180d
     _FPROTD                                   180E       1       1       0   .abs_section_180e
     _SIGNATURE                                180F       1       1       0   .abs_section_180f
     _DBGC                                     1816       1       1       0   .abs_section_1816
     _DBGT                                     1817       1       1       0   .abs_section_1817
     _DBGS                                     1818       1       1       0   .abs_section_1818
     _FCDIV                                    1820       1       1       1   .abs_section_1820
     _FOPT                                     1821       1       1       0   .abs_section_1821
     _FCNFG                                    1823       1       1       0   .abs_section_1823
     _FPROT                                    1824       1       1       0   .abs_section_1824
     _FSTAT                                    1825       1       1       4   .abs_section_1825
     _FCMD                                     1826       1       1       1   .abs_section_1826
     _PTAPE                                    1840       1       1       0   .abs_section_1840
     _PTASE                                    1841       1       1       0   .abs_section_1841
     _PTADS                                    1842       1       1       0   .abs_section_1842
     _PTBPE                                    1844       1       1       0   .abs_section_1844
     _PTBSE                                    1845       1       1       0   .abs_section_1845
     _PTBDS                                    1846       1       1       0   .abs_section_1846
     _TPMCNT                                     11       2       2       0   .abs_section_11
     _TPMMOD                                     13       2       2       0   .abs_section_13
     _TPMC0V                                     16       2       2       0   .abs_section_16
     _TPMC1V                                     19       2       2       0   .abs_section_19
     _SCIBD                                      20       2       2       0   .abs_section_20
     _SPID16                                     34       2       2       0   .abs_section_34
     _SPIM                                       36       2       2       0   .abs_section_36
     _SDID                                     1806       2       2       0   .abs_section_1806
     _DBGCA                                    1810       2       2       0   .abs_section_1810
     _DBGCB                                    1812       2       2       0   .abs_section_1812
     _DBGF                                     1814       2       2       0   .abs_section_1814
MODULE:                 -- rtshc08.c.o (ansiis.lib) --
- PROCEDURES:
     _Jump_Table_Header_Offset                 C0A4      24      36       1   .text       
- VARIABLES:

*********************************************************************************************
MODULE STATISTIC
  Name                                      Data   Code  Const
---------------------------------------------------------------------------------------------
  DummyUserVectorTable_c.obj                   0     10    107
  ICP_c.obj                                    2     99      9
  ICP_USB_c.obj                              502    869    253
  start08_c.obj                                0    132      0
  mc9s08js16_c.obj                           102      0      0
  rtshc08.c.o (ansiis.lib)                     0     36      0
  other                                       90  14561      2

*********************************************************************************************
SECTION USE IN OBJECT-ALLOCATION SECTION
---------------------------------------------------------------------------------------------
SECTION: ".text"
  userDetectICP dummyISR main _Jump_Table_Header_Offset 
SECTION: ".init"
  loadByte Init _Startup 
SECTION: "BOOT_ROM"
  rebootToICP detectICP flashInvalid _userDetectICP myStartup myMemcpy 
  initCrystalClock autoInitClock ep0StartOutTransaction 
  ep0StartSetupTransaction ep0StartInTransaction ep0StartStatusInTransaction 
  handleUSBReset handleGetDescriptor setAddressCallback onStack doOnStack 
  erasePageCommand programRowCommand verifyRowCommand handleEp0InToken 
  handleEp0OutToken icpReset handleSetupToken startICP_USB 
SECTION: "BOOT_CONST"
  deviceDescriptor otherDescriptors msCompatibleIdFeatureDescriptor 
  msPropertiesFeatureDescriptor OS_StringDescriptor deviceStatus initialEPState 
  clockFactors versionConstant 
SECTION: "BOOT_RAM"
  icpKeyBytes ep0SetupBuffer deviceState ep0State dataLength startAddress 
  sourceAddress flashCommand flashData commandStatus dataSize.4 dataPtr.5 
SECTION: "BOOT_RAM2"
  dataBuffer 
SECTION: ".abs_section_f994"
  ICP_data 
SECTION: ".abs_section_f9c2"
  userVectorTable 
SECTION: ".abs_section_f9fe"
  versionOffset 
SECTION: ".abs_section_ffbd"
  NVPROT_INIT 
SECTION: ".abs_section_ffbf"
  NVOPT_INIT 
SECTION: ".abs_section_ffba"
  CHECKSUM_BYPASS 
SECTION: ".abs_section_fffa"
  forceICPVector 
SECTION: ".abs_section_fffe"
  resetVector 
SECTION: ".abs_section_fffc"
  ICP_Version_SW 
SECTION: ".abs_section_fffd"
  ICP_Version_HW 
SECTION: ".abs_section_ffaf"
  NV_MCGTRM_INIT 
SECTION: ".abs_section_1860"
  usbRam bdts 
SECTION: ".abs_section_1880"
  ep0InDataBuffer 
SECTION: ".abs_section_18c0"
  ep0OutDataBuffer 
SECTION: ".abs_section_0"
  _PTAD 
SECTION: ".abs_section_1"
  _PTADD 
SECTION: ".abs_section_2"
  _PTBD 
SECTION: ".abs_section_3"
  _PTBDD 
SECTION: ".abs_section_8"
  _MTIMSC 
SECTION: ".abs_section_9"
  _MTIMCLK 
SECTION: ".abs_section_a"
  _MTIMCNT 
SECTION: ".abs_section_b"
  _MTIMMOD 
SECTION: ".abs_section_c"
  _CRCH 
SECTION: ".abs_section_d"
  _CRCL 
SECTION: ".abs_section_10"
  _TPMSC 
SECTION: ".abs_section_15"
  _TPMC0SC 
SECTION: ".abs_section_18"
  _TPMC1SC 
SECTION: ".abs_section_1b"
  _IRQSC 
SECTION: ".abs_section_1c"
  _KBISC 
SECTION: ".abs_section_1d"
  _KBIPE 
SECTION: ".abs_section_1e"
  _KBIES 
SECTION: ".abs_section_22"
  _SCIC1 
SECTION: ".abs_section_23"
  _SCIC2 
SECTION: ".abs_section_24"
  _SCIS1 
SECTION: ".abs_section_25"
  _SCIS2 
SECTION: ".abs_section_26"
  _SCIC3 
SECTION: ".abs_section_27"
  _SCID 
SECTION: ".abs_section_30"
  _SPIC1 
SECTION: ".abs_section_31"
  _SPIC2 
SECTION: ".abs_section_32"
  _SPIBR 
SECTION: ".abs_section_33"
  _SPIS 
SECTION: ".abs_section_40"
  _MCGC1 
SECTION: ".abs_section_41"
  _MCGC2 
SECTION: ".abs_section_42"
  _MCGTRM 
SECTION: ".abs_section_43"
  _MCGSC 
SECTION: ".abs_section_44"
  _MCGC3 
SECTION: ".abs_section_48"
  _RTCSC 
SECTION: ".abs_section_49"
  _RTCCNT 
SECTION: ".abs_section_4a"
  _RTCMOD 
SECTION: ".abs_section_50"
  _USBCTL0 
SECTION: ".abs_section_58"
  _PERID 
SECTION: ".abs_section_59"
  _IDCOMP 
SECTION: ".abs_section_5a"
  _REV 
SECTION: ".abs_section_60"
  _INTSTAT 
SECTION: ".abs_section_61"
  _INTENB 
SECTION: ".abs_section_62"
  _ERRSTAT 
SECTION: ".abs_section_63"
  _ERRENB 
SECTION: ".abs_section_64"
  _STAT 
SECTION: ".abs_section_65"
  _CTL 
SECTION: ".abs_section_66"
  _ADDR 
SECTION: ".abs_section_67"
  _FRMNUML 
SECTION: ".abs_section_68"
  _FRMNUMH 
SECTION: ".abs_section_6d"
  _EPCTL0 
SECTION: ".abs_section_6e"
  _EPCTL1 
SECTION: ".abs_section_6f"
  _EPCTL2 
SECTION: ".abs_section_70"
  _EPCTL3 
SECTION: ".abs_section_71"
  _EPCTL4 
SECTION: ".abs_section_72"
  _EPCTL5 
SECTION: ".abs_section_73"
  _EPCTL6 
SECTION: ".abs_section_1800"
  _SRS 
SECTION: ".abs_section_1801"
  _SBDFR 
SECTION: ".abs_section_1802"
  _SOPT1 
SECTION: ".abs_section_1803"
  _SOPT2 
SECTION: ".abs_section_1809"
  _SPMSC1 
SECTION: ".abs_section_180a"
  _SPMSC2 
SECTION: ".abs_section_180c"
  _FTRIM 
SECTION: ".abs_section_180d"
  _MCGTRIM 
SECTION: ".abs_section_180e"
  _FPROTD 
SECTION: ".abs_section_180f"
  _SIGNATURE 
SECTION: ".abs_section_1816"
  _DBGC 
SECTION: ".abs_section_1817"
  _DBGT 
SECTION: ".abs_section_1818"
  _DBGS 
SECTION: ".abs_section_1820"
  _FCDIV 
SECTION: ".abs_section_1821"
  _FOPT 
SECTION: ".abs_section_1823"
  _FCNFG 
SECTION: ".abs_section_1824"
  _FPROT 
SECTION: ".abs_section_1825"
  _FSTAT 
SECTION: ".abs_section_1826"
  _FCMD 
SECTION: ".abs_section_1840"
  _PTAPE 
SECTION: ".abs_section_1841"
  _PTASE 
SECTION: ".abs_section_1842"
  _PTADS 
SECTION: ".abs_section_1844"
  _PTBPE 
SECTION: ".abs_section_1845"
  _PTBSE 
SECTION: ".abs_section_1846"
  _PTBDS 
SECTION: ".abs_section_11"
  _TPMCNT 
SECTION: ".abs_section_13"
  _TPMMOD 
SECTION: ".abs_section_16"
  _TPMC0V 
SECTION: ".abs_section_19"
  _TPMC1V 
SECTION: ".abs_section_20"
  _SCIBD 
SECTION: ".abs_section_34"
  _SPID16 
SECTION: ".abs_section_36"
  _SPIM 
SECTION: ".abs_section_1806"
  _SDID 
SECTION: ".abs_section_1810"
  _DBGCA 
SECTION: ".abs_section_1812"
  _DBGCB 
SECTION: ".abs_section_1814"
  _DBGF 

*********************************************************************************************
OBJECT LIST SORTED BY ADDRESS
     Name                                      Addr   hSize   dSize     Ref    Section   RLIB
---------------------------------------------------------------------------------------------
     _PTAD                                        0       1       1       0   .abs_section_0
     _PTADD                                       1       1       1       0   .abs_section_1
     _PTBD                                        2       1       1       3   .abs_section_2
     _PTBDD                                       3       1       1       1   .abs_section_3
     _MTIMSC                                      8       1       1       0   .abs_section_8
     _MTIMCLK                                     9       1       1       0   .abs_section_9
     _MTIMCNT                                     A       1       1       0   .abs_section_a
     _MTIMMOD                                     B       1       1       0   .abs_section_b
     _CRCH                                        C       1       1       0   .abs_section_c
     _CRCL                                        D       1       1       0   .abs_section_d
     _TPMSC                                      10       1       1       0   .abs_section_10
     _TPMCNT                                     11       2       2       0   .abs_section_11
     _TPMMOD                                     13       2       2       0   .abs_section_13
     _TPMC0SC                                    15       1       1       0   .abs_section_15
     _TPMC0V                                     16       2       2       0   .abs_section_16
     _TPMC1SC                                    18       1       1       0   .abs_section_18
     _TPMC1V                                     19       2       2       0   .abs_section_19
     _IRQSC                                      1B       1       1       0   .abs_section_1b
     _KBISC                                      1C       1       1       0   .abs_section_1c
     _KBIPE                                      1D       1       1       0   .abs_section_1d
     _KBIES                                      1E       1       1       0   .abs_section_1e
     _SCIBD                                      20       2       2       0   .abs_section_20
     _SCIC1                                      22       1       1       0   .abs_section_22
     _SCIC2                                      23       1       1       0   .abs_section_23
     _SCIS1                                      24       1       1       0   .abs_section_24
     _SCIS2                                      25       1       1       0   .abs_section_25
     _SCIC3                                      26       1       1       0   .abs_section_26
     _SCID                                       27       1       1       0   .abs_section_27
     _SPIC1                                      30       1       1       0   .abs_section_30
     _SPIC2                                      31       1       1       0   .abs_section_31
     _SPIBR                                      32       1       1       0   .abs_section_32
     _SPIS                                       33       1       1       0   .abs_section_33
     _SPID16                                     34       2       2       0   .abs_section_34
     _SPIM                                       36       2       2       0   .abs_section_36
     _MCGC1                                      40       1       1       3   .abs_section_40
     _MCGC2                                      41       1       1       2   .abs_section_41
     _MCGTRM                                     42       1       1       0   .abs_section_42
     _MCGSC                                      43       1       1       5   .abs_section_43
     _MCGC3                                      44       1       1       1   .abs_section_44
     _RTCSC                                      48       1       1       3   .abs_section_48
     _RTCCNT                                     49       1       1       0   .abs_section_49
     _RTCMOD                                     4A       1       1       1   .abs_section_4a
     _USBCTL0                                    50       1       1       4   .abs_section_50
     _PERID                                      58       1       1       0   .abs_section_58
     _IDCOMP                                     59       1       1       0   .abs_section_59
     _REV                                        5A       1       1       0   .abs_section_5a
     _INTSTAT                                    60       1       1       7   .abs_section_60
     _INTENB                                     61       1       1       1   .abs_section_61
     _ERRSTAT                                    62       1       1       1   .abs_section_62
     _ERRENB                                     63       1       1       1   .abs_section_63
     _STAT                                       64       1       1       1   .abs_section_64
     _CTL                                        65       1       1       2   .abs_section_65
     _ADDR                                       66       1       1       2   .abs_section_66
     _FRMNUML                                    67       1       1       0   .abs_section_67
     _FRMNUMH                                    68       1       1       0   .abs_section_68
     _EPCTL0                                     6D       1       1       1   .abs_section_6d
     _EPCTL1                                     6E       1       1       0   .abs_section_6e
     _EPCTL2                                     6F       1       1       0   .abs_section_6f
     _EPCTL3                                     70       1       1       0   .abs_section_70
     _EPCTL4                                     71       1       1       0   .abs_section_71
     _EPCTL5                                     72       1       1       0   .abs_section_72
     _EPCTL6                                     73       1       1       0   .abs_section_73
     icpKeyBytes                                 80       2       2       3   BOOT_RAM    
     ep0SetupBuffer                              82       8       8      13   BOOT_RAM    
     deviceState                                 8A       2       2       6   BOOT_RAM    
     ep0State                                    8C       3       3      16   BOOT_RAM    
     dataLength                                  8F       1       1       5   BOOT_RAM    
     startAddress                                90       2       2       6   BOOT_RAM    
     sourceAddress                               92       2       2       6   BOOT_RAM    
     flashCommand                                94       1       1       3   BOOT_RAM    
     flashData                                   95       1       1       2   BOOT_RAM    
     commandStatus                               96       1       1       3   BOOT_RAM    
     dataSize.4                                  97       1       1       4   BOOT_RAM    
     dataPtr.5                                   98       2       2       4   BOOT_RAM    
     dataBuffer                                 100      40      64       3   BOOT_RAM2   
     _SRS                                      1800       1       1       1   .abs_section_1800
     _SBDFR                                    1801       1       1       0   .abs_section_1801
     _SOPT1                                    1802       1       1       1   .abs_section_1802
     _SOPT2                                    1803       1       1       0   .abs_section_1803
     _SDID                                     1806       2       2       0   .abs_section_1806
     _SPMSC1                                   1809       1       1       0   .abs_section_1809
     _SPMSC2                                   180A       1       1       0   .abs_section_180a
     _FTRIM                                    180C       1       1       0   .abs_section_180c
     _MCGTRIM                                  180D       1       1       0   .abs_section_180d
     _FPROTD                                   180E       1       1       0   .abs_section_180e
     _SIGNATURE                                180F       1       1       0   .abs_section_180f
     _DBGCA                                    1810       2       2       0   .abs_section_1810
     _DBGCB                                    1812       2       2       0   .abs_section_1812
     _DBGF                                     1814       2       2       0   .abs_section_1814
     _DBGC                                     1816       1       1       0   .abs_section_1816
     _DBGT                                     1817       1       1       0   .abs_section_1817
     _DBGS                                     1818       1       1       0   .abs_section_1818
     _FCDIV                                    1820       1       1       1   .abs_section_1820
     _FOPT                                     1821       1       1       0   .abs_section_1821
     _FCNFG                                    1823       1       1       0   .abs_section_1823
     _FPROT                                    1824       1       1       0   .abs_section_1824
     _FSTAT                                    1825       1       1       4   .abs_section_1825
     _FCMD                                     1826       1       1       1   .abs_section_1826
     _PTAPE                                    1840       1       1       0   .abs_section_1840
     _PTASE                                    1841       1       1       0   .abs_section_1841
     _PTADS                                    1842       1       1       0   .abs_section_1842
     _PTBPE                                    1844       1       1       0   .abs_section_1844
     _PTBSE                                    1845       1       1       0   .abs_section_1845
     _PTBDS                                    1846       1       1       0   .abs_section_1846
     usbRam                                    1860     100     256       1   .abs_section_1860
     bdts                                      1860      1E      30       8   .abs_section_1860
     ep0InDataBuffer                           1880      40      64       1   .abs_section_1880
     ep0OutDataBuffer                          18C0      40      64       2   .abs_section_18c0
     loadByte                                  C000       E      14       5   .init       
     Init                                      C00E      6D     109       1   .init       
     _Startup                                  C07B       9       9       1   .init       
     userDetectICP                             C09A       2       2       1   .text       
     dummyISR                                  C09C       4       4      29   .text       
     main                                      C0A0       4       4       1   .text       
     _Jump_Table_Header_Offset                 C0A4      24      36       1   .text       
     ICP_data                                  F994      2E      46       3   .abs_section_f994
     userVectorTable                           F9C2      3C      60       2   .abs_section_f9c2
     versionOffset                             F9FE       1       1       0   .abs_section_f9fe
     rebootToICP                               FA00       8       8       1   BOOT_ROM    
     detectICP                                 FA08      17      23       1   BOOT_ROM    
     flashInvalid                              FA1F      1D      29       1   BOOT_ROM    
     _userDetectICP                            FA3C       4       4       1   BOOT_ROM    
     myStartup                                 FA40      23      35       1   BOOT_ROM    
     myMemcpy                                  FA63      27      39       3   BOOT_ROM    
     initCrystalClock                          FA8A      2D      45       1   BOOT_ROM    
     autoInitClock                             FAB7      37      55       1   BOOT_ROM    
     ep0StartOutTransaction                    FAEE      1C      28       3   BOOT_ROM    
     ep0StartSetupTransaction                  FB0A       7       7       5   BOOT_ROM    
     ep0StartInTransaction                     FB11      31      49       5   BOOT_ROM    
     ep0StartStatusInTransaction               FB42       9       9       2   BOOT_ROM    
     handleUSBReset                            FB4B      1A      26       1   BOOT_ROM    
     handleGetDescriptor                       FB65      40      64       1   BOOT_ROM    
     setAddressCallback                        FBA5       8       8       1   BOOT_ROM    
     onStack                                   FBAD      2C      44       1   BOOT_ROM    
     doOnStack                                 FBD9      28      40       3   BOOT_ROM    
     erasePageCommand                          FC01       8       8       1   BOOT_ROM    
     programRowCommand                         FC09       5       5       1   BOOT_ROM    
     verifyRowCommand                          FC0E      1B      27       1   BOOT_ROM    
     handleEp0InToken                          FC29      1D      29       1   BOOT_ROM    
     handleEp0OutToken                         FC46      1E      30       1   BOOT_ROM    
     icpReset                                  FC64       B      11       2   BOOT_ROM    
     handleSetupToken                          FC6F      FB     251       1   BOOT_ROM    
     startICP_USB                              FD6A      5E      94       1   BOOT_ROM    
     deviceDescriptor                          FDC8      12      18       2   BOOT_CONST  
     otherDescriptors                          FDDA      12      18       3   BOOT_CONST  
     msCompatibleIdFeatureDescriptor           FDEC      28      40       1   BOOT_CONST  
     msPropertiesFeatureDescriptor             FE14      8E     142       1   BOOT_CONST  
     OS_StringDescriptor                       FEA2      12      18       1   BOOT_CONST  
     deviceStatus                              FEB4       2       2       1   BOOT_CONST  
     initialEPState                            FEB6       3       3       2   BOOT_CONST  
     clockFactors                              FEB9       6       6       3   BOOT_CONST  
     versionConstant                           FEBF       5       5       1   BOOT_CONST  
     NV_MCGTRM_INIT                            FFAF       1       1       0   .abs_section_ffaf
     CHECKSUM_BYPASS                           FFBA       1       1       0   .abs_section_ffba
     NVPROT_INIT                               FFBD       1       1       0   .abs_section_ffbd
     NVOPT_INIT                                FFBF       1       1       0   .abs_section_ffbf
     forceICPVector                            FFFA       2       2       0   .abs_section_fffa
     ICP_Version_SW                            FFFC       1       1       0   .abs_section_fffc
     ICP_Version_HW                            FFFD       1       1       0   .abs_section_fffd
     resetVector                               FFFE       2       2       0   .abs_section_fffe

*********************************************************************************************
UNUSED-OBJECTS SECTION
---------------------------------------------------------------------------------------------
NOT USED PROCEDURES
ICP_USB_c.obj:
  ep0Stall setUSBdefaultState setUSBaddressedState setUSBconfiguredState 
rtshc08.c.o (ansiis.lib):
  _PUSH_ARGS_L _PUSH_ARGS_D _ENTER_UNARY_L _ENTER_UNARY_L64 _ENTER_UNARY_L64_4 
  _ENTER_BINARY_L _ENTER_BINARY_L_RC _ENTER_BINARY_L_LC _ENTER_BINARY_L64 
  _ENTER_BINARY_L64_LC _ENTER_BINARY_L64_RC _IDIVMOD _SPLITSIGN 
  _LADD_k_is_k_plus_j _k_is_k_plus_j_l _k_is_k_plus_j_i _LSUB_k_is_k_minus_j 
  _LAND_k_is_k_and_j _LOR_k_is_k_or_j _LXOR_k_is_k_xor_j _LMUL_k_is_k_mul_j 
  _LDIVMOD _NEG_L_HX _ABS_L_HX _SPLITSIGN_L _LMODU_k_is_k_mod_j 
  _LDIVU_k_is_k_div_j _LMODS_k_is_k_mod_j _LDIVS_k_is_k_div_j _LCMP_k_rel_j 
  _CMP24_k_rel_j _BMULS _BDIVS _BMODS _IMUL_STAR08 _IDIVS_STAR08 _IDIVU_STAR08 
  _IMODS_STAR08 _IMODU_STAR08 _IDIVU_8 _IMODU_8 _IASR _ILSR _ILSL _ICMP _LINC 
  _LDEC _LNEG _LNOT _LADD _LADD_RC _LSUB _LSUB_LC _LSUB_RC _LAND _LAND_RC _LOR 
  _LOR_RC _LXOR _LXOR_RC _LMUL _LMUL_RC _LDIVS _LDIVS_LC _LDIVS_RC _LDIVU 
  _LDIVU_LC _LDIVU_RC _LMODS _LMODS_LC _LMODS_RC _LMODU _LMODU_LC _LMODU_RC 
  _LASR _LLSR _LLSL _LCMP _LCMP_RC _PUSH_ARGS_24 _ENTER_BINARY_24_RC 
  _ENTER_BINARY_24 _CMP24 _CMP24_RC _COPY _COPY_L _POP32 _POP64 _STORE32 
  _STORE64 _SEXT8_32 _SEXT16_32 _CALL_STAR08 _CALL_STAR08_FAR _Jump_Table_Addr 
  _Jump_Table_Offset _Jump_Table_Header_Addr _Search_Table_16_Addr 
  _Search_Table_16_Offset _Search_Table_8_Addr _Search_Table_8_Offset _PUSH_CC 
  _POP_CC _CONV_FAR_TO_NEAR _CONV_FAR_TO_LINEAR _CONV_LINEAR_TO_FAR 
NOT USED VARIABLES
rtshc08.c.o (ansiis.lib):
  _PowOfTwo_8 _PowOfTwo_16 _PowOfTwo_32 errno 

*********************************************************************************************
COPYDOWN SECTION
---------------------------------------------------------------------------------------------
------- ROM-ADDRESS: 0xC0C8 ---- SIZE       2 ---
Filling bytes inserted
 0000

*********************************************************************************************
CHECKSUM SECTION
---------------------------------------------------------------------------------------------
Checksum 0 from code C000 to FBFE with METHOD_ADD written to F9FF size 1 is "68"

*********************************************************************************************
OBJECT-DEPENDENCIES SECTION
---------------------------------------------------------------------------------------------
Init                      USES _startupData loadByte 
_Startup                  USES __SEG_END_SSTACK Init main 
ICP_data                  USES __SEG_START__PRESTART userDetectICP 
userVectorTable           USES _Startup dummyISR 
rebootToICP               USES icpKeyBytes icpReset 
detectICP                 USES icpKeyBytes _SRS 
flashInvalid              USES userVectorTable ICP_data __SEG_START_BOOT_ROM 
_userDetectICP            USES ICP_data 
myStartup                 USES _SOPT1 detectICP flashInvalid _userDetectICP 
                                _PTBD _PTBDD startICP_USB userVectorTable 
initCrystalClock          USES _MCGC2 _MCGC1 _MCGSC _MCGC3 
autoInitClock             USES _MCGC2 _MCGC1 _MCGSC _RTCSC _RTCMOD 
                                clockFactors initCrystalClock 
ep0StartOutTransaction    USES ep0State bdts 
ep0StartSetupTransaction  USES ep0StartOutTransaction ep0State 
ep0StartInTransaction     USES ep0SetupBuffer ep0InDataBuffer myMemcpy bdts 
                                ep0State 
ep0StartStatusInTransaction USES ep0StartInTransaction ep0State 
handleUSBReset            USES _ADDR deviceState initialEPState ep0State 
                                _ERRSTAT _INTSTAT ep0StartSetupTransaction _EPCTL0 
handleGetDescriptor       USES ep0SetupBuffer _Jump_Table_Header_Offset 
                                deviceDescriptor dataPtr.5 dataSize.4 otherDescriptors 
                                OS_StringDescriptor bdts ep0StartInTransaction 
setAddressCallback        USES deviceState _ADDR 
onStack                   USES sourceAddress flashData _FSTAT startAddress 
                                flashCommand _FCMD dataLength 
doOnStack                 USES _FCDIV _FSTAT dataBuffer sourceAddress 
                                doOnStack onStack 
erasePageCommand          USES flashCommand dataLength doOnStack 
programRowCommand         USES flashCommand doOnStack 
verifyRowCommand          USES dataBuffer sourceAddress startAddress 
                                dataLength 
handleEp0InToken          USES ep0State commandStatus 
handleEp0OutToken         USES ep0State dataBuffer ep0OutDataBuffer dataLength 
                                myMemcpy ep0StartSetupTransaction 
                                ep0StartStatusInTransaction 
icpReset                  USES _USBCTL0 
handleSetupToken          USES ep0SetupBuffer ep0OutDataBuffer myMemcpy 
                                ep0State dataLength startAddress 
                                ep0StartSetupTransaction msCompatibleIdFeatureDescriptor 
                                ep0StartInTransaction msPropertiesFeatureDescriptor bdts 
                                ep0StartOutTransaction programRowCommand verifyRowCommand 
                                erasePageCommand commandStatus versionConstant icpReset 
                                handleGetDescriptor deviceStatus deviceState setAddressCallback 
                                otherDescriptors _PTBD ep0StartStatusInTransaction _CTL 
startICP_USB              USES autoInitClock usbRam _USBCTL0 _CTL _ERRENB 
                                _INTENB _INTSTAT _STAT handleEp0InToken bdts 
                                handleSetupToken handleEp0OutToken handleUSBReset 
                                ep0StartSetupTransaction 
forceICPVector            USES rebootToICP 
resetVector               USES myStartup 

*********************************************************************************************
DEPENDENCY TREE
*********************************************************************************************
 main and _Startup Group
 | 
 +- main                
 |    
 +- _Startup            
    | 
    +- Init                
    |  | 
    |  +- loadByte            
    |       
    +- main                 (see above)
       
 ICP_data            
 | 
 +- userDetectICP       
      
 userVectorTable     
 | 
 +- _Startup             (see above)
 |  
 +- dummyISR            
      
 forceICPVector      
 | 
 +- rebootToICP         
    | 
    +- icpReset            
         
 resetVector         
 | 
 +- myStartup           
    | 
    +- detectICP           
    |    
    +- flashInvalid        
    |  | 
    |  +* userVectorTable      (see above)
    |  |  
    |  +* ICP_data             (see above)
    |     
    +- _userDetectICP      
    |  | 
    |  +* ICP_data             (see above)
    |     
    +- startICP_USB        
    |  | 
    |  +- autoInitClock       
    |  |  | 
    |  |  +- initCrystalClock    
    |  |       
    |  +- handleEp0InToken    
    |  |    
    |  +- handleSetupToken    
    |  |  | 
    |  |  +- myMemcpy            
    |  |  |    
    |  |  +- ep0StartSetupTransaction
    |  |  |  | 
    |  |  |  +- ep0StartOutTransaction
    |  |  |       
    |  |  +- ep0StartInTransaction
    |  |  |  | 
    |  |  |  +- myMemcpy             (see above)
    |  |  |     
    |  |  +- ep0StartOutTransaction (see above)
    |  |  |  
    |  |  +- programRowCommand   
    |  |  |  | 
    |  |  |  +- doOnStack           
    |  |  |     | 
    |  |  |     +- onStack             
    |  |  |          
    |  |  +- verifyRowCommand    
    |  |  |    
    |  |  +- erasePageCommand    
    |  |  |  | 
    |  |  |  +- doOnStack            (see above)
    |  |  |     
    |  |  +- icpReset             (see above)
    |  |  |  
    |  |  +- handleGetDescriptor 
    |  |  |  | 
    |  |  |  +- _Jump_Table_Header_Offset
    |  |  |  |    
    |  |  |  +- ep0StartInTransaction (see above)
    |  |  |     
    |  |  +- setAddressCallback  
    |  |  |    
    |  |  +- ep0StartStatusInTransaction
    |  |     | 
    |  |     +- ep0StartInTransaction (see above)
    |  |        
    |  +- handleEp0OutToken   
    |  |  | 
    |  |  +- myMemcpy             (see above)
    |  |  |  
    |  |  +- ep0StartSetupTransaction (see above)
    |  |  |  
    |  |  +- ep0StartStatusInTransaction (see above)
    |  |     
    |  +- handleUSBReset      
    |  |  | 
    |  |  +- ep0StartSetupTransaction (see above)
    |  |     
    |  +- ep0StartSetupTransaction (see above)
    |     
    +* userVectorTable      (see above)
       
*********************************************************************************************
STATISTIC SECTION
---------------------------------------------------------------------------------------------

ExeFile:
--------
Number of blocks to be downloaded: 16
Total size of all blocks to be downloaded: 16078

