*** EVALUATION ***
PROGRAM "USBDM_CF_JMxxCLD_V4.abs"

*********************************************************************************************
TARGET SECTION
---------------------------------------------------------------------------------------------
Processor   : Freescale HC08
Memory Model: SMALL
File Format : ELF\DWARF 2.0
Linker      : SmartLinker V-5.0.48 Build 11346, Dec 13 2011

*********************************************************************************************
FILE SECTION
---------------------------------------------------------------------------------------------
BDM_c.obj                               Model: SMALL,         Lang: ANSI-C
BDMCommon_c.obj                         Model: SMALL,         Lang: ANSI-C
BDM_CF_c.obj                            Model: SMALL,         Lang: ANSI-C
BDM_RS08_c.obj                          Model: SMALL,         Lang: ANSI-C
CmdProcessing_c.obj                     Model: SMALL,         Lang: ANSI-C
CmdProcessingCFV1_c.obj                 Model: SMALL,         Lang: ANSI-C
CmdProcessingCFVx_c.obj                 Model: SMALL,         Lang: ANSI-C
CmdProcessingHCS_c.obj                  Model: SMALL,         Lang: ANSI-C
ICP_c.obj                               Model: SMALL,         Lang: ANSI-C
ICP_USB_c.obj                           Model: SMALL,         Lang: ANSI-C
JTAG_c.obj                              Model: SMALL,         Lang: ANSI-C
JTAGSequence_c.obj                      Model: SMALL,         Lang: ANSI-C
USB_c.obj                               Model: SMALL,         Lang: ANSI-C
UserVectorTable_c.obj                   Model: SMALL,         Lang: ANSI-C
main_c.obj                              Model: SMALL,         Lang: ANSI-C
start08_c.obj                           Model: SMALL,         Lang: ANSI-C
mc9s08jm16_c.obj                        Model: SMALL,         Lang: ANSI-C
rtshc08.o (ansiis.lib)                  Model: SMALL,         Lang: ANSI-C
string.o (ansiis.lib)                   Model: SMALL,         Lang: ANSI-C

*********************************************************************************************
STARTUP SECTION
---------------------------------------------------------------------------------------------
Entry point: 0x807B (_Startup)
_startupData is allocated at 0x8084 and uses 6 Bytes
extern struct _tagStartup {
  unsigned nofZeroOut     4
  _Range   pZeroOut       0xB0     80
                          0x100     8
                          0x1D0     398
                          0x1860     224
  _Copy    *toCopyDownBeg 0xD437
} _startupData;

*********************************************************************************************
SECTION-ALLOCATION SECTION
Section Name                    Size  Type     From       To       Segment
---------------------------------------------------------------------------------------------
Z_PAGE                            80   R/W       0xB0       0xFF   Z_RAM
.data                              8   R/W      0x100      0x107   RAM
.stack                           200   R/W      0x108      0x1CF   RAM
.init                            132     R     0x8000     0x8083   ROM
.startData                        22     R     0x8084     0x8099   ROM
.rodata                         1100     R     0x809A     0x84E5   ROM
.text                          20305     R     0x84E6     0xD436   ROM
.copy                             46     R     0xD437     0xD464   ROM
USB_RAM                          224   R/W     0x1860     0x193F   USB_RAM_REGION
BOOT_ROM                         938     R     0xFC00     0xFFA9   ICP_ROM1
BOOT_RAM                          29     P       0xB0       0xCC   ICP_RAM
BOOT_RAM2                         64     P      0x100      0x13F   ICP_RAM2
.abs_section_ffbd                  1     R     0xFFBD     0xFFBD   .absSeg0
.abs_section_ffbf                  1     R     0xFFBF     0xFFBF   .absSeg1
.abs_section_ffba                  1     R     0xFFBA     0xFFBA   .absSeg2
.abs_section_fffa                  2     R     0xFFFA     0xFFFB   .absSeg3
.abs_section_fffe                  2     R     0xFFFE     0xFFFF   .absSeg4
.abs_section_fffc                  1     R     0xFFFC     0xFFFC   .absSeg5
.abs_section_fffd                  1     R     0xFFFD     0xFFFD   .absSeg6
.abs_section_ffaf                  1     R     0xFFAF     0xFFAF   .absSeg7
.abs_section_1860                256   N/I     0x1860     0x195F   .absSeg11
.abs_section_1880                 64   N/I     0x1880     0x18BF   .absSeg9
.abs_section_18c0                 64   N/I     0x18C0     0x18FF   .absSeg10
.abs_section_9d                    1   N/I       0x9D       0x9D   .absSeg95
.abs_section_fb94                 46     R     0xFB94     0xFBC1   .absSeg13
.abs_section_fbc2                 60     R     0xFBC2     0xFBFD   .absSeg14
.abs_section_fbfe                  1     R     0xFBFE     0xFBFE   .absSeg15
.abs_section_0                     1   N/I        0x0        0x0   .absSeg16
.abs_section_1                     1   N/I        0x1        0x1   .absSeg17
.abs_section_2                     1   N/I        0x2        0x2   .absSeg18
.abs_section_3                     1   N/I        0x3        0x3   .absSeg19
.abs_section_4                     1   N/I        0x4        0x4   .absSeg20
.abs_section_5                     1   N/I        0x5        0x5   .absSeg21
.abs_section_6                     1   N/I        0x6        0x6   .absSeg22
.abs_section_7                     1   N/I        0x7        0x7   .absSeg23
.abs_section_8                     1   N/I        0x8        0x8   .absSeg24
.abs_section_9                     1   N/I        0x9        0x9   .absSeg25
.abs_section_a                     1   N/I        0xA        0xA   .absSeg26
.abs_section_b                     1   N/I        0xB        0xB   .absSeg27
.abs_section_c                     1   N/I        0xC        0xC   .absSeg28
.abs_section_d                     1   N/I        0xD        0xD   .absSeg29
.abs_section_e                     1   N/I        0xE        0xE   .absSeg30
.abs_section_10                    1   N/I       0x10       0x10   .absSeg31
.abs_section_11                    1   N/I       0x11       0x11   .absSeg32
.abs_section_16                    1   N/I       0x16       0x16   .absSeg33
.abs_section_17                    1   N/I       0x17       0x17   .absSeg34
.abs_section_18                    1   N/I       0x18       0x18   .absSeg35
.abs_section_1b                    1   N/I       0x1B       0x1B   .absSeg36
.abs_section_1c                    1   N/I       0x1C       0x1C   .absSeg37
.abs_section_1d                    1   N/I       0x1D       0x1D   .absSeg38
.abs_section_1e                    1   N/I       0x1E       0x1E   .absSeg39
.abs_section_20                    1   N/I       0x20       0x20   .absSeg40
.abs_section_25                    1   N/I       0x25       0x25   .absSeg41
.abs_section_28                    1   N/I       0x28       0x28   .absSeg42
.abs_section_2b                    1   N/I       0x2B       0x2B   .absSeg43
.abs_section_2e                    1   N/I       0x2E       0x2E   .absSeg44
.abs_section_3a                    1   N/I       0x3A       0x3A   .absSeg45
.abs_section_3b                    1   N/I       0x3B       0x3B   .absSeg46
.abs_section_3c                    1   N/I       0x3C       0x3C   .absSeg47
.abs_section_3d                    1   N/I       0x3D       0x3D   .absSeg48
.abs_section_3e                    1   N/I       0x3E       0x3E   .absSeg49
.abs_section_3f                    1   N/I       0x3F       0x3F   .absSeg50
.abs_section_42                    1   N/I       0x42       0x42   .absSeg51
.abs_section_43                    1   N/I       0x43       0x43   .absSeg52
.abs_section_44                    1   N/I       0x44       0x44   .absSeg53
.abs_section_45                    1   N/I       0x45       0x45   .absSeg54
.abs_section_46                    1   N/I       0x46       0x46   .absSeg55
.abs_section_47                    1   N/I       0x47       0x47   .absSeg56
.abs_section_48                    1   N/I       0x48       0x48   .absSeg57
.abs_section_49                    1   N/I       0x49       0x49   .absSeg58
.abs_section_4a                    1   N/I       0x4A       0x4A   .absSeg59
.abs_section_4b                    1   N/I       0x4B       0x4B   .absSeg60
.abs_section_4c                    1   N/I       0x4C       0x4C   .absSeg61
.abs_section_50                    1   N/I       0x50       0x50   .absSeg62
.abs_section_51                    1   N/I       0x51       0x51   .absSeg63
.abs_section_52                    1   N/I       0x52       0x52   .absSeg64
.abs_section_53                    1   N/I       0x53       0x53   .absSeg65
.abs_section_58                    1   N/I       0x58       0x58   .absSeg66
.abs_section_59                    1   N/I       0x59       0x59   .absSeg67
.abs_section_5a                    1   N/I       0x5A       0x5A   .absSeg68
.abs_section_5b                    1   N/I       0x5B       0x5B   .absSeg69
.abs_section_5c                    1   N/I       0x5C       0x5C   .absSeg70
.abs_section_5d                    1   N/I       0x5D       0x5D   .absSeg71
.abs_section_60                    1   N/I       0x60       0x60   .absSeg72
.abs_section_65                    1   N/I       0x65       0x65   .absSeg73
.abs_section_68                    1   N/I       0x68       0x68   .absSeg74
.abs_section_6c                    1   N/I       0x6C       0x6C   .absSeg75
.abs_section_6d                    1   N/I       0x6D       0x6D   .absSeg76
.abs_section_6e                    1   N/I       0x6E       0x6E   .absSeg77
.abs_section_70                    1   N/I       0x70       0x70   .absSeg78
.abs_section_71                    1   N/I       0x71       0x71   .absSeg79
.abs_section_72                    1   N/I       0x72       0x72   .absSeg80
.abs_section_73                    1   N/I       0x73       0x73   .absSeg81
.abs_section_80                    1   N/I       0x80       0x80   .absSeg82
.abs_section_88                    1   N/I       0x88       0x88   .absSeg83
.abs_section_89                    1   N/I       0x89       0x89   .absSeg84
.abs_section_8a                    1   N/I       0x8A       0x8A   .absSeg85
.abs_section_90                    1   N/I       0x90       0x90   .absSeg86
.abs_section_91                    1   N/I       0x91       0x91   .absSeg87
.abs_section_92                    1   N/I       0x92       0x92   .absSeg88
.abs_section_93                    1   N/I       0x93       0x93   .absSeg89
.abs_section_94                    1   N/I       0x94       0x94   .absSeg90
.abs_section_95                    1   N/I       0x95       0x95   .absSeg91
.abs_section_96                    1   N/I       0x96       0x96   .absSeg92
.abs_section_97                    1   N/I       0x97       0x97   .absSeg93
.abs_section_98                    1   N/I       0x98       0x98   .absSeg94
.abs_section_9e                    1   N/I       0x9E       0x9E   .absSeg96
.abs_section_9f                    1   N/I       0x9F       0x9F   .absSeg97
.abs_section_a0                    1   N/I       0xA0       0xA0   .absSeg98
.abs_section_a1                    1   N/I       0xA1       0xA1   .absSeg99
.abs_section_a2                    1   N/I       0xA2       0xA2   .absSeg100
.abs_section_a3                    1   N/I       0xA3       0xA3   .absSeg101
.abs_section_1800                  1   N/I     0x1800     0x1800   .absSeg102
.abs_section_1801                  1   N/I     0x1801     0x1801   .absSeg103
.abs_section_1802                  1   N/I     0x1802     0x1802   .absSeg104
.abs_section_1803                  1   N/I     0x1803     0x1803   .absSeg105
.abs_section_1809                  1   N/I     0x1809     0x1809   .absSeg106
.abs_section_180a                  1   N/I     0x180A     0x180A   .absSeg107
.abs_section_1816                  1   N/I     0x1816     0x1816   .absSeg108
.abs_section_1817                  1   N/I     0x1817     0x1817   .absSeg109
.abs_section_1818                  1   N/I     0x1818     0x1818   .absSeg110
.abs_section_1820                  1   N/I     0x1820     0x1820   .absSeg111
.abs_section_1821                  1   N/I     0x1821     0x1821   .absSeg112
.abs_section_1823                  1   N/I     0x1823     0x1823   .absSeg113
.abs_section_1824                  1   N/I     0x1824     0x1824   .absSeg114
.abs_section_1825                  1   N/I     0x1825     0x1825   .absSeg115
.abs_section_1826                  1   N/I     0x1826     0x1826   .absSeg116
.abs_section_1840                  1   N/I     0x1840     0x1840   .absSeg117
.abs_section_1841                  1   N/I     0x1841     0x1841   .absSeg118
.abs_section_1842                  1   N/I     0x1842     0x1842   .absSeg119
.abs_section_1844                  1   N/I     0x1844     0x1844   .absSeg120
.abs_section_1845                  1   N/I     0x1845     0x1845   .absSeg121
.abs_section_1846                  1   N/I     0x1846     0x1846   .absSeg122
.abs_section_1848                  1   N/I     0x1848     0x1848   .absSeg123
.abs_section_1849                  1   N/I     0x1849     0x1849   .absSeg124
.abs_section_184a                  1   N/I     0x184A     0x184A   .absSeg125
.abs_section_184c                  1   N/I     0x184C     0x184C   .absSeg126
.abs_section_184d                  1   N/I     0x184D     0x184D   .absSeg127
.abs_section_184e                  1   N/I     0x184E     0x184E   .absSeg128
.abs_section_1850                  1   N/I     0x1850     0x1850   .absSeg129
.abs_section_1851                  1   N/I     0x1851     0x1851   .absSeg130
.abs_section_1852                  1   N/I     0x1852     0x1852   .absSeg131
.abs_section_1854                  1   N/I     0x1854     0x1854   .absSeg132
.abs_section_1855                  1   N/I     0x1855     0x1855   .absSeg133
.abs_section_1856                  1   N/I     0x1856     0x1856   .absSeg134
.abs_section_1858                  1   N/I     0x1858     0x1858   .absSeg135
.abs_section_1859                  1   N/I     0x1859     0x1859   .absSeg136
.abs_section_185a                  1   N/I     0x185A     0x185A   .absSeg137
.abs_section_12                    2   N/I       0x12       0x13   .absSeg138
.abs_section_14                    2   N/I       0x14       0x15   .absSeg139
.abs_section_21                    2   N/I       0x21       0x22   .absSeg140
.abs_section_23                    2   N/I       0x23       0x24   .absSeg141
.abs_section_26                    2   N/I       0x26       0x27   .absSeg142
.abs_section_29                    2   N/I       0x29       0x2A   .absSeg143
.abs_section_2c                    2   N/I       0x2C       0x2D   .absSeg144
.abs_section_2f                    2   N/I       0x2F       0x30   .absSeg145
.abs_section_38                    2   N/I       0x38       0x39   .absSeg146
.abs_section_40                    2   N/I       0x40       0x41   .absSeg147
.abs_section_54                    2   N/I       0x54       0x55   .absSeg148
.abs_section_56                    2   N/I       0x56       0x57   .absSeg149
.abs_section_61                    2   N/I       0x61       0x62   .absSeg150
.abs_section_63                    2   N/I       0x63       0x64   .absSeg151
.abs_section_66                    2   N/I       0x66       0x67   .absSeg152
.abs_section_69                    2   N/I       0x69       0x6A   .absSeg153
.abs_section_74                    2   N/I       0x74       0x75   .absSeg154
.abs_section_76                    2   N/I       0x76       0x77   .absSeg155
.abs_section_1806                  2   N/I     0x1806     0x1807   .absSeg156
.abs_section_1810                  2   N/I     0x1810     0x1811   .absSeg157
.abs_section_1812                  2   N/I     0x1812     0x1813   .absSeg158
.abs_section_1814                  2   N/I     0x1814     0x1815   .absSeg159
.bss                             137   R/W      0x1D0      0x258   RAM
.common                          261   R/W      0x259      0x35D   RAM
ICP_ROM2_160                      52     R     0xFFC0     0xFFF3   ICP_ROM2
ROM_163                        10031     R     0xD465     0xFB93   ROM

Summary of section sizes per section type:
READ_ONLY (R):        7FE7 (dec:    32743)
READ_WRITE (R/W):      38E (dec:      910)
NO_INIT (N/I):         226 (dec:      550)
PAGED (P):              5D (dec:       93)

*********************************************************************************************
VECTOR-ALLOCATION SECTION
    Address     InitValue   InitFunction
---------------------------------------------------------------------------------------------

*********************************************************************************************
OBJECT-ALLOCATION SECTION
     Name               Module                 Addr   hSize   dSize     Ref    Section   RLIB
---------------------------------------------------------------------------------------------
MODULE:                 -- BDM_c.obj --
- PROCEDURES:
     bdm_readBDMStatus                         84E6      3A      58       7   .text       
     writeBDMControl                           8520      31      49       3   .text       
     bdm_writeBDMControl                       8551      4A      74       3   .text       
     bdm_enableBDM                             859B      4E      78       2   .text       
     bdm_physicalConnect                       85E9      8F     143       3   .text       
     bdm_connect                               8678      28      40       5   .text       
     bdm_hardwareReset                         86A0      CB     203       2   .text       
     bdm_softwareReset                         876B      CB     203       3   .text       
     bdm_targetReset                           8836      26      38       1   .text       
     bdmHCS_powerOnReset                       885C      90     144       1   .text       
     bdm_setInterfaceLevel                     88EC      41      65       1   .text       
     bdm_syncMeasure                           892D      A2     162       3   .text       
     bdm_acknInit                              89CF      1F      31       3   .text       
     doACKN_WAIT64                             89EE      32      50       8   .text       
     doACKN_WAIT150                            8A20      32      50      11   .text       
     bdm_halt                                  8A52      10      16       2   .text       
     bdm_go                                    8A62      2F      47       1   .text       
     bdm_step                                  8A91      36      54       1   .text       
     bdmHCS_off                                8AC7      13      19       1   .text       
     bdmHCS_suspend                            8ADA       B      11       1   .text       
     bdmHCS_interfaceIdle                      8AE5       B      11      15   .text       
     bdmHCS_init                               8AF0      1B      27       1   .text       
     bdm_txPrepare                             8B0B       8       8      28   .text       
     bdm_txEmpty                               8B13       1       1       7   .text       
     bdm_tx1                                   8B14      1A      26       1   .text       
     bdm_tx2                                   8B2E      1E      30       1   .text       
     bdm_tx3                                   8B4C      20      32       1   .text       
     bdm_txGeneric                             8B6C      28      40      20   .text       
     rxStackDecode                             8B94       B      11       2   .text       
     bdm_rxEmpty                               8B9F       2       2       7   .text       
     bdm_rx1                                   8BA1      56      86       1   .text       
     bdm_rx2                                   8BF7      5F      95       1   .text       
     bdm_rx3                                   8C56      12      18       1   .text       
     bdm_rx4                                   8C68      13      19       1   .text       
     bdm_rx5                                   8C7B      15      21       1   .text       
     bdm_rx6                                   8C90      16      22       1   .text       
     bdm_rxGeneric                             8CA6      1C      28      25   .text       
     bdm_RxTxSelect                            8CC2      E7     231       3   .text       
     bdmHC12_confirmSpeed                      8DA9     106     262       6   .text       
     bdmHC12_alt_speed_detect                  8EAF      AA     170       2   .text       
     bdm_testTx                                8F59      58      88       1   .text       
     bdm_checkTiming                           8FB1       1       1       1   .text       
     bdmTx16                                   8FB2       A      10      21   .text       
     bdmRx16                                   8FBC       D      13       6   .text       
     bdmRx32                                   8FC9       5       5       2   .text       
     BDM_CMD_0_0_T                             8FCE       B      11       1   .text       
     BDM_CMD_1W1B_0_T                          8FD9      19      25       1   .text       
     BDM_CMD_1B_0_T                            8FF2      13      19       2   .text       
     BDM_CMD_0_1B_NOACK                        9005      17      23       2   .text       
     BDM_CMD_1B_0_NOACK                        901C      1A      26       2   .text       
     BDM_CMD_0_1W_NOACK                        9036      16      22       1   .text       
     BDM_CMD_1W_0_NOACK                        904C      1C      28       1   .text       
     BDM_CMD_0_0                               9068      14      20       8   .text       
     BDM_CMD_1W_0                              907C      1C      28       5   .text       
     BDM_CMD_0_1W                              9098      1E      30       3   .text       
     BDM_CMD_1L_0                              90B6      1E      30       6   .text       
     BDM_CMD_0_1L                              90D4      1A      26       6   .text       
     BDM_CMD_1W_1WB                            90EE      39      57       6   .text       
     BDM_CMD_2W_0                              9127      21      33       3   .text       
     BDM_CMD_1W_1W                             9148      23      35       5   .text       
     BDM_CMD_2WB_0                             916B      28      40       7   .text       
     BDM_CMD_0_1B                              9193      1F      31       3   .text       
     BDM_CMD_1B_0                              91B2      1B      27       3   .text       
     BDM_CMD_1W_1B                             91CD      24      36       1   .text       
     BDM_CMD_1W1B_0                            91F1      22      34       1   .text       
     BDM_CMD_1A1B_0                            9213      26      38       1   .text       
     BDM_CMD_1A1W_0                            9239      27      39       1   .text       
     BDM_CMD_1A1L_0                            9260      32      50       1   .text       
     BDM_CMD_1A_1B                             9292      2E      46       1   .text       
     BDM_CMD_1A_1W                             92C0      29      41       1   .text       
     BDM_CMD_1A_1L                             92E9      29      41       1   .text       
- VARIABLES:
     txConfiguration                           809A      AF     175       6   .rodata     
     rxConfiguration                           8149      E7     231       2   .rodata     
     typicalSpeeds.1                           8230      18      24       2   .rodata     
     partid                                     1D0       2       2       2   .bss        
     bdm_rx_ptr                                  B0       2       2      14   Z_PAGE      
     bdm_tx_ptr                                  B2       2       2      51   Z_PAGE      
     lastGuess1.2                                B4       2       2       3   Z_PAGE      
     lastGuess2.3                                B6       2       2       2   Z_PAGE      
     rxTiming1                                   B8       1       1       2   Z_PAGE      
     rxTiming2                                   B9       1       1       2   Z_PAGE      
     rxTiming3                                   BA       1       1       2   Z_PAGE      
     txTiming1                                   BB       1       1       3   Z_PAGE      
     txTiming2                                   BC       1       1       3   Z_PAGE      
     txTiming3                                   BD       1       1       3   Z_PAGE      
MODULE:                 -- BDMCommon_c.obj --
- PROCEDURES:
     fastTimerWait                             9312      1B      27       9   .text       
     millisecondTimerWait                      932D      31      49      21   .text       
     initTimers                                935E      22      34       2   .text       
     bdm_targetVddSense                        9380      30      48       1   .text       
     bdm_resetSense                            93B0       9       9       2   .text       
     kbiHandler                                93B9       5       5       1   .text       
     timerHandler                              93BE       5       5       6   .text       
     acmpHandler                               93C3       5       5       1   .text       
     bdm_checkTargetVdd                        93C8      3C      60       9   .text       
     bdm_setTargetVdd                          9404      CF     207       4   .text       
     bdm_cycleTargetVddOn                      94D3      CD     205       1   .text       
     bdm_cycleTargetVddOff                     95A0      7F     127       1   .text       
     bdm_cycleTargetVdd                        961F      17      23       5   .text       
     bdm_targetVddMeasure                      9636      2C      44      11   .text       
     bdm_init                                  9662      16      22       1   .text       
     bdm_suspend                               9678       A      10       1   .text       
     bdm_interfaceOff                          9682      25      37       2   .text       
     bdm_off                                   96A7       F      15       3   .text       
     bdm_setTarget                             96B6      99     153       2   .text       
- VARIABLES:
     cable_statusDefault                       8248       D      13       1   .rodata     
MODULE:                 -- BDM_CF_c.obj --
- PROCEDURES:
     spi_setSpeed                              974F      57      87       2   .text       
     bdmcf_tx                                  97A6      21      33       5   .text       
     bdmcf_complete_chk                        97C7      47      71       5   .text       
     bdmcf_complete_chk_rx                     980E       4       4       9   .text       
     bdmcf_rxtx                                9812      75     117       4   .text       
     bdmcf_rx                                  9887       A      10       8   .text       
     bdmcf_tx_msg                              9891      10      16      16   .text       
     bdmcf_tx_msg_half_rx                      98A1      29      41       2   .text       
     bdmcf_rx_msg                              98CA      19      25       1   .text       
     bdmcf_resync                              98E3      33      51       1   .text       
     bdmcf_interfaceIdle                       9916      19      25       9   .text       
     bdmcf_init                                992F      44      68       1   .text       
     bdmcf_txRx16                              9973      17      23       5   .text       
     bdmcf_tx16                                998A       2       2       3   .text       
     bdmcf_txrx_start                          998C      18      24       7   .text       
     bdmCF_powerOnReset                        99A4      7A     122       1   .text       
     bdmCF_suspend                             9A1E       B      11       1   .text       
- VARIABLES:
     SPISpeedValues                            8255      28      40       3   .rodata     
     SPIBaud                                    100       1       1       2   .data       
     bitCount                                    BE       1       1      31   Z_PAGE      
MODULE:                 -- BDM_RS08_c.obj --
- PROCEDURES:
     vppOff                                    9A29       A      10       2   .text       
     vppOn                                     9A33       A      10       1   .text       
     bdmSetVpp                                 9A3D      5A      90      10   .text       
- VARIABLES:
MODULE:                 -- CmdProcessing_c.obj --
- PROCEDURES:
     makeStatusWord                            9A97      BA     186       3   .text       
     optionalReconnect                         9B51      2B      43       2   .text       
     f_CMD_ILLEGAL                             9B7C       3       3      49   .text       
     f_CMD_GET_COMMAND_STATUS                  9B7F       3       3       1   .text       
     f_CMD_DEBUG                               9B82      C5     197       2   .text       
     f_CMD_SET_OPTIONS                         9C47      14      20       1   .text       
     f_CMD_GET_CAPABILITIES                    9C5B      1F      31       1   .text       
     f_CMD_GET_BDM_STATUS                      9C7A      1C      28       1   .text       
     getPinStatus                              9C96      1F      31       3   .text       
     f_CMD_CONTROL_PINS                        9CB5     19A     410       6   .text       
     f_CMD_SET_VDD                             9E4F      1A      26       1   .text       
     f_CMD_SET_TARGET                          9E69      5E      94       1   .text       
     commandExec                               9EC7      98     152       1   .text       
     commandLoop                               9F5F      2A      42       1   .text       
- VARIABLES:
     commonFunctionPtrs                        827D      1E      30       1   .rodata     
     HCS12functionPtrs                         829B      26      38       1   .rodata     
     HCS12FunctionPointers                     82C1       4       4       1   .rodata     
     HCS08functionPtrs                         82C5      38      56       1   .rodata     
     HCS08FunctionPointers                     82FD       4       4       1   .rodata     
     CFV1functionPtrs                          8301      26      38       1   .rodata     
     CFV1FunctionPointers                      8327       4       4       1   .rodata     
     CFVxfunctionPtrs                          832B      2E      46       1   .rodata     
     CFVxFunctionPointers                      8359       4       4       1   .rodata     
     JTAGfunctionPtrs                          835D      3C      60       1   .rodata     
     JTAGFunctionPointers                      8399       4       4       1   .rodata     
     currentFunctions                           1D2       2       2       5   .bss        
     commandToggle.1                            1D4       1       1       2   .bss        
     cable_status                                BF       D      13     116   Z_PAGE      
     bdm_option                                  CC       B      11      28   Z_PAGE      
     commandStatus                               D7       1       1       5   Z_PAGE      
     returnSize                                  D8       1       1      36   Z_PAGE      
     commandBuffer                              259      FE     254     171   .common     
- LABELS:
     __SEG_START_SSTACK                         108       0       0       2               
     __SEG_END_SSTACK                           1D0       0       0       3               
MODULE:                 -- CmdProcessingCFV1_c.obj --
- PROCEDURES:
     f_CMD_CF_WRITE_MEM                        9F89     139     313       3   .text       
     f_CMD_CF_READ_MEM                         A0C2     136     310       4   .text       
     f_CMD_CF_WRITE_REG                        A1F8      18      24       1   .text       
     f_CMD_CF_READ_REG                         A210      10      16       1   .text       
     f_CMD_CF_WRITE_DREG                       A220      52      82       1   .text       
     f_CMD_CF_READ_DREG                        A272      59      89       1   .text       
     f_CMD_CF_WRITE_CREG                       A2CB      18      24       1   .text       
     f_CMD_CF_READ_CREG                        A2E3      10      16       1   .text       
- VARIABLES:
MODULE:                 -- CmdProcessingCFVx_c.obj --
- PROCEDURES:
     f_CMD_SPI_SET_SPEED                       A2F3       6       6       2   .text       
     f_CMD_SPI_GET_SPEED                       A2F9       A      10       2   .text       
     f_CMD_CFVx_CONTROL_INTERFACE              A303      51      81       2   .text       
     f_CMD_CFVx_RESET                          A354      4C      76       1   .text       
     f_CMD_CFVx_RESYNC                         A3A0       3       3       1   .text       
     cfvx_target_go                            A3A3      40      64       2   .text       
     f_CMD_CFVx_STEP                           A3E3       4       4       1   .text       
     f_CMD_CFVx_GO                             A3E7       3       3       1   .text       
     f_CMD_CFVx_HALT                           A3EA      13      19       1   .text       
     f_CMD_CFVx_WRITE_MEM                      A3FD      E3     227       3   .text       
     f_CMD_CFVx_READ_MEM                       A4E0      FC     252       4   .text       
     f_CMD_CFVx_WRITE_REG                      A5DC      24      36       1   .text       
     f_CMD_CFVx_READ_REG                       A600      1C      28       1   .text       
     f_CMD_CFVx_WRITE_DREG                     A61C      24      36       1   .text       
     f_CMD_CFVx_READ_DREG                      A640      1C      28       1   .text       
     f_CMD_CFVx_READ_STATUS_REG                A65C      11      17       1   .text       
     f_CMD_CFVx_WRITE_CREG                     A66D      16      22       1   .text       
     f_CMD_CFVx_READ_CREG                      A683      1C      28       1   .text       
     f_CMD_JTAG_RESET                          A69F      1B      27       1   .text       
     f_CMD_JTAG_GOTORESET                      A6BA       5       5       1   .text       
     f_CMD_JTAG_GOTOSHIFT                      A6BF       8       8       1   .text       
     f_CMD_JTAG_WRITE                          A6C7      15      21       1   .text       
     f_CMD_JTAG_READ                           A6DC      39      57       1   .text       
     f_CMD_JTAG_READ_WRITE                     A715      4F      79       1   .text       
     f_CMD_JTAG_EXECUTE_SEQUENCE               A764      69     105       1   .text       
- VARIABLES:
MODULE:                 -- CmdProcessingHCS_c.obj --
- PROCEDURES:
     f_CMD_CONNECT                             A7CD      33      51       4   .text       
     f_CMD_SET_SPEED                           A800      32      50       3   .text       
     f_CMD_GET_SPEED                           A832       A      10       3   .text       
     f_CMD_CONTROL_INTERFACE                   A83C      1B      27       3   .text       
     resetCFV1Interface                        A857      47      71       1   .text       
     f_CMD_READ_STATUS_REG                     A89E      3D      61       4   .text       
     f_CMD_WRITE_CONTROL_REG                   A8DB       6       6       3   .text       
     f_CMD_RESET                               A8E1      5B      91       3   .text       
     f_CMD_STEP                                A93C       5       5       3   .text       
     f_CMD_GO                                  A941       5       5       3   .text       
     f_CMD_HALT                                A946       3       3       3   .text       
     f_CMD_WRITE_BD                            A949      25      37       1   .text       
     f_CMD_READ_BD                             A96E      31      49       1   .text       
     f_CMD_WRITE_BKPT                          A99F       A      10       1   .text       
     f_CMD_READ_BKPT                           A9A9      14      20       1   .text       
     setBdmppr                                 A9BD      34      52       2   .text       
     f_CMD_HCS12_WRITE_MEM                     A9F1      92     146       1   .text       
     f_CMD_HCS12_READ_MEM                      AA83      9A     154       1   .text       
     f_CMD_HCS08_WRITE_MEM                     AB1D      55      85       1   .text       
     f_CMD_HCS08_READ_MEM                      AB72      59      89       1   .text       
     f_CMD_HCS12_WRITE_REG                     ABCB      16      22       1   .text       
     f_CMD_HCS12_READ_REG                      ABE1      22      34       1   .text       
     f_CMD_HCS08_WRITE_REG                     AC03      73     115       1   .text       
     f_CMD_HCS08_READ_REG                      AC76      77     119       1   .text       
     f_CMD_SET_VPP                             ACED       6       6       1   .text       
- VARIABLES:
MODULE:                 -- ICP_c.obj --
- PROCEDURES:
     rebootToICP                               FC00       8       8       1   BOOT_ROM    
     detectICP                                 FC08      2D      45       1   BOOT_ROM    
     flashInvalid                              FC35      1D      29       1   BOOT_ROM    
     _userDetectICP                            FC52       4       4       1   BOOT_ROM    
     myStartup                                 FC56      2A      42       1   BOOT_ROM    
- VARIABLES:
     icpKeyBytes                                 B0       2       2       3   BOOT_RAM    
     NVPROT_INIT                               FFBD       1       1       0   .abs_section_ffbd
     NVOPT_INIT                                FFBF       1       1       0   .abs_section_ffbf
     CHECKSUM_BYPASS                           FFBA       1       1       0   .abs_section_ffba
     forceICPVector                            FFFA       2       2       0   .abs_section_fffa
     resetVector                               FFFE       2       2       0   .abs_section_fffe
     ICP_Version_SW                            FFFC       1       1       1   .abs_section_fffc
     ICP_Version_HW                            FFFD       1       1       1   .abs_section_fffd
- LABELS:
     __SEG_START_BOOT_ROM                      FC00       0       0       2               
MODULE:                 -- ICP_USB_c.obj --
- PROCEDURES:
     myMemcpy                                  FC80      28      40       3   BOOT_ROM    
     initCrystalClock                          FCA8      2D      45       1   BOOT_ROM    
     autoInitClock                             FCD5      43      67       1   BOOT_ROM    
     ep0StartOutTransaction                    FD18      1C      28       3   BOOT_ROM    
     ep0StartSetupTransaction                  FD34       7       7       5   BOOT_ROM    
     ep0StartInTransaction                     FD3B      25      37       3   BOOT_ROM    
     ep0StartStatusInTransaction               FD60       9       9       2   BOOT_ROM    
     handleUSBReset                            FD69      1A      26       2   BOOT_ROM    
     initICP_USB                               FD83      1D      29       1   BOOT_ROM    
     handleGetDescriptor                       FDA0      39      57       1   BOOT_ROM    
     setAddressCallback                        FDD9       8       8       1   BOOT_ROM    
     onStack                                   FDE1      2C      44       1   BOOT_ROM    
     doOnStack                                 FE0D      28      40       3   BOOT_ROM    
     erasePageCommand                          FE35       8       8       1   BOOT_ROM    
     programRowCommand                         FE3D       5       5       1   BOOT_ROM    
     verifyRowCommand                          FE42      1B      27       1   BOOT_ROM    
     handleEp0InToken                          FE5D      1D      29       1   BOOT_ROM    
     handleEp0OutToken                         FE7A      1E      30       1   BOOT_ROM    
     icpReset                                  FE98       B      11       2   BOOT_ROM    
     handleSetupToken                          FEA3      D2     210       1   BOOT_ROM    
     handleTokenComplete                       FF75      1C      28       1   BOOT_ROM    
     USBEventPollingLoop                       FF91      19      25       1   BOOT_ROM    
- VARIABLES:
     dataBuffer                                 100      40      64       3   BOOT_RAM2   
     deviceDescriptor                          FFC0      12      18       2   ICP_ROM2_160
     otherDescriptors                          FFD2      12      18       3   ICP_ROM2_160
     deviceStatus                              FFE4       2       2       1   ICP_ROM2_160
     initialEPState                            FFE6       3       3       2   ICP_ROM2_160
     clockFactors                              FFE9       6       6       3   ICP_ROM2_160
     versionConstant                           FFEF       5       5       1   ICP_ROM2_160
     ep0SetupBuffer                              B2       8       8      13   BOOT_RAM    
     deviceState                                 BA       2       2       6   BOOT_RAM    
     ep0State                                    BC       3       3      16   BOOT_RAM    
     dataLength                                  BF       1       1       5   BOOT_RAM    
     startAddress                                C0       2       2       6   BOOT_RAM    
     sourceAddress                               C2       2       2       6   BOOT_RAM    
     flashCommand                                C4       1       1       3   BOOT_RAM    
     flashData                                   C5       1       1       2   BOOT_RAM    
     commandStatus                               C6       1       1       3   BOOT_RAM    
     wlength.1                                   C7       2       2       4   BOOT_RAM    
     dataSize.2                                  C9       1       1       5   BOOT_RAM    
     dataPtr.3                                   CA       2       2       2   BOOT_RAM    
     intStatus.4                                 CC       1       1       5   BOOT_RAM    
     NV_MCGTRM_INIT                            FFAF       1       1       4   .abs_section_ffaf
     bdts                                      1860      1E      30       7   .abs_section_1860
     ep0InDataBuffer                           1880      40      64       1   .abs_section_1880
     ep0OutDataBuffer                          18C0      40      64       2   .abs_section_18c0
     usbRam                                    1860     100     256       1   .abs_section_1860
MODULE:                 -- JTAG_c.obj --
- PROCEDURES:
     jtag_set_hdr                              ACF3       4       4       1   .text       
     jtag_set_hir                              ACF7       4       4       1   .text       
     jtag_set_tdr                              ACFB       4       4       1   .text       
     jtag_set_tir                              ACFF       4       4       1   .text       
     jtag_interfaceIdle                        AD03      2D      45       3   .text       
     jtag_init                                 AD30      21      33       2   .text       
     jtag_transition_reset                     AD51      2B      43       2   .text       
     jtag_header_shift                         AD7C      55      85       1   .text       
     jtag_transition_shift                     ADD1      61      97      11   .text       
     jtag_trailer_shift                        AE32      54      84       1   .text       
     jtag_exit_shift                           AE86      82     130       3   .text       
     jtag_write                                AF08      80     128      35   .text       
     jtag_read                                 AF88      AD     173       8   .text       
     jtag_read_write                           B035      D0     208      16   .text       
- VARIABLES:
     jtagFillByte                               101       1       1      11   .data       
     dataRegisterHeader                         1D5       2       2       3   .bss        
     dataRegisterTrailer                        1D7       2       2       3   .bss        
     instructionRegisterHeader                  1D9       2       2       3   .bss        
     instructionRegisterTrailer                 1DB       2       2       3   .bss        
     tapState                                   1DD       2       2       7   .bss        
MODULE:                 -- JTAGSequence_c.obj --
- PROCEDURES:
     skipSequence                              B105     15E     350      10   .text       
     initJTAGSequence                          B263      12      18       1   .text       
     executeDSCTargetInstructionSequence       B275      DD     221       7   .text       
     DSC_readMemory                            B352      DF     223       2   .text       
     DSC_fastReadMemory                        B431     16D     365       4   .text       
     DSC_fastWriteMemory                       B59E     158     344       4   .text       
     DSC_writeMemory                           B6F6      CC     204       2   .text       
     ARM_readAP                                B7C2     1A1     417       1   .text       
     ARM_writeAP                               B963     18A     394       1   .text       
     ARM_writeAPI                              BAED     104     260       1   .text       
     processJTAGSequence                       BBF1     861    2145     138   .text       
- VARIABLES:
     enableONCECommand.1                       839D       1       1       4   .rodata     
     writeOpcode.2                             839E       1       1       1   .rodata     
     writeOpcodeAndGo.3                        839F       1       1       1   .rodata     
     readOnceCommand.4                         83A0       1       1       1   .rodata     
     loadAddressSequence.5                     83A1       B      11       1   .rodata     
     readXMem8.6                               83AC       7       7       1   .rodata     
     readXMem16.7                              83B3       7       7       1   .rodata     
     readXMem32.8                              83BA       7       7       1   .rodata     
     readPMem16.9                              83C1       7       7       1   .rodata     
     readOnceCommand.10                        83C8       1       1       1   .rodata     
     loadAddressSequence.11                    83C9       B      11       1   .rodata     
     writeXMem8.12                             83D4       A      10       1   .rodata     
     writeXMem16.13                            83DE       7       7       1   .rodata     
     writeXMem32.14                            83E5       7       7       1   .rodata     
     writePMem16.15                            83EC       7       7       1   .rodata     
     writeOnceCommand.16                       83F3       1       1       1   .rodata     
     writeOnceCommand.17                       83F4       1       1       1   .rodata     
     inFill                                     102       1       1       4   .data       
     exitAction                                 103       1       1      10   .data       
     repeatTOS                                  104       2       2       9   .data       
     subroutineTOS                              106       2       2       4   .data       
     subPtrs                                    1DF       8       8       5   .bss        
     complete                                   1E7       1       1       3   .bss        
     rc                                         1E8       1       1       6   .bss        
     variables                                  1E9      10      16      16   .bss        
     iterator                                   1F9       2       2      15   .bss        
     startOfIteration                           1FB       2       2      12   .bss        
     tempValue                                  1FD       4       4      26   .bss        
     repeatStack                                201      18      24       1   .bss        
     subroutineStack                            219      10      16       1   .bss        
     subroutineCache                            229      2A      42       3   .bss        
     sequence                                    D9       2       2      72   Z_PAGE      
     dataOutPtr                                  DB       2       2      55   Z_PAGE      
     dataInPtr                                  357       2       2      34   .common     
     opcode                                     359       1       1       3   .common     
     numBits                                    35A       1       1      13   .common     
     regNo                                      35B       1       1       7   .common     
     adjustment                                 35C       2       2       9   .common     
MODULE:                 -- USB_c.obj --
- PROCEDURES:
     initEndpointBuffers                       C452      12      18       1   .text       
     ep0InitialiseBDTOut                       C464      14      20       2   .text       
     ep0SaveOutData                            C478      44      68       1   .text       
     ep0ConfigureSetupTransaction              C4BC       C      12       4   .text       
     ep0EnsureReadyForSetupTransaction         C4C8      2A      42       2   .text       
     ep0InitialiseBDTIn                        C4F2      59      89       2   .text       
     ep0StartInTransaction                     C54B      6C     108      10   .text       
     ep1InitialiseBDTOut                       C5B7      15      21       3   .text       
     ep1SaveOutData                            C5CC      44      68       1   .text       
     ep1StartOutTransaction                    C610      11      17       2   .text       
     ep2InitialiseBDTIn                        C621      59      89       2   .text       
     ep2StartInTransaction                     C67A      1F      31       3   .text       
     setBDMBusy                                C699      16      22       7   .text       
     receiveUSBCommand                         C6AF      BA     186       2   .text       
     sendUSBResponse                           C769      1E      30       1   .text       
     epStall                                   C787      35      53       9   .text       
     epClearStall                              C7BC      1F      31       5   .text       
     setUSBdefaultState                        C7DB       C      12       3   .text       
     setUSBaddressedState                      C7E7      16      22       2   .text       
     setUSBconfiguredState                     C7FD      19      25       1   .text       
     initialiseEndpoints                       C816      37      55       1   .text       
     handleUSBReset                            C84D      15      21       2   .text       
     initUSB                                   C862      2D      45       1   .text       
     handleGetStatus                           C88F      5D      93       1   .text       
     handleClearFeature                        C8EC      4D      77       1   .text       
     handleSetFeature                          C939      4D      77       1   .text       
     utf8ToStringDescriptor                    C986      F9     249       3   .text       
     handleGetDescriptor                       CA7F      9F     159       1   .text       
     resetDeviceCallback                       CB1E       4       4       1   .text       
     setAddressCallback                        CB22      20      32       1   .text       
     handleSetAddress                          CB42      1A      26       1   .text       
     handleGetConfiguration                    CB5C       B      11       1   .text       
     handleSetConfiguration                    CB67      24      36       1   .text       
     handleGetInterface                        CB8B      2F      47       1   .text       
     handleUnexpected                          CBBA       4       4       1   .text       
     handleSetupToken                          CBBE      D5     213       1   .text       
     ep0HandleInToken                          CC93      6E     110       1   .text       
     ep0HandleOutToken                         CD01      56      86       1   .text       
     ep0HandleStallComplete                    CD57       7       7       1   .text       
     ep1HandleOutToken                         CD5E      36      54       1   .text       
     ep2HandleInToken                          CD94      56      86       1   .text       
     handleTokenComplete                       CDEA      4E      78       1   .text       
     handleSOFToken                            CE38      34      52       1   .text       
     handleUSBSuspend                          CE6C      1E      30       1   .text       
     handleUSBResume                           CE8A       A      10       1   .text       
     USBInterruptHandler                       CE94      60      96       1   .text       
- VARIABLES:
     deviceDescriptor                          83F5      12      18       1   .rodata     
     otherDescriptors                          8407      20      32       4   .rodata     
     sd0                                       8427       4       4       1   .rodata     
     sd1                                       842B       4       4       1   .rodata     
     sd2                                       842F      28      40       1   .rodata     
     sd4                                       8457      14      20       1   .rodata     
     sd5                                       846B      14      20       1   .rodata     
     sd6                                       847F      14      20       1   .rodata     
     sd7                                       8493      1A      26       1   .rodata     
     sd8                                       84AD      17      23       1   .rodata     
     stringDescriptors                         84C4      12      18       2   .rodata     
     busyResponse                              84D6       4       4       2   .rodata     
     zeroReturn.9                              84DA       2       2       1   .rodata     
     epStatusStalled.10                        84DC       2       2       1   .rodata     
     epStatusOK.11                             84DE       2       2       1   .rodata     
     epHardwareState                            253       3       3      43   .bss        
     commandBusyFlag                            256       1       1       3   .bss        
     reInit                                     257       1       1       9   .bss        
     usbActivityFlag                            258       1       1       3   .bss        
     deviceState                                 DD       6       6      26   Z_PAGE      
     ep0State                                    E3       7       7      34   Z_PAGE      
     ep1State                                    EA       7       7      16   Z_PAGE      
     ep2State                                    F1       7       7      12   Z_PAGE      
     ep0SetupBuffer                              F8       8       8      45   Z_PAGE      
     usbRamArea                                1860      E0     224      22   USB_RAM     
     EPCTL                                       9D       7       7       6   .abs_section_9d
MODULE:                 -- UserVectorTable_c.obj --
- PROCEDURES:
     dummyISR                                  CEF4       4       4      20   .text       
- VARIABLES:
     ICP_data                                  FB94      2E      46       4   .abs_section_fb94
     userVectorTable                           FBC2      3C      60       2   .abs_section_fbc2
     versionOffset                             FBFE       1       1       0   .abs_section_fbfe
- LABELS:
     __SEG_START__PRESTART                     8000       0       0       1               
MODULE:                 -- main_c.obj --
- PROCEDURES:
     userDetectICP                             CEF8       A      10       1   .text       
     initCrystalClock                          CF02      2D      45       1   .text       
     autoInitClock                             CF2F      43      67       1   .text       
     clearStack                                CF72      14      20       1   .text       
     init                                      CF86      51      81       1   .text       
     main                                      CFD7       9       9       1   .text       
- VARIABLES:
     clockFactors                              84E0       6       6       3   .rodata     
MODULE:                 -- start08_c.obj --
- PROCEDURES:
     loadByte                                  8000       E      14       5   .init       
     Init                                      800E      6D     109       1   .init       
     _Startup                                  807B       9       9       1   .init       
- VARIABLES:
     _startupData                              8084       6       6       4   .startData  
MODULE:                 -- mc9s08jm16_c.obj --
- PROCEDURES:
- VARIABLES:
     _PTAD                                        0       1       1       0   .abs_section_0
     _PTADD                                       1       1       1       1   .abs_section_1
     _PTBD                                        2       1       1      50   .abs_section_2
     _PTBDD                                       3       1       1      44   .abs_section_3
     _PTCD                                        4       1       1      23   .abs_section_4
     _PTCDD                                       5       1       1      24   .abs_section_5
     _PTDD                                        6       1       1       0   .abs_section_6
     _PTDDD                                       7       1       1       1   .abs_section_7
     _PTED                                        8       1       1     135   .abs_section_8
     _PTEDD                                       9       1       1      27   .abs_section_9
     _PTFD                                        A       1       1      30   .abs_section_a
     _PTFDD                                       B       1       1      13   .abs_section_b
     _PTGD                                        C       1       1      16   .abs_section_c
     _PTGDD                                       D       1       1       6   .abs_section_d
     _ACMPSC                                      E       1       1       9   .abs_section_e
     _ADCSC1                                     10       1       1       2   .abs_section_10
     _ADCSC2                                     11       1       1       1   .abs_section_11
     _ADCCFG                                     16       1       1       1   .abs_section_16
     _APCTL1                                     17       1       1       0   .abs_section_17
     _APCTL2                                     18       1       1       1   .abs_section_18
     _IRQSC                                      1B       1       1       0   .abs_section_1b
     _KBISC                                      1C       1       1       0   .abs_section_1c
     _KBIPE                                      1D       1       1       0   .abs_section_1d
     _KBIES                                      1E       1       1       0   .abs_section_1e
     _TPM1SC                                     20       1       1       1   .abs_section_20
     _TPM1C0SC                                   25       1       1      15   .abs_section_25
     _TPM1C1SC                                   28       1       1      29   .abs_section_28
     _TPM1C2SC                                   2B       1       1       2   .abs_section_2b
     _TPM1C3SC                                   2E       1       1       8   .abs_section_2e
     _SCI1C1                                     3A       1       1       0   .abs_section_3a
     _SCI1C2                                     3B       1       1       0   .abs_section_3b
     _SCI1S1                                     3C       1       1       0   .abs_section_3c
     _SCI1S2                                     3D       1       1       0   .abs_section_3d
     _SCI1C3                                     3E       1       1       0   .abs_section_3e
     _SCI1D                                      3F       1       1       0   .abs_section_3f
     _SCI2C1                                     42       1       1       0   .abs_section_42
     _SCI2C2                                     43       1       1       0   .abs_section_43
     _SCI2S1                                     44       1       1       0   .abs_section_44
     _SCI2S2                                     45       1       1       0   .abs_section_45
     _SCI2C3                                     46       1       1       0   .abs_section_46
     _SCI2D                                      47       1       1       0   .abs_section_47
     _MCGC1                                      48       1       1       6   .abs_section_48
     _MCGC2                                      49       1       1       4   .abs_section_49
     _MCGTRM                                     4A       1       1       2   .abs_section_4a
     _MCGSC                                      4B       1       1      10   .abs_section_4b
     _MCGC3                                      4C       1       1       2   .abs_section_4c
     _SPI1C1                                     50       1       1       4   .abs_section_50
     _SPI1C2                                     51       1       1       1   .abs_section_51
     _SPI1BR                                     52       1       1       1   .abs_section_52
     _SPI1S                                      53       1       1       2   .abs_section_53
     _IICA                                       58       1       1       0   .abs_section_58
     _IICF                                       59       1       1       0   .abs_section_59
     _IICC1                                      5A       1       1       0   .abs_section_5a
     _IICS                                       5B       1       1       0   .abs_section_5b
     _IICD                                       5C       1       1       0   .abs_section_5c
     _IICC2                                      5D       1       1       0   .abs_section_5d
     _TPM2SC                                     60       1       1       0   .abs_section_60
     _TPM2C0SC                                   65       1       1       0   .abs_section_65
     _TPM2C1SC                                   68       1       1       0   .abs_section_68
     _RTCSC                                      6C       1       1       6   .abs_section_6c
     _RTCCNT                                     6D       1       1       0   .abs_section_6d
     _RTCMOD                                     6E       1       1       2   .abs_section_6e
     _SPI2C1                                     70       1       1       1   .abs_section_70
     _SPI2C2                                     71       1       1       0   .abs_section_71
     _SPI2BR                                     72       1       1       0   .abs_section_72
     _SPI2S                                      73       1       1       0   .abs_section_73
     _USBCTL0                                    80       1       1      11   .abs_section_80
     _PERID                                      88       1       1       0   .abs_section_88
     _IDCOMP                                     89       1       1       0   .abs_section_89
     _REV                                        8A       1       1       0   .abs_section_8a
     _INTSTAT                                    90       1       1      17   .abs_section_90
     _INTENB                                     91       1       1       5   .abs_section_91
     _ERRSTAT                                    92       1       1       2   .abs_section_92
     _ERRENB                                     93       1       1       2   .abs_section_93
     _STAT                                       94       1       1       3   .abs_section_94
     _CTL                                        95       1       1       5   .abs_section_95
     _ADDR                                       96       1       1       6   .abs_section_96
     _FRMNUML                                    97       1       1       1   .abs_section_97
     _FRMNUMH                                    98       1       1       1   .abs_section_98
     _EPCTL0                                     9D       1       1       2   .abs_section_9d
     _EPCTL1                                     9E       1       1       2   .abs_section_9e
     _EPCTL2                                     9F       1       1       2   .abs_section_9f
     _EPCTL3                                     A0       1       1       0   .abs_section_a0
     _EPCTL4                                     A1       1       1       0   .abs_section_a1
     _EPCTL5                                     A2       1       1       0   .abs_section_a2
     _EPCTL6                                     A3       1       1       0   .abs_section_a3
     _SRS                                      1800       1       1       1   .abs_section_1800
     _SBDFR                                    1801       1       1       0   .abs_section_1801
     _SOPT1                                    1802       1       1       2   .abs_section_1802
     _SOPT2                                    1803       1       1       0   .abs_section_1803
     _SPMSC1                                   1809       1       1       1   .abs_section_1809
     _SPMSC2                                   180A       1       1       0   .abs_section_180a
     _DBGC                                     1816       1       1       0   .abs_section_1816
     _DBGT                                     1817       1       1       0   .abs_section_1817
     _DBGS                                     1818       1       1       0   .abs_section_1818
     _FCDIV                                    1820       1       1       1   .abs_section_1820
     _FOPT                                     1821       1       1       0   .abs_section_1821
     _FCNFG                                    1823       1       1       0   .abs_section_1823
     _FPROT                                    1824       1       1       0   .abs_section_1824
     _FSTAT                                    1825       1       1       4   .abs_section_1825
     _FCMD                                     1826       1       1       1   .abs_section_1826
     _PTAPE                                    1840       1       1       1   .abs_section_1840
     _PTASE                                    1841       1       1       0   .abs_section_1841
     _PTADS                                    1842       1       1       0   .abs_section_1842
     _PTBPE                                    1844       1       1       3   .abs_section_1844
     _PTBSE                                    1845       1       1       0   .abs_section_1845
     _PTBDS                                    1846       1       1       0   .abs_section_1846
     _PTCPE                                    1848       1       1       4   .abs_section_1848
     _PTCSE                                    1849       1       1       0   .abs_section_1849
     _PTCDS                                    184A       1       1       0   .abs_section_184a
     _PTDPE                                    184C       1       1       1   .abs_section_184c
     _PTDSE                                    184D       1       1       0   .abs_section_184d
     _PTDDS                                    184E       1       1       0   .abs_section_184e
     _PTEPE                                    1850       1       1       3   .abs_section_1850
     _PTESE                                    1851       1       1       0   .abs_section_1851
     _PTEDS                                    1852       1       1       0   .abs_section_1852
     _PTFPE                                    1854       1       1       4   .abs_section_1854
     _PTFSE                                    1855       1       1       0   .abs_section_1855
     _PTFDS                                    1856       1       1       0   .abs_section_1856
     _PTGPE                                    1858       1       1       2   .abs_section_1858
     _PTGSE                                    1859       1       1       0   .abs_section_1859
     _PTGDS                                    185A       1       1       0   .abs_section_185a
     _ADCR                                       12       2       2       1   .abs_section_12
     _ADCCV                                      14       2       2       0   .abs_section_14
     _TPM1CNT                                    21       2       2      15   .abs_section_21
     _TPM1MOD                                    23       2       2       0   .abs_section_23
     _TPM1C0V                                    26       2       2       2   .abs_section_26
     _TPM1C1V                                    29       2       2      20   .abs_section_29
     _TPM1C2V                                    2C       2       2       2   .abs_section_2c
     _TPM1C3V                                    2F       2       2       0   .abs_section_2f
     _SCI1BD                                     38       2       2       0   .abs_section_38
     _SCI2BD                                     40       2       2       0   .abs_section_40
     _SPI1D16                                    54       2       2       3   .abs_section_54
     _SPI1M                                      56       2       2       0   .abs_section_56
     _TPM2CNT                                    61       2       2       0   .abs_section_61
     _TPM2MOD                                    63       2       2       0   .abs_section_63
     _TPM2C0V                                    66       2       2       0   .abs_section_66
     _TPM2C1V                                    69       2       2       0   .abs_section_69
     _SPI2D16                                    74       2       2       0   .abs_section_74
     _SPI2M                                      76       2       2       0   .abs_section_76
     _SDID                                     1806       2       2       0   .abs_section_1806
     _DBGCA                                    1810       2       2       0   .abs_section_1810
     _DBGCB                                    1812       2       2       0   .abs_section_1812
     _DBGF                                     1814       2       2       0   .abs_section_1814
MODULE:                 -- rtshc08.o (ansiis.lib) --
- PROCEDURES:
     _PUSH_ARGS_L                              CFE0      20      32       1   .text       
     _ENTER_UNARY_L                            D000      29      41       2   .text       
     _ENTER_BINARY_L_RC                        D029      19      25       3   .text       
     _IDIVMOD                                  D042      69     105       1   .text       
     _LADD_k_is_k_plus_j                       D0AB      1F      31       1   .text       
     _k_is_k_plus_j_l                          D0CA      1E      30       2   .text       
     _k_is_k_plus_j_i                          D0E8      12      18       3   .text       
     _LMUL_k_is_k_mul_j                        D0FA      81     129       1   .text       
     _LDIVMOD                                  D17B      A4     164       1   .text       
     _LDIVU_k_is_k_div_j                       D21F      17      23       1   .text       
     _IDIVU_STAR08                             D236       D      13       2   .text       
     _ILSL                                     D243       C      12       1   .text       
     _ICMP                                     D24F      16      22       3   .text       
     _LINC                                     D265      16      22       2   .text       
     _LADD_RC                                  D27B       6       6       5   .text       
     _LMUL_RC                                  D281       6       6       1   .text       
     _LDIVU_RC                                 D287       6       6       1   .text       
     _LLSR                                     D28D      16      22       1   .text       
     _COPY                                     D2A3      30      48       4   .text       
     _POP32                                    D2D3      1A      26       7   .text       
     _SEXT16_32                                D2ED       D      13       2   .text       
     _Jump_Table_Offset                        D2FA      19      25       9   .text       
     _Jump_Table_Header_Addr                   D313      2F      47       1   .text       
     _Jump_Table_Header_Offset                 D342      24      36      28   .text       
     _Search_Table_8_Addr                      D366      21      33       1   .text       
     _Search_Table_8_Offset                    D387      25      37       3   .text       
     _PUSH_CC                                  D3AC       F      15       1   .text       
     _POP_CC                                   D3BB       F      15       1   .text       
- VARIABLES:
MODULE:                 -- string.o (ansiis.lib) --
- PROCEDURES:
     memcpy                                    D3CA      3D      61      10   .text       
     memset                                    D407      30      48       4   .text       
- VARIABLES:

*********************************************************************************************
MODULE STATISTIC
  Name                                      Data   Code  Const
---------------------------------------------------------------------------------------------
  BDM_c.obj                                   16   3628    430
  BDMCommon_c.obj                              0   1085     13
  BDM_CF_c.obj                                 2    730     40
  BDM_RS08_c.obj                               0    110      0
  CmdProcessing_c.obj                        283   1266    288
  CmdProcessingCFV1_c.obj                      0    874      0
  CmdProcessingCFVx_c.obj                      0   1242      0
  CmdProcessingHCS_c.obj                       0   1318      0
  ICP_c.obj                                    2    128      9
  ICP_USB_c.obj                              505    810     53
  JTAG_c.obj                                  11   1042      0
  JTAGSequence_c.obj                         133   4941     88
  USB_c.obj                                  272   2722    235
  UserVectorTable_c.obj                        0      4    107
  main_c.obj                                   0    232      6
  start08_c.obj                                0    132      0
  mc9s08jm16_c.obj                           166      0      0
  rtshc08.o (ansiis.lib)                       0   1002      0
  string.o (ansiis.lib)                        0    109      0
  other                                      200  10054     46

*********************************************************************************************
SECTION USE IN OBJECT-ALLOCATION SECTION
---------------------------------------------------------------------------------------------
SECTION: ".text"
  bdm_readBDMStatus writeBDMControl bdm_writeBDMControl bdm_enableBDM 
  bdm_physicalConnect bdm_connect bdm_hardwareReset bdm_softwareReset 
  bdm_targetReset bdmHCS_powerOnReset bdm_setInterfaceLevel bdm_syncMeasure 
  bdm_acknInit doACKN_WAIT64 doACKN_WAIT150 bdm_halt bdm_go bdm_step bdmHCS_off 
  bdmHCS_suspend bdmHCS_interfaceIdle bdmHCS_init bdm_txPrepare bdm_txEmpty 
  bdm_tx1 bdm_tx2 bdm_tx3 bdm_txGeneric rxStackDecode bdm_rxEmpty bdm_rx1 
  bdm_rx2 bdm_rx3 bdm_rx4 bdm_rx5 bdm_rx6 bdm_rxGeneric bdm_RxTxSelect 
  bdmHC12_confirmSpeed bdmHC12_alt_speed_detect bdm_testTx bdm_checkTiming 
  bdmTx16 bdmRx16 bdmRx32 BDM_CMD_0_0_T BDM_CMD_1W1B_0_T BDM_CMD_1B_0_T 
  BDM_CMD_0_1B_NOACK BDM_CMD_1B_0_NOACK BDM_CMD_0_1W_NOACK BDM_CMD_1W_0_NOACK 
  BDM_CMD_0_0 BDM_CMD_1W_0 BDM_CMD_0_1W BDM_CMD_1L_0 BDM_CMD_0_1L 
  BDM_CMD_1W_1WB BDM_CMD_2W_0 BDM_CMD_1W_1W BDM_CMD_2WB_0 BDM_CMD_0_1B 
  BDM_CMD_1B_0 BDM_CMD_1W_1B BDM_CMD_1W1B_0 BDM_CMD_1A1B_0 BDM_CMD_1A1W_0 
  BDM_CMD_1A1L_0 BDM_CMD_1A_1B BDM_CMD_1A_1W BDM_CMD_1A_1L fastTimerWait 
  millisecondTimerWait initTimers bdm_targetVddSense bdm_resetSense kbiHandler 
  timerHandler acmpHandler bdm_checkTargetVdd bdm_setTargetVdd 
  bdm_cycleTargetVddOn bdm_cycleTargetVddOff bdm_cycleTargetVdd 
  bdm_targetVddMeasure bdm_init bdm_suspend bdm_interfaceOff bdm_off 
  bdm_setTarget spi_setSpeed bdmcf_tx bdmcf_complete_chk bdmcf_complete_chk_rx 
  bdmcf_rxtx bdmcf_rx bdmcf_tx_msg bdmcf_tx_msg_half_rx bdmcf_rx_msg 
  bdmcf_resync bdmcf_interfaceIdle bdmcf_init bdmcf_txRx16 bdmcf_tx16 
  bdmcf_txrx_start bdmCF_powerOnReset bdmCF_suspend vppOff vppOn bdmSetVpp 
  makeStatusWord optionalReconnect f_CMD_ILLEGAL f_CMD_GET_COMMAND_STATUS 
  f_CMD_DEBUG f_CMD_SET_OPTIONS f_CMD_GET_CAPABILITIES f_CMD_GET_BDM_STATUS 
  getPinStatus f_CMD_CONTROL_PINS f_CMD_SET_VDD f_CMD_SET_TARGET commandExec 
  commandLoop f_CMD_CF_WRITE_MEM f_CMD_CF_READ_MEM f_CMD_CF_WRITE_REG 
  f_CMD_CF_READ_REG f_CMD_CF_WRITE_DREG f_CMD_CF_READ_DREG f_CMD_CF_WRITE_CREG 
  f_CMD_CF_READ_CREG f_CMD_SPI_SET_SPEED f_CMD_SPI_GET_SPEED 
  f_CMD_CFVx_CONTROL_INTERFACE f_CMD_CFVx_RESET f_CMD_CFVx_RESYNC 
  cfvx_target_go f_CMD_CFVx_STEP f_CMD_CFVx_GO f_CMD_CFVx_HALT 
  f_CMD_CFVx_WRITE_MEM f_CMD_CFVx_READ_MEM f_CMD_CFVx_WRITE_REG 
  f_CMD_CFVx_READ_REG f_CMD_CFVx_WRITE_DREG f_CMD_CFVx_READ_DREG 
  f_CMD_CFVx_READ_STATUS_REG f_CMD_CFVx_WRITE_CREG f_CMD_CFVx_READ_CREG 
  f_CMD_JTAG_RESET f_CMD_JTAG_GOTORESET f_CMD_JTAG_GOTOSHIFT f_CMD_JTAG_WRITE 
[...]
 |     |  |  |           |  |  |  
 |     |  |  |           |  |  +- _Search_Table_8_Offset
 |     |  |  |           |  |       
 |     |  |  |           |  +- _Jump_Table_Header_Addr
 |     |  |  |           |  |    
 |     |  |  |           |  +- setBDMBusy           (see above)
 |     |  |  |           |  |  
 |     |  |  |           |  +- jtag_transition_reset (see above)
 |     |  |  |           |  |  
 |     |  |  |           |  +- jtag_transition_shift (see above)
 |     |  |  |           |  |  
 |     |  |  |           |  +- memcpy               (see above)
 |     |  |  |           |  |  
 |     |  |  |           |  +- executeDSCTargetInstructionSequence
 |     |  |  |           |  |  | 
 |     |  |  |           |  |  +- jtag_transition_shift (see above)
 |     |  |  |           |  |  |  
 |     |  |  |           |  |  +- jtag_write           (see above)
 |     |  |  |           |  |  |  
 |     |  |  |           |  |  +- jtag_read_write      (see above)
 |     |  |  |           |  |     
 |     |  |  |           |  +- DSC_readMemory      
 |     |  |  |           |  |  | 
 |     |  |  |           |  |  +- executeDSCTargetInstructionSequence (see above)
 |     |  |  |           |  |  |  
 |     |  |  |           |  |  +- jtag_transition_shift (see above)
 |     |  |  |           |  |  |  
 |     |  |  |           |  |  +- jtag_write           (see above)
 |     |  |  |           |  |  |  
 |     |  |  |           |  |  +- jtag_read            (see above)
 |     |  |  |           |  |     
 |     |  |  |           |  +- DSC_writeMemory     
 |     |  |  |           |  |  | 
 |     |  |  |           |  |  +- jtag_transition_shift (see above)
 |     |  |  |           |  |  |  
 |     |  |  |           |  |  +- jtag_write           (see above)
 |     |  |  |           |  |  |  
 |     |  |  |           |  |  +- executeDSCTargetInstructionSequence (see above)
 |     |  |  |           |  |     
 |     |  |  |           |  +- DSC_fastReadMemory  
 |     |  |  |           |  |  | 
 |     |  |  |           |  |  +- memcpy               (see above)
 |     |  |  |           |  |  |  
 |     |  |  |           |  |  +- executeDSCTargetInstructionSequence (see above)
 |     |  |  |           |  |  |  
 |     |  |  |           |  |  +- _Jump_Table_Offset   (see above)
 |     |  |  |           |  |  |  
 |     |  |  |           |  |  +- jtag_transition_shift (see above)
 |     |  |  |           |  |  |  
 |     |  |  |           |  |  +- jtag_write           (see above)
 |     |  |  |           |  |  |  
 |     |  |  |           |  |  +- jtag_read            (see above)
 |     |  |  |           |  |  |  
 |     |  |  |           |  |  +- _Jump_Table_Header_Offset (see above)
 |     |  |  |           |  |     
 |     |  |  |           |  +- DSC_fastWriteMemory 
 |     |  |  |           |  |  | 
 |     |  |  |           |  |  +- memcpy               (see above)
 |     |  |  |           |  |  |  
 |     |  |  |           |  |  +- executeDSCTargetInstructionSequence (see above)
 |     |  |  |           |  |  |  
 |     |  |  |           |  |  +- _Jump_Table_Header_Offset (see above)
 |     |  |  |           |  |  |  
 |     |  |  |           |  |  +- jtag_transition_shift (see above)
 |     |  |  |           |  |  |  
 |     |  |  |           |  |  +- jtag_write           (see above)
 |     |  |  |           |  |  |  
 |     |  |  |           |  |  +- _Jump_Table_Offset   (see above)
 |     |  |  |           |  |     
 |     |  |  |           |  +- jtag_write           (see above)
 |     |  |  |           |  |  
 |     |  |  |           |  +- _LADD_RC             (see above)
 |     |  |  |           |  |  
 |     |  |  |           |  +- _LLSR               
 |     |  |  |           |  |  | 
 |     |  |  |           |  |  +- _ENTER_UNARY_L       (see above)
 |     |  |  |           |  |     
 |     |  |  |           |  +- jtag_read_write      (see above)
 |     |  |  |           |  |  
 |     |  |  |           |  +- _COPY                (see above)
 |     |  |  |           |  |  
 |     |  |  |           |  +- _SEXT16_32           (see above)
 |     |  |  |           |  |  
 |     |  |  |           |  +- _POP32               (see above)
 |     |  |  |           |  |  
 |     |  |  |           |  +- ARM_readAP          
 |     |  |  |           |  |  | 
 |     |  |  |           |  |  +- jtag_transition_shift (see above)
 |     |  |  |           |  |  |  
 |     |  |  |           |  |  +- jtag_write           (see above)
 |     |  |  |           |  |  |  
 |     |  |  |           |  |  +- jtag_read_write      (see above)
 |     |  |  |           |  |  |  
 |     |  |  |           |  |  +- jtag_read            (see above)
 |     |  |  |           |  |     
 |     |  |  |           |  +- ARM_writeAP         
 |     |  |  |           |  |  | 
 |     |  |  |           |  |  +- jtag_transition_shift (see above)
 |     |  |  |           |  |  |  
 |     |  |  |           |  |  +- jtag_write           (see above)
 |     |  |  |           |  |  |  
 |     |  |  |           |  |  +- jtag_read_write      (see above)
 |     |  |  |           |  |  |  
 |     |  |  |           |  |  +- jtag_read            (see above)
 |     |  |  |           |  |     
 |     |  |  |           |  +- ARM_writeAPI        
 |     |  |  |           |  |  | 
 |     |  |  |           |  |  +- jtag_transition_shift (see above)
 |     |  |  |           |  |  |  
 |     |  |  |           |  |  +- jtag_write           (see above)
 |     |  |  |           |  |  |  
 |     |  |  |           |  |  +- jtag_read_write      (see above)
 |     |  |  |           |  |     
 |     |  |  |           |  +- jtag_set_hdr        
 |     |  |  |           |  |    
 |     |  |  |           |  +- jtag_set_hir        
 |     |  |  |           |  |    
 |     |  |  |           |  +- jtag_set_tdr        
 |     |  |  |           |  |    
 |     |  |  |           |  +- jtag_set_tir        
 |     |  |  |           |  |    
 |     |  |  |           |  +- _Search_Table_8_Offset (see above)
 |     |  |  |           |  |  
 |     |  |  |           |  +- jtag_read            (see above)
 |     |  |  |           |     
 |     |  |  |           +- memcpy               (see above)
 |     |  |  |              
 |     |  |  +- f_CMD_SET_VDD       
 |     |  |  |  | 
 |     |  |  |  +- bdm_setTargetVdd     (see above)
 |     |  |  |     
 |     |  |  +- f_CMD_DEBUG         
 |     |  |  |  | 
 |     |  |  |  +- _Jump_Table_Header_Offset (see above)
 |     |  |  |  |  
 |     |  |  |  +- bdm_acknInit         (see above)
 |     |  |  |  |  
 |     |  |  |  +- makeStatusWord      
 |     |  |  |  |  | 
 |     |  |  |  |  +- _Jump_Table_Header_Offset (see above)
 |     |  |  |  |     
 |     |  |  |  +- bdm_syncMeasure      (see above)
 |     |  |  |  |  
 |     |  |  |  +- bdm_checkTiming     
 |     |  |  |  |    
 |     |  |  |  +- bdmSetVpp            (see above)
 |     |  |  |  |  
 |     |  |  |  +- bdm_cycleTargetVdd   (see above)
 |     |  |  |  |  
 |     |  |  |  +- bdm_targetVddMeasure (see above)
 |     |  |  |  |  
 |     |  |  |  +- bdm_testTx          
 |     |  |  |     | 
 |     |  |  |     +- txConfiguration      (see above)
 |     |  |  |     |  
 |     |  |  |     +- bdm_tx_ptr           (see above)
 |     |  |  |     |  
 |     |  |  |     +- bdm_txPrepare        (see above)
 |     |  |  |     |  
 |     |  |  |     +- bdmHCS_interfaceIdle (see above)
 |     |  |  |     |  
 |     |  |  |     +- millisecondTimerWait (see above)
 |     |  |  |        
 |     |  |  +- f_CMD_GET_BDM_STATUS
 |     |  |  |  | 
 |     |  |  |  +- bdm_checkTargetVdd   (see above)
 |     |  |  |  |  
 |     |  |  |  +- makeStatusWord       (see above)
 |     |  |  |     
 |     |  |  +- f_CMD_GET_CAPABILITIES
 |     |  |  |    
 |     |  |  +- f_CMD_SET_OPTIONS   
 |     |  |  |  | 
 |     |  |  |  +- memcpy               (see above)
 |     |  |  |     
 |     |  |  +- f_CMD_ILLEGAL        (see above)
 |     |  |  |  
 |     |  |  +- f_CMD_CONTROL_PINS  
 |     |  |     | 
 |     |  |     +- getPinStatus        
 |     |  |     |    
 |     |  |     +- _Jump_Table_Header_Offset (see above)
 |     |  |     |  
 |     |  |     +- bdmHCS_interfaceIdle (see above)
 |     |  |     |  
 |     |  |     +- bdmcf_interfaceIdle  (see above)
 |     |  |     |  
 |     |  |     +- jtag_interfaceIdle   (see above)
 |     |  |     |  
 |     |  |     +- millisecondTimerWait (see above)
 |     |  |     |  
 |     |  |     +- _PUSH_CC            
 |     |  |     |    
 |     |  |     +- _POP_CC             
 |     |  |          
 |     |  +- optionalReconnect    (see above)
 |     |  |  
 |     |  +- bdmcf_complete_chk_rx (see above)
 |     |     
 |     +- sendUSBResponse     
 |        | 
 |        +- ep2StartInTransaction (see above)
 |           
 +- _Startup            
    | 
    +- Init                
    |  | 
    |  +- loadByte            
    |       
    +- main                 (see above)
       
 ICP_data            
 | 
 +- userDetectICP       
      
 forceICPVector      
 | 
 +- rebootToICP         
    | 
    +- icpReset            
         
 resetVector         
 | 
 +- myStartup           
    | 
    +- detectICP           
    |    
    +- flashInvalid        
    |  | 
    |  +- userVectorTable     
    |  |  | 
    |  |  +- _Startup             (see above)
    |  |  |  
    |  |  +- dummyISR            
    |  |  |    
    |  |  +- acmpHandler         
    |  |  |  | 
    |  |  |  +- bdm_targetVddSense  
    |  |  |     | 
    |  |  |     +- bdmHCS_powerOnReset 
    |  |  |     |  | 
    |  |  |     |  +- bdmHCS_interfaceIdle (see above)
    |  |  |     |  |  
    |  |  |     |  +- millisecondTimerWait (see above)
    |  |  |     |  |  
    |  |  |     |  +- bdm_targetVddMeasure (see above)
    |  |  |     |  |  
    |  |  |     |  +- fastTimerWait        (see above)
    |  |  |     |     
    |  |  |     +- bdmCF_powerOnReset  
    |  |  |     |  | 
    |  |  |     |  +- bdmcf_interfaceIdle  (see above)
    |  |  |     |  |  
    |  |  |     |  +- bdm_targetVddMeasure (see above)
    |  |  |     |  |  
    |  |  |     |  +- millisecondTimerWait (see above)
    |  |  |     |     
    |  |  |     +- bdm_checkTargetVdd   (see above)
    |  |  |        
    |  |  +- kbiHandler          
    |  |  |  | 
    |  |  |  +- bdm_resetSense      
    |  |  |       
    |  |  +- timerHandler        
    |  |  |  | 
    |  |  |  +- bdm_resetSense       (see above)
    |  |  |     
    |  |  +- USBInterruptHandler 
    |  |     | 
    |  |     +- handleTokenComplete 
    |  |     |  | 
    |  |     |  +- _Jump_Table_Header_Offset (see above)
    |  |     |  |  
    |  |     |  +- ep0HandleInToken    
    |  |     |  |  | 
    |  |     |  |  +- _Jump_Table_Header_Offset (see above)
    |  |     |  |  |  
    |  |     |  |  +- ep0InitialiseBDTIn  
    |  |     |  |     | 
    |  |     |  |     +- memcpy               (see above)
    |  |     |  |        
    |  |     |  +- handleSetupToken    
    |  |     |  |  | 
    |  |     |  |  +- _COPY                (see above)
    |  |     |  |  |  
    |  |     |  |  +- _Search_Table_8_Offset (see above)
    |  |     |  |  |  
    |  |     |  |  +- _Jump_Table_Header_Offset (see above)
    |  |     |  |  |  
    |  |     |  |  +- handleGetStatus     
    |  |     |  |  |  | 
    |  |     |  |  |  +- _Jump_Table_Header_Offset (see above)
    |  |     |  |  |  |  
    |  |     |  |  |  +- ep0StartInTransaction
    |  |     |  |  |  |  | 
    |  |     |  |  |  |  +- ep0InitialiseBDTIn   (see above)
    |  |     |  |  |  |     
    |  |     |  |  |  +- epStall             
    |  |     |  |  |       
    |  |     |  |  +- handleClearFeature  
    |  |     |  |  |  | 
    |  |     |  |  |  +- epClearStall         (see above)
    |  |     |  |  |  |  
    |  |     |  |  |  +- ep0StartInTransaction (see above)
    |  |     |  |  |  |  
    |  |     |  |  |  +- epStall              (see above)
    |  |     |  |  |     
    |  |     |  |  +- handleSetFeature    
    |  |     |  |  |  | 
    |  |     |  |  |  +- epStall              (see above)
    |  |     |  |  |  |  
    |  |     |  |  |  +- ep0StartInTransaction (see above)
    |  |     |  |  |     
    |  |     |  |  +- handleSetAddress    
    |  |     |  |  |  | 
    |  |     |  |  |  +- epStall              (see above)
    |  |     |  |  |  |  
    |  |     |  |  |  +- setAddressCallback  
    |  |     |  |  |  |  | 
    |  |     |  |  |  |  +- setUSBaddressedState
    |  |     |  |  |  |  |  | 
    |  |     |  |  |  |  |  +- setUSBdefaultState   (see above)
    |  |     |  |  |  |  |     
    |  |     |  |  |  |  +- setUSBdefaultState   (see above)
    |  |     |  |  |  |     
    |  |     |  |  |  +- ep0StartInTransaction (see above)
    |  |     |  |  |     
    |  |     |  |  +- handleGetDescriptor 
    |  |     |  |  |  | 
    |  |     |  |  |  +- _Jump_Table_Offset   (see above)
    |  |     |  |  |  |  
    |  |     |  |  |  +- epStall              (see above)
    |  |     |  |  |  |  
    |  |     |  |  |  +- stringDescriptors   
    |  |     |  |  |  |  | 
    |  |     |  |  |  |  +* ICP_data             (see above)
    |  |     |  |  |  |     
    |  |     |  |  |  +- utf8ToStringDescriptor
    |  |     |  |  |  |  | 
    |  |     |  |  |  |  +- _ILSL               
    |  |     |  |  |  |       
    |  |     |  |  |  +- ep0StartInTransaction (see above)
    |  |     |  |  |     
    |  |     |  |  +- handleGetConfiguration
    |  |     |  |  |  | 
    |  |     |  |  |  +- ep0StartInTransaction (see above)
    |  |     |  |  |     
    |  |     |  |  +- handleSetConfiguration
    |  |     |  |  |  | 
    |  |     |  |  |  +- epStall              (see above)
    |  |     |  |  |  |  
    |  |     |  |  |  +- setUSBconfiguredState
    |  |     |  |  |  |  | 
    |  |     |  |  |  |  +- setUSBaddressedState (see above)
    |  |     |  |  |  |     
    |  |     |  |  |  +- ep1InitialiseBDTOut  (see above)
    |  |     |  |  |  |  
    |  |     |  |  |  +- ep0StartInTransaction (see above)
    |  |     |  |  |     
    |  |     |  |  +- handleGetInterface  
    |  |     |  |  |  | 
    |  |     |  |  |  +- epStall              (see above)
    |  |     |  |  |  |  
    |  |     |  |  |  +- ep0StartInTransaction (see above)
    |  |     |  |  |     
    |  |     |  |  +- resetDeviceCallback 
    |  |     |  |  |    
    |  |     |  |  +- ep0StartInTransaction (see above)
    |  |     |  |  |  
    |  |     |  |  +- handleUnexpected    
    |  |     |  |  |  | 
    |  |     |  |  |  +- epStall              (see above)
    |  |     |  |  |     
    |  |     |  |  +- ep0EnsureReadyForSetupTransaction
    |  |     |  |     | 
    |  |     |  |     +- ep0ConfigureSetupTransaction (see above)
    |  |     |  |        
    |  |     |  +- ep0HandleOutToken   
    |  |     |  |  | 
    |  |     |  |  +- ep0SaveOutData      
    |  |     |  |  |  | 
    |  |     |  |  |  +- memcpy               (see above)
    |  |     |  |  |     
    |  |     |  |  +- ep0StartInTransaction (see above)
    |  |     |  |  |  
    |  |     |  |  +- ep0InitialiseBDTOut  (see above)
    |  |     |  |  |  
    |  |     |  |  +- ep0EnsureReadyForSetupTransaction (see above)
    |  |     |  |     
    |  |     |  +- ep1HandleOutToken   
    |  |     |  |  | 
    |  |     |  |  +- ep1SaveOutData      
    |  |     |  |  |  | 
    |  |     |  |  |  +- memcpy               (see above)
    |  |     |  |  |     
    |  |     |  |  +- ep1InitialiseBDTOut  (see above)
    |  |     |  |     
    |  |     |  +- ep2HandleInToken    
    |  |     |     | 
    |  |     |     +- ep2InitialiseBDTIn   (see above)
    |  |     |     |  
    |  |     |     +- ep2StartInTransaction (see above)
    |  |     |        
    |  |     +- handleUSBResume     
    |  |     |  | 
    |  |     |  +- ep0ConfigureSetupTransaction (see above)
    |  |     |     
    |  |     +- handleUSBReset       (see above)
    |  |     |  
    |  |     +- ep0HandleStallComplete
    |  |     |  | 
    |  |     |  +- epClearStall         (see above)
    |  |     |  |  
    |  |     |  +- ep0ConfigureSetupTransaction (see above)
    |  |     |     
    |  |     +- handleSOFToken      
    |  |     |  | 
    |  |     |  +- _Jump_Table_Header_Offset (see above)
    |  |     |     
    |  |     +- handleUSBSuspend    
    |  |        | 
    |  |        +- bdm_suspend         
    |  |           | 
    |  |           +- bdmSetVpp            (see above)
    |  |           |  
    |  |           +- bdmCF_suspend       
    |  |           |  | 
    |  |           |  +- bdmcf_interfaceIdle  (see above)
    |  |           |     
    |  |           +- bdmHCS_suspend      
    |  |              | 
    |  |              +- bdmHCS_off          
    |  |                 | 
    |  |                 +- bdmSetVpp            (see above)
    |  |                 |  
    |  |                 +- bdmHCS_interfaceIdle (see above)
    |  |                    
    |  +* ICP_data             (see above)
    |     
    +- _userDetectICP      
    |  | 
    |  +* ICP_data             (see above)
    |     
    +- initICP_USB         
    |  | 
    |  +- autoInitClock       
    |  |  | 
    |  |  +- initCrystalClock    
    |  |       
    |  +- handleUSBReset      
    |     | 
    |     +- ep0StartSetupTransaction
    |        | 
    |        +- ep0StartOutTransaction
    |             
    +- USBEventPollingLoop 
    |  | 
    |  +- handleTokenComplete 
    |  |  | 
    |  |  +- handleEp0InToken    
    |  |  |    
    |  |  +- handleSetupToken    
    |  |  |  | 
    |  |  |  +- myMemcpy            
    |  |  |  |    
    |  |  |  +- ep0StartSetupTransaction (see above)
    |  |  |  |  
    |  |  |  +- ep0StartOutTransaction (see above)
    |  |  |  |  
    |  |  |  +- programRowCommand   
    |  |  |  |  | 
    |  |  |  |  +- doOnStack           
    |  |  |  |     | 
    |  |  |  |     +- onStack             
    |  |  |  |          
    |  |  |  +- verifyRowCommand    
    |  |  |  |    
    |  |  |  +- erasePageCommand    
    |  |  |  |  | 
    |  |  |  |  +- doOnStack            (see above)
    |  |  |  |     
    |  |  |  +- icpReset             (see above)
    |  |  |  |  
    |  |  |  +- handleGetDescriptor 
    |  |  |  |  | 
    |  |  |  |  +- ep0StartInTransaction
    |  |  |  |     | 
    |  |  |  |     +- myMemcpy             (see above)
    |  |  |  |        
    |  |  |  +- setAddressCallback  
    |  |  |  |    
    |  |  |  +- ep0StartInTransaction (see above)
    |  |  |  |  
    |  |  |  +- ep0StartStatusInTransaction
    |  |  |     | 
    |  |  |     +- ep0StartInTransaction (see above)
    |  |  |        
    |  |  +- handleEp0OutToken   
    |  |     | 
    |  |     +- myMemcpy             (see above)
    |  |     |  
    |  |     +- ep0StartSetupTransaction (see above)
    |  |     |  
    |  |     +- ep0StartStatusInTransaction (see above)
    |  |        
    |  +- handleUSBReset       (see above)
    |  |  
    |  +- ep0StartSetupTransaction (see above)
    |     
    +- userVectorTable      (see above)
       
*********************************************************************************************
STATISTIC SECTION
---------------------------------------------------------------------------------------------

ExeFile:
--------
Number of blocks to be downloaded: 17
Total size of all blocks to be downloaded: 32744

